Component: ARM Compiler 5.06 update 6 (build 750) Tool: armlink [4d35ed]

==============================================================================

Section Cross References

    startup.o(RESET) refers to startup.o(STACK) for StackMem
    startup.o(RESET) refers to osasm.o(.text) for SVC_Handler
    startup.o(RESET) refers to systick.o(.text) for SysTick_Handler
    startup.o(RESET) refers to uart0int.o(i.UART0_Handler) for UART0_Handler
    startup.o(RESET) refers to adct0atrigger.o(i.ADC0Seq0_Handler) for ADC0Seq0_Handler
    startup.o(RESET) refers to adct0atrigger.o(i.ADC0Seq3_Handler) for ADC0Seq3_Handler
    startup.o(RESET) refers to timer0a.o(i.Timer0A_Handler) for Timer0A_Handler
    startup.o(RESET) refers to timer1a.o(i.Timer1A_Handler) for Timer1A_Handler
    startup.o(RESET) refers to timer2a.o(i.Timer2A_Handler) for Timer2A_Handler
    startup.o(RESET) refers to os.o(i.GPIOPortF_Handler) for GPIOPortF_Handler
    startup.o(RESET) refers to timer3a.o(i.Timer3A_Handler) for Timer3A_Handler
    startup.o(RESET) refers to esp8266.o(i.UART5_Handler) for UART5_Handler
    startup.o(RESET) refers to timer4a.o(i.Timer4A_Handler) for Timer4A_Handler
    startup.o(RESET) refers to timer5a.o(i.Timer5A_Handler) for Timer5A_Handler
    startup.o(RESET) refers to wtimer0a.o(i.WideTimer0A_Handler) for WideTimer0A_Handler
    startup.o(RESET) refers to entry.o(.ARM.Collect$$$$00000000) for __main
    launchpad.o(i.LaunchPad_WaitForRelease) refers to launchpad.o(i.DelayMs) for DelayMs
    launchpad.o(i.LaunchPad_WaitForTouch) refers to launchpad.o(i.DelayMs) for DelayMs
    lab5.o(i.ButtonWork) refers to os.o(i.OS_Id) for OS_Id
    lab5.o(i.ButtonWork) refers to heap.o(i.Heap_Stats) for Heap_Stats
    lab5.o(i.ButtonWork) refers to os.o(i.OS_Kill) for OS_Kill
    lab5.o(i.ButtonWork) refers to st7735.o(i.ST7735_Message) for ST7735_Message
    lab5.o(i.Idle) refers to lab5.o(i.PortD_Init) for PortD_Init
    lab5.o(i.Idle) refers to startup.o(.text) for WaitForInterrupt
    lab5.o(i.Idle) refers to lab5.o(.data) for IdleCount
    lab5.o(i.SW1Push) refers to os.o(i.OS_MsTime) for OS_MsTime
    lab5.o(i.SW1Push) refers to os.o(i.OS_AddThread) for OS_AddThread
    lab5.o(i.SW1Push) refers to os.o(i.OS_ClearMsTime) for OS_ClearMsTime
    lab5.o(i.SW1Push) refers to lab5.o(i.ButtonWork) for ButtonWork
    lab5.o(i.SW1Push) refers to lab5.o(.data) for NumCreated
    lab5.o(i.SW2Push) refers to os.o(i.OS_MsTime) for OS_MsTime
    lab5.o(i.SW2Push) refers to os.o(i.OS_AddThread) for OS_AddThread
    lab5.o(i.SW2Push) refers to os.o(i.OS_ClearMsTime) for OS_ClearMsTime
    lab5.o(i.SW2Push) refers to lab5.o(i.ButtonWork) for ButtonWork
    lab5.o(i.SW2Push) refers to lab5.o(.data) for NumCreated
    lab5.o(i.main) refers to lab5.o(i.realmain) for realmain
    lab5.o(i.realmain) refers to os.o(i.OS_Init) for OS_Init
    lab5.o(i.realmain) refers to lab5.o(i.PortD_Init) for PortD_Init
    lab5.o(i.realmain) refers to pll.o(i.PLL_Init) for PLL_Init
    lab5.o(i.realmain) refers to adc.o(i.ADC_Init) for ADC_Init
    lab5.o(i.realmain) refers to uart0int.o(i.UART_Init) for UART_Init
    lab5.o(i.realmain) refers to launchpad.o(i.LaunchPad_Init) for LaunchPad_Init
    lab5.o(i.realmain) refers to heap.o(i.Heap_Init) for Heap_Init
    lab5.o(i.realmain) refers to datacollectors.o(i.DataCollector_Init) for DataCollector_Init
    lab5.o(i.realmain) refers to os.o(i.OS_AddPeriodicThread) for OS_AddPeriodicThread
    lab5.o(i.realmain) refers to os.o(i.OS_AddSW1Task) for OS_AddSW1Task
    lab5.o(i.realmain) refers to os.o(i.OS_AddSW2Task) for OS_AddSW2Task
    lab5.o(i.realmain) refers to os.o(i.OS_AddThread) for OS_AddThread
    lab5.o(i.realmain) refers to os.o(i.OS_Launch) for OS_Launch
    lab5.o(i.realmain) refers to os.o(.data) for MaxJitter
    lab5.o(i.realmain) refers to datacollectors.o(i.MicSampler) for MicSampler
    lab5.o(i.realmain) refers to datacollectors.o(i.HSRSampler) for HSRSampler
    lab5.o(i.realmain) refers to datacollectors.o(i.GSRSampler) for GSRSampler
    lab5.o(i.realmain) refers to lab5.o(i.SW1Push) for SW1Push
    lab5.o(i.realmain) refers to lab5.o(i.SW2Push) for SW2Push
    lab5.o(i.realmain) refers to lab5.o(.data) for NumCreated
    lab5.o(i.realmain) refers to interpreter.o(i.Interpreter) for Interpreter
    lab5.o(i.realmain) refers to lab5.o(i.Idle) for Idle
    lab5.o(i.realmain) refers to datacollectors.o(i.MicThread) for MicThread
    lab5.o(i.realmain) refers to datacollectors.o(i.GraphThread) for GraphThread
    lab5.o(i.realmain) refers to datacollectors.o(i.HSRThread) for HSRThread
    lab5.o(i.realmain) refers to datacollectors.o(i.GSRThread) for GSRThread
    os.o(i.Capture_dis_start) refers to os.o(i.OS_Time) for OS_Time
    os.o(i.Capture_dis_start) refers to os.o(.data) for Start_disable_flag
    os.o(i.Capture_dis_stop) refers to os.o(i.OS_Time) for OS_Time
    os.o(i.Capture_dis_stop) refers to os.o(i.OS_TimeDifference) for OS_TimeDifference
[...]
    relocateSection                          0x000066a5   Thumb Code    66  loader.o(i.relocateSection)
    i.relocateSections                       0x00006728   Section        0  loader.o(i.relocateSections)
    relocateSections                         0x00006729   Thumb Code    48  loader.o(i.relocateSections)
    i.relocateSymbol                         0x00006770   Section        0  loader.o(i.relocateSymbol)
    relocateSymbol                           0x00006771   Thumb Code    56  loader.o(i.relocateSymbol)
    i.remove_chain                           0x000067a8   Section        0  ff.o(i.remove_chain)
    remove_chain                             0x000067a9   Thumb Code   108  ff.o(i.remove_chain)
    i.sectionOf                              0x00006814   Section        0  loader.o(i.sectionOf)
    sectionOf                                0x00006815   Thumb Code    70  loader.o(i.sectionOf)
    i.select                                 0x0000685c   Section        0  edisk.o(i.select)
    select                                   0x0000685d   Thumb Code    44  edisk.o(i.select)
    i.send_cmd                               0x0000688c   Section        0  edisk.o(i.send_cmd)
    send_cmd                                 0x0000688d   Thumb Code   150  edisk.o(i.send_cmd)
    i.setAddrWindow                          0x00006924   Section        0  st7735.o(i.setAddrWindow)
    setAddrWindow                            0x00006925   Thumb Code   106  st7735.o(i.setAddrWindow)
    i.split                                  0x00006998   Section        0  interpreter.o(i.split)
    i.splitAndMarkBlockUsed                  0x000069de   Section        0  heap.o(i.splitAndMarkBlockUsed)
    splitAndMarkBlockUsed                    0x000069df   Thumb Code    76  heap.o(i.splitAndMarkBlockUsed)
    i.st_clust                               0x00006a2a   Section        0  ff.o(i.st_clust)
    st_clust                                 0x00006a2b   Thumb Code    16  ff.o(i.st_clust)
    i.stack_init                             0x00006a3c   Section        0  os.o(i.stack_init)
    i.strCmp                                 0x00006bfc   Section        0  interpreter.o(i.strCmp)
    i.string_to_int                          0x00006c2c   Section        0  interpreter.o(i.string_to_int)
    i.sync_fs                                0x00006c38   Section        0  ff.o(i.sync_fs)
    sync_fs                                  0x00006c39   Thumb Code   200  ff.o(i.sync_fs)
    i.sync_window                            0x00006d00   Section        0  ff.o(i.sync_window)
    sync_window                              0x00006d01   Thumb Code    82  ff.o(i.sync_window)
    i.validate                               0x00006d52   Section        0  ff.o(i.validate)
    validate                                 0x00006d53   Thumb Code    54  ff.o(i.validate)
    i.wait_ready                             0x00006d88   Section        0  edisk.o(i.wait_ready)
    wait_ready                               0x00006d89   Thumb Code    42  edisk.o(i.wait_ready)
    i.writecommand                           0x00006db8   Section        0  st7735.o(i.writecommand)
    writecommand                             0x00006db9   Thumb Code    68  st7735.o(i.writecommand)
    i.writedata                              0x00006e08   Section        0  st7735.o(i.writedata)
    writedata                                0x00006e09   Thumb Code    70  st7735.o(i.writedata)
    i.xchg_spi                               0x00006e5c   Section        0  edisk.o(i.xchg_spi)
    xchg_spi                                 0x00006e5d   Thumb Code    50  edisk.o(i.xchg_spi)
    i.xmit_datablock                         0x00006e94   Section        0  edisk.o(i.xmit_datablock)
    xmit_datablock                           0x00006e95   Thumb Code    76  edisk.o(i.xmit_datablock)
    i.xmit_spi_multi                         0x00006ee0   Section        0  edisk.o(i.xmit_spi_multi)
    xmit_spi_multi                           0x00006ee1   Thumb Code    42  edisk.o(i.xmit_spi_multi)
    .constdata                               0x00006f10   Section        4  os.o(.constdata)
    .constdata                               0x00006f14   Section     2114  st7735.o(.constdata)
    Font                                     0x00006f14   Data        1275  st7735.o(.constdata)
    Bcmd                                     0x0000740f   Data         103  st7735.o(.constdata)
    Rcmd1                                    0x00007476   Data          59  st7735.o(.constdata)
    Rcmd2green                               0x000074b1   Data          13  st7735.o(.constdata)
    Rcmd2red                                 0x000074be   Data          13  st7735.o(.constdata)
    Rcmd3                                    0x000074cb   Data          43  st7735.o(.constdata)
    .constdata                               0x00007758   Section       16  interpreter.o(.constdata)
    symtab                                   0x00007758   Data           8  interpreter.o(.constdata)
    .constdata                               0x00007768   Section       44  ff.o(.constdata)
    vst                                      0x00007768   Data          22  ff.o(.constdata)
    cst                                      0x0000777e   Data          22  ff.o(.constdata)
    .constdata                               0x00007794   Section       69  loader.o(.constdata)
    .constdata                               0x000077d9   Section      129  ctype_o.o(.constdata)
    .constdata                               0x0000785c   Section        4  ctype_o.o(.constdata)
    table                                    0x0000785c   Data           4  ctype_o.o(.constdata)
    .conststring                             0x00007860   Section       15  interpreter.o(.conststring)
    .data                                    0x20000000   Section       16  lab5.o(.data)
    .data                                    0x20000010   Section       64  os.o(.data)
    .data                                    0x20000050   Section       52  st7735.o(.data)
    ColStart                                 0x2000005a   Data           1  st7735.o(.data)
    RowStart                                 0x2000005b   Data           1  st7735.o(.data)
    Rotation                                 0x2000005c   Data           1  st7735.o(.data)
    TabColor                                 0x2000005d   Data           1  st7735.o(.data)
    _width                                   0x2000005e   Data           2  st7735.o(.data)
    _height                                  0x20000060   Data           2  st7735.o(.data)
    .data                                    0x20000084   Section       16  uart0int.o(.data)
    .data                                    0x20000094   Section       13  edisk.o(.data)
    Stat                                     0x20000094   Data           1  edisk.o(.data)
    Timer1                                   0x20000098   Data           4  edisk.o(.data)
    Timer2                                   0x2000009c   Data           4  edisk.o(.data)
    CardType                                 0x200000a0   Data           1  edisk.o(.data)
    .data                                    0x200000a4   Section        6  ff.o(.data)
    FatFs                                    0x200000a4   Data           4  ff.o(.data)
    Fsid                                     0x200000a8   Data           2  ff.o(.data)
    .data                                    0x200000ac   Section        8  adct0atrigger.o(.data)
    .data                                    0x200000b4   Section      156  lpf.o(.data)
    n                                        0x2000014c   Data           4  lpf.o(.data)
    .data                                    0x20000150   Section        4  wtimer0a.o(.data)
    .data                                    0x20000154   Section        4  timer0a.o(.data)
    .data                                    0x20000158   Section        4  timer1a.o(.data)
    .data                                    0x2000015c   Section        4  timer2a.o(.data)
    .data                                    0x20000160   Section        4  timer3a.o(.data)
    .data                                    0x20000164   Section        4  timer4a.o(.data)
    .data                                    0x20000168   Section        4  timer5a.o(.data)
    .data                                    0x2000016c   Section       84  datacollectors.o(.data)
    .data                                    0x200001c0   Section      148  esp8266.o(.data)
    .data                                    0x20000254   Section        4  errno.o(.data)
    _errno                                   0x20000254   Data           4  errno.o(.data)
    DATA                                     0x20000258   Section        4  systick.o(DATA)
    .bss                                     0x2000025c   Section    19324  os.o(.bss)
    Queue_Fifo                               0x20003e24   Data        4000  os.o(.bss)
    OS_MailBox                               0x20004dc4   Data          20  os.o(.bss)
    .bss                                     0x20004dd8   Section     2048  uart0int.o(.bss)
    RxFifo                                   0x20004dd8   Data        1024  uart0int.o(.bss)
    TxFifo                                   0x200051d8   Data        1024  uart0int.o(.bss)
    .bss                                     0x200055d8   Section     1164  efile.o(.bss)
    g_sFatFs                                 0x200055d8   Data         564  efile.o(.bss)
    d                                        0x2000580c   Data          28  efile.o(.bss)
    f                                        0x20005828   Data         548  efile.o(.bss)
    fi                                       0x20005a4c   Data          24  efile.o(.bss)
    .bss                                     0x20005a64   Section      496  lpf.o(.bss)
    x                                        0x20005c24   Data          24  lpf.o(.bss)
    y                                        0x20005c3c   Data          24  lpf.o(.bss)
    .bss                                     0x20005c54   Section     2048  heap.o(.bss)
    Heap                                     0x20005c54   Data        2048  heap.o(.bss)
    .bss                                     0x20006454   Section      672  loader.o(.bss)
    fd                                       0x20006454   Data         548  loader.o(.bss)
    exec                                     0x20006678   Data         124  loader.o(.bss)
    .bss                                     0x200066f4   Section      912  datacollectors.o(.bss)
    MicFifo                                  0x200066f4   Data         200  datacollectors.o(.bss)
    HRSFifo                                  0x200067bc   Data         128  datacollectors.o(.bss)
    GRSFifo                                  0x2000683c   Data         128  datacollectors.o(.bss)
    Mic_ProxyFifo                            0x200068bc   Data         200  datacollectors.o(.bss)
    HRS_ProxyFifo                            0x20006984   Data         128  datacollectors.o(.bss)
    GRS_ProxyFifo                            0x20006a04   Data         128  datacollectors.o(.bss)
    .bss                                     0x20006a84   Section      832  esp8266.o(.bss)
    Tx5Fifo                                  0x20006cc4   Data         256  esp8266.o(.bss)
    STACK                                    0x20006dc8   Section     1024  startup.o(STACK)
    StackMem                                 0x20006dc8   Data           0  startup.o(STACK)

    Global Symbols

    Symbol Name                              Value     Ov Type        Size  Object(Section)

    BuildAttributes$$THM_ISAv4$E$P$D$K$B$S$7EM$PE$A:L22UL41UL21$X:L11$S22US41US21$IEEE1$IW$USESV6$~STKCKD$USESV7$~SHL$OSPACE$ROPI$EBA8$MICROLIB$REQ8$PRES8$EABIv2 0x00000000   Number         0  anon$$obj.o ABSOLUTE
    __ARM_use_no_argv                        0x00000000   Number         0  lab5.o ABSOLUTE
    __Vectors                                0x00000000   Data           0  startup.o(RESET)
    _printf_a                                0x00000000   Number         0  stubs.o ABSOLUTE
    _printf_c                                0x00000000   Number         0  stubs.o ABSOLUTE
    _printf_charcount                        0x00000000   Number         0  stubs.o ABSOLUTE
    _printf_d                                0x00000000   Number         0  stubs.o ABSOLUTE
    _printf_e                                0x00000000   Number         0  stubs.o ABSOLUTE
    _printf_f                                0x00000000   Number         0  stubs.o ABSOLUTE
    _printf_flags                            0x00000000   Number         0  stubs.o ABSOLUTE
    _printf_fp_dec                           0x00000000   Number         0  stubs.o ABSOLUTE
    _printf_fp_hex                           0x00000000   Number         0  stubs.o ABSOLUTE
    _printf_g                                0x00000000   Number         0  stubs.o ABSOLUTE
    _printf_i                                0x00000000   Number         0  stubs.o ABSOLUTE
    _printf_int_dec                          0x00000000   Number         0  stubs.o ABSOLUTE
    _printf_l                                0x00000000   Number         0  stubs.o ABSOLUTE
    _printf_lc                               0x00000000   Number         0  stubs.o ABSOLUTE
    _printf_ll                               0x00000000   Number         0  stubs.o ABSOLUTE
    _printf_lld                              0x00000000   Number         0  stubs.o ABSOLUTE
    _printf_lli                              0x00000000   Number         0  stubs.o ABSOLUTE
    _printf_llo                              0x00000000   Number         0  stubs.o ABSOLUTE
    _printf_llu                              0x00000000   Number         0  stubs.o ABSOLUTE
    _printf_llx                              0x00000000   Number         0  stubs.o ABSOLUTE
    _printf_longlong_dec                     0x00000000   Number         0  stubs.o ABSOLUTE
    _printf_longlong_hex                     0x00000000   Number         0  stubs.o ABSOLUTE
    _printf_longlong_oct                     0x00000000   Number         0  stubs.o ABSOLUTE
    _printf_ls                               0x00000000   Number         0  stubs.o ABSOLUTE
    _printf_mbtowc                           0x00000000   Number         0  stubs.o ABSOLUTE
    _printf_n                                0x00000000   Number         0  stubs.o ABSOLUTE
    _printf_o                                0x00000000   Number         0  stubs.o ABSOLUTE
    _printf_p                                0x00000000   Number         0  stubs.o ABSOLUTE
    _printf_percent                          0x00000000   Number         0  stubs.o ABSOLUTE
    _printf_pre_padding                      0x00000000   Number         0  stubs.o ABSOLUTE
    _printf_return_value                     0x00000000   Number         0  stubs.o ABSOLUTE
    _printf_s                                0x00000000   Number         0  stubs.o ABSOLUTE
    _printf_sizespec                         0x00000000   Number         0  stubs.o ABSOLUTE
    _printf_str                              0x00000000   Number         0  stubs.o ABSOLUTE
    _printf_truncate_signed                  0x00000000   Number         0  stubs.o ABSOLUTE
    _printf_truncate_unsigned                0x00000000   Number         0  stubs.o ABSOLUTE
    _printf_u                                0x00000000   Number         0  stubs.o ABSOLUTE
    _printf_wc                               0x00000000   Number         0  stubs.o ABSOLUTE
    _printf_wctomb                           0x00000000   Number         0  stubs.o ABSOLUTE
    _printf_widthprec                        0x00000000   Number         0  stubs.o ABSOLUTE
    _printf_x                                0x00000000   Number         0  stubs.o ABSOLUTE
    __cpp_initialize__aeabi_                  - Undefined Weak Reference
    __cxa_finalize                            - Undefined Weak Reference
    _clock_init                               - Undefined Weak Reference
    _microlib_exit                            - Undefined Weak Reference
    Reset_Handler                            0x0000026d   Thumb Code     0  startup.o(RESET)
    NMI_Handler                              0x00000271   Thumb Code     2  startup.o(RESET)
    HardFault_Handler                        0x00000273   Thumb Code     2  startup.o(RESET)
    MemManage_Handler                        0x00000275   Thumb Code     2  startup.o(RESET)
    BusFault_Handler                         0x00000277   Thumb Code     2  startup.o(RESET)
    UsageFault_Handler                       0x00000279   Thumb Code     2  startup.o(RESET)
    DebugMon_Handler                         0x0000027d   Thumb Code     2  startup.o(RESET)
    ADC0Seq1_Handler                         0x00000283   Thumb Code     0  startup.o(RESET)
    ADC0Seq2_Handler                         0x00000283   Thumb Code     0  startup.o(RESET)
    ADC1Seq0_Handler                         0x00000283   Thumb Code     0  startup.o(RESET)
    ADC1Seq1_Handler                         0x00000283   Thumb Code     0  startup.o(RESET)
    ADC1Seq2_Handler                         0x00000283   Thumb Code     0  startup.o(RESET)
    ADC1Seq3_Handler                         0x00000283   Thumb Code     0  startup.o(RESET)
    CAN0_Handler                             0x00000283   Thumb Code     0  startup.o(RESET)
    CAN1_Handler                             0x00000283   Thumb Code     0  startup.o(RESET)
    CAN2_Handler                             0x00000283   Thumb Code     0  startup.o(RESET)
    Comp0_Handler                            0x00000283   Thumb Code     0  startup.o(RESET)
    Comp1_Handler                            0x00000283   Thumb Code     0  startup.o(RESET)
    Comp2_Handler                            0x00000283   Thumb Code     0  startup.o(RESET)
    Ethernet_Handler                         0x00000283   Thumb Code     0  startup.o(RESET)
    ExtBus_Handler                           0x00000283   Thumb Code     0  startup.o(RESET)
    FPU_Handler                              0x00000283   Thumb Code     0  startup.o(RESET)
    Fan0_Handler                             0x00000283   Thumb Code     0  startup.o(RESET)
    FlashCtl_Handler                         0x00000283   Thumb Code     0  startup.o(RESET)
    GPIOPortA_Handler                        0x00000283   Thumb Code     0  startup.o(RESET)
    GPIOPortB_Handler                        0x00000283   Thumb Code     0  startup.o(RESET)
    GPIOPortC_Handler                        0x00000283   Thumb Code     0  startup.o(RESET)
    GPIOPortD_Handler                        0x00000283   Thumb Code     0  startup.o(RESET)
    GPIOPortE_Handler                        0x00000283   Thumb Code     0  startup.o(RESET)
    GPIOPortG_Handler                        0x00000283   Thumb Code     0  startup.o(RESET)
    GPIOPortH_Handler                        0x00000283   Thumb Code     0  startup.o(RESET)
    GPIOPortJ_Handler                        0x00000283   Thumb Code     0  startup.o(RESET)
    GPIOPortK_Handler                        0x00000283   Thumb Code     0  startup.o(RESET)
    GPIOPortL_Handler                        0x00000283   Thumb Code     0  startup.o(RESET)
    GPIOPortM_Handler                        0x00000283   Thumb Code     0  startup.o(RESET)
    GPIOPortN_Handler                        0x00000283   Thumb Code     0  startup.o(RESET)
    GPIOPortP1_Handler                       0x00000283   Thumb Code     0  startup.o(RESET)
    GPIOPortP2_Handler                       0x00000283   Thumb Code     0  startup.o(RESET)
    GPIOPortP3_Handler                       0x00000283   Thumb Code     0  startup.o(RESET)
    GPIOPortP4_Handler                       0x00000283   Thumb Code     0  startup.o(RESET)
    GPIOPortP5_Handler                       0x00000283   Thumb Code     0  startup.o(RESET)
    GPIOPortP6_Handler                       0x00000283   Thumb Code     0  startup.o(RESET)
    GPIOPortP7_Handler                       0x00000283   Thumb Code     0  startup.o(RESET)
    GPIOPortP_Handler                        0x00000283   Thumb Code     0  startup.o(RESET)
    GPIOPortQ1_Handler                       0x00000283   Thumb Code     0  startup.o(RESET)
    GPIOPortQ2_Handler                       0x00000283   Thumb Code     0  startup.o(RESET)
    GPIOPortQ3_Handler                       0x00000283   Thumb Code     0  startup.o(RESET)
    GPIOPortQ4_Handler                       0x00000283   Thumb Code     0  startup.o(RESET)
    GPIOPortQ5_Handler                       0x00000283   Thumb Code     0  startup.o(RESET)
    GPIOPortQ6_Handler                       0x00000283   Thumb Code     0  startup.o(RESET)
    GPIOPortQ7_Handler                       0x00000283   Thumb Code     0  startup.o(RESET)
    GPIOPortQ_Handler                        0x00000283   Thumb Code     0  startup.o(RESET)
    GPIOPortR_Handler                        0x00000283   Thumb Code     0  startup.o(RESET)
    GPIOPortS_Handler                        0x00000283   Thumb Code     0  startup.o(RESET)
    Hibernate_Handler                        0x00000283   Thumb Code     0  startup.o(RESET)
    I2C0_Handler                             0x00000283   Thumb Code     0  startup.o(RESET)
    I2C1_Handler                             0x00000283   Thumb Code     0  startup.o(RESET)
    I2C2_Handler                             0x00000283   Thumb Code     0  startup.o(RESET)
    I2C3_Handler                             0x00000283   Thumb Code     0  startup.o(RESET)
    I2C4_Handler                             0x00000283   Thumb Code     0  startup.o(RESET)
    I2C5_Handler                             0x00000283   Thumb Code     0  startup.o(RESET)
    I2S0_Handler                             0x00000283   Thumb Code     0  startup.o(RESET)
    LPC0_Handler                             0x00000283   Thumb Code     0  startup.o(RESET)
    PECI0_Handler                            0x00000283   Thumb Code     0  startup.o(RESET)
    PWM0Fault_Handler                        0x00000283   Thumb Code     0  startup.o(RESET)
    PWM0Generator0_Handler                   0x00000283   Thumb Code     0  startup.o(RESET)
    PWM0Generator1_Handler                   0x00000283   Thumb Code     0  startup.o(RESET)
    PWM0Generator2_Handler                   0x00000283   Thumb Code     0  startup.o(RESET)
    PWM0Generator3_Handler                   0x00000283   Thumb Code     0  startup.o(RESET)
    PWM1Fault_Handler                        0x00000283   Thumb Code     0  startup.o(RESET)
    PWM1Generator0_Handler                   0x00000283   Thumb Code     0  startup.o(RESET)
    PWM1Generator1_Handler                   0x00000283   Thumb Code     0  startup.o(RESET)
    PWM1Generator2_Handler                   0x00000283   Thumb Code     0  startup.o(RESET)
    PWM1Generator3_Handler                   0x00000283   Thumb Code     0  startup.o(RESET)
    Quadrature0_Handler                      0x00000283   Thumb Code     0  startup.o(RESET)
    Quadrature1_Handler                      0x00000283   Thumb Code     0  startup.o(RESET)
    Quadrature2_Handler                      0x00000283   Thumb Code     0  startup.o(RESET)
    SSI0_Handler                             0x00000283   Thumb Code     0  startup.o(RESET)
    SSI1_Handler                             0x00000283   Thumb Code     0  startup.o(RESET)
    SSI2_Handler                             0x00000283   Thumb Code     0  startup.o(RESET)
    SSI3_Handler                             0x00000283   Thumb Code     0  startup.o(RESET)
    SysCtl_Handler                           0x00000283   Thumb Code     0  startup.o(RESET)
    Timer0B_Handler                          0x00000283   Thumb Code     0  startup.o(RESET)
    Timer1B_Handler                          0x00000283   Thumb Code     0  startup.o(RESET)
    Timer2B_Handler                          0x00000283   Thumb Code     0  startup.o(RESET)
    Timer3B_Handler                          0x00000283   Thumb Code     0  startup.o(RESET)
    Timer4B_Handler                          0x00000283   Thumb Code     0  startup.o(RESET)
    Timer5B_Handler                          0x00000283   Thumb Code     0  startup.o(RESET)
    UART1_Handler                            0x00000283   Thumb Code     0  startup.o(RESET)
    UART2_Handler                            0x00000283   Thumb Code     0  startup.o(RESET)
    UART3_Handler                            0x00000283   Thumb Code     0  startup.o(RESET)
    UART4_Handler                            0x00000283   Thumb Code     0  startup.o(RESET)
    UART6_Handler                            0x00000283   Thumb Code     0  startup.o(RESET)
    UART7_Handler                            0x00000283   Thumb Code     0  startup.o(RESET)
    USB0_Handler                             0x00000283   Thumb Code     0  startup.o(RESET)
    WDT_Handler                              0x00000283   Thumb Code     0  startup.o(RESET)
    WideTimer0B_Handler                      0x00000283   Thumb Code     0  startup.o(RESET)
    WideTimer1A_Handler                      0x00000283   Thumb Code     0  startup.o(RESET)
    WideTimer1B_Handler                      0x00000283   Thumb Code     0  startup.o(RESET)
    WideTimer2A_Handler                      0x00000283   Thumb Code     0  startup.o(RESET)
    WideTimer2B_Handler                      0x00000283   Thumb Code     0  startup.o(RESET)
    WideTimer3A_Handler                      0x00000283   Thumb Code     0  startup.o(RESET)
    WideTimer3B_Handler                      0x00000283   Thumb Code     0  startup.o(RESET)
    WideTimer4A_Handler                      0x00000283   Thumb Code     0  startup.o(RESET)
    WideTimer4B_Handler                      0x00000283   Thumb Code     0  startup.o(RESET)
    WideTimer5A_Handler                      0x00000283   Thumb Code     0  startup.o(RESET)
    WideTimer5B_Handler                      0x00000283   Thumb Code     0  startup.o(RESET)
    uDMA_Error                               0x00000283   Thumb Code     0  startup.o(RESET)
    uDMA_Handler                             0x00000283   Thumb Code     0  startup.o(RESET)
    __main                                   0x00000285   Thumb Code     0  entry.o(.ARM.Collect$$$$00000000)
    _main_stk                                0x00000285   Thumb Code     0  entry2.o(.ARM.Collect$$$$00000001)
    _main_scatterload                        0x00000289   Thumb Code     0  entry5.o(.ARM.Collect$$$$00000004)
    __main_after_scatterload                 0x0000028d   Thumb Code     0  entry5.o(.ARM.Collect$$$$00000004)
    _main_clock                              0x0000028d   Thumb Code     0  entry7b.o(.ARM.Collect$$$$00000008)
    _main_cpp_init                           0x0000028d   Thumb Code     0  entry8b.o(.ARM.Collect$$$$0000000A)
    _main_init                               0x0000028d   Thumb Code     0  entry9a.o(.ARM.Collect$$$$0000000B)
    __rt_final_cpp                           0x00000295   Thumb Code     0  entry10a.o(.ARM.Collect$$$$0000000D)
    __rt_final_exit                          0x00000295   Thumb Code     0  entry11a.o(.ARM.Collect$$$$0000000F)
    DisableInterrupts                        0x00000299   Thumb Code     0  startup.o(.text)
    EnableInterrupts                         0x0000029d   Thumb Code     0  startup.o(.text)
    StartCritical                            0x000002a1   Thumb Code     0  startup.o(.text)
    EndCritical                              0x000002a9   Thumb Code     0  startup.o(.text)
    WaitForInterrupt                         0x000002af   Thumb Code     0  startup.o(.text)
    StartOS                                  0x000002b5   Thumb Code     0  osasm.o(.text)
    ContextSwitch                            0x000002b9   Thumb Code     0  osasm.o(.text)
    PendSV_Handler                           0x000002d3   Thumb Code     0  osasm.o(.text)
    Debug                                    0x00000315   Thumb Code     0  osasm.o(.text)
    Debug2                                   0x00000317   Thumb Code     0  osasm.o(.text)
    SVC_Handler                              0x00000319   Thumb Code     0  osasm.o(.text)
    set_R9                                   0x00000383   Thumb Code     0  osasm.o(.text)
    SysTick_Init                             0x00000391   Thumb Code     0  systick.o(.text)
    SysTick_Wait                             0x000003cd   Thumb Code     0  systick.o(.text)
    SysTick_Wait10ms                         0x000003e1   Thumb Code     0  systick.o(.text)
    SysTick_Handler                          0x000003f7   Thumb Code     0  systick.o(.text)
    launch_first_thread                      0x00000453   Thumb Code     0  systick.o(.text)
    __aeabi_memcpy                           0x00000495   Thumb Code    36  memcpya.o(.text)
    __aeabi_memcpy4                          0x00000495   Thumb Code     0  memcpya.o(.text)
    __aeabi_memcpy8                          0x00000495   Thumb Code     0  memcpya.o(.text)
    strcmp                                   0x000004b9   Thumb Code    28  strcmp.o(.text)
    atoi                                     0x000004d5   Thumb Code    26  atoi.o(.text)
    strtol                                   0x000004ef   Thumb Code   112  strtol.o(.text)
    __scatterload                            0x00000561   Thumb Code    28  init.o(.text)
    __scatterload_rt2                        0x00000561   Thumb Code     0  init.o(.text)
    __rt_ctype_table                         0x00000585   Thumb Code     4  ctype_o.o(.text)
    _strtoul                                 0x0000058d   Thumb Code   158  _strtoul.o(.text)
    _chval                                   0x0000062b   Thumb Code    28  _chval.o(.text)
    __decompress                             0x00000647   Thumb Code     0  __dczerorl.o(.text)
    __decompress0                            0x00000647   Thumb Code    58  __dczerorl.o(.text)
    ADC0Seq0_Handler                         0x00000681   Thumb Code    26  adct0atrigger.o(i.ADC0Seq0_Handler)
    ADC0Seq3_Handler                         0x000006a5   Thumb Code    18  adct0atrigger.o(i.ADC0Seq3_Handler)
    ADC0_InSeq3                              0x000006c1   Thumb Code    38  adcswtrigger.o(i.ADC0_InSeq3)
    ADC0_InitSWTriggerSeq3                   0x000006ed   Thumb Code   976  adcswtrigger.o(i.ADC0_InitSWTriggerSeq3)
    ADC0_InitSWTriggerSeq3_Ch9               0x00000ae5   Thumb Code   222  adcswtrigger.o(i.ADC0_InitSWTriggerSeq3_Ch9)
    ADC_Init                                 0x00000bdd   Thumb Code     6  adc.o(i.ADC_Init)
    ButtonWork                               0x00000be5   Thumb Code   118  lab5.o(i.ButtonWork)
    CS_Init                                  0x00000ca1   Thumb Code   118  edisk.o(i.CS_Init)
    DataCollector_Init                       0x00000d2d   Thumb Code    28  datacollectors.o(i.DataCollector_Init)
    Delay1ms                                 0x00000d55   Thumb Code    32  st7735.o(i.Delay1ms)
    GPIOPortF_Handler                        0x00000d75   Thumb Code    68  os.o(i.GPIOPortF_Handler)
    GRSFifo_Get                              0x00000dc5   Thumb Code    48  datacollectors.o(i.GRSFifo_Get)
    GRSFifo_Put                              0x00000e01   Thumb Code    50  datacollectors.o(i.GRSFifo_Put)
    GRS_ProxyFifo_Put                        0x00000e41   Thumb Code    50  datacollectors.o(i.GRS_ProxyFifo_Put)
    GSRSampler                               0x00000e81   Thumb Code    28  datacollectors.o(i.GSRSampler)
    GSRThread                                0x00000ea1   Thumb Code    48  datacollectors.o(i.GSRThread)
    GraphThread                              0x00000ed5   Thumb Code   152  datacollectors.o(i.GraphThread)
    HRSFifo_Get                              0x00000f79   Thumb Code    48  datacollectors.o(i.HRSFifo_Get)
    HRSFifo_Put                              0x00000fb5   Thumb Code    50  datacollectors.o(i.HRSFifo_Put)
    HRS_ProxyFifo_Get                        0x00000ff5   Thumb Code    48  datacollectors.o(i.HRS_ProxyFifo_Get)
    HRS_ProxyFifo_Put                        0x00001031   Thumb Code    50  datacollectors.o(i.HRS_ProxyFifo_Put)
    HSRSampler                               0x00001071   Thumb Code    28  datacollectors.o(i.HSRSampler)
    HSRThread                                0x00001091   Thumb Code    98  datacollectors.o(i.HSRThread)
    Heap_Free                                0x000010fd   Thumb Code   140  heap.o(i.Heap_Free)
    Heap_Init                                0x0000118d   Thumb Code    16  heap.o(i.Heap_Init)
    Heap_Malloc                              0x000011a5   Thumb Code    78  heap.o(i.Heap_Malloc)
    Heap_Stats                               0x000011f9   Thumb Code   100  heap.o(i.Heap_Stats)
    Idle                                     0x00001261   Thumb Code    40  lab5.o(i.Idle)
    Interpreter                              0x00001291   Thumb Code    46  interpreter.o(i.Interpreter)
    Jitter                                   0x000012c5   Thumb Code   130  interpreter.o(i.Jitter)
    LOADER_CLEAR                             0x00001389   Thumb Code    24  loader.o(i.LOADER_CLEAR)
    LOADER_OPEN_FOR_RD                       0x000013a1   Thumb Code    24  loader.o(i.LOADER_OPEN_FOR_RD)
    LOADER_READ                              0x000013bd   Thumb Code    30  loader.o(i.LOADER_READ)
    LPF_Calc                                 0x000013dd   Thumb Code    76  lpf.o(i.LPF_Calc)
    LPF_Calc3                                0x00001439   Thumb Code    76  lpf.o(i.LPF_Calc3)
    LPF_Init                                 0x00001495   Thumb Code    54  lpf.o(i.LPF_Init)
    LPF_Init3                                0x000014dd   Thumb Code    54  lpf.o(i.LPF_Init3)
    LaunchPad_Init                           0x00001525   Thumb Code    70  launchpad.o(i.LaunchPad_Init)
    MicFifo_Get                              0x00001581   Thumb Code    48  datacollectors.o(i.MicFifo_Get)
    MicFifo_Put                              0x000015bd   Thumb Code    50  datacollectors.o(i.MicFifo_Put)
    MicSampler                               0x000015fd   Thumb Code    28  datacollectors.o(i.MicSampler)
    MicThread                                0x0000161d   Thumb Code    48  datacollectors.o(i.MicThread)
    Mic_ProxyFifo_Put                        0x00001651   Thumb Code    50  datacollectors.o(i.Mic_ProxyFifo_Put)
    OS_AddPeriodicThread                     0x00001691   Thumb Code   116  os.o(i.OS_AddPeriodicThread)
    OS_AddProcess                            0x00001709   Thumb Code   214  os.o(i.OS_AddProcess)
    OS_AddSW1Task                            0x000017e9   Thumb Code   212  os.o(i.OS_AddSW1Task)
    OS_AddSW2Task                            0x000018d5   Thumb Code   222  os.o(i.OS_AddSW2Task)
    OS_AddThread                             0x000019d1   Thumb Code   676  os.o(i.OS_AddThread)
    OS_ClearMsTime                           0x00001c89   Thumb Code     8  os.o(i.OS_ClearMsTime)
    OS_Id                                    0x00001c95   Thumb Code     8  os.o(i.OS_Id)
    OS_Init                                  0x00001ca1   Thumb Code   100  os.o(i.OS_Init)
    OS_InitSemaphore                         0x00001d29   Thumb Code     4  os.o(i.OS_InitSemaphore)
    OS_Kill                                  0x00001d2d   Thumb Code    88  os.o(i.OS_Kill)
    OS_Launch                                0x00001d89   Thumb Code    16  os.o(i.OS_Launch)
    OS_MsTime                                0x00001d99   Thumb Code     6  os.o(i.OS_MsTime)
    OS_Signal                                0x00001da5   Thumb Code    50  os.o(i.OS_Signal)
    OS_Sleep                                 0x00001ddd   Thumb Code    38  os.o(i.OS_Sleep)
    OS_Suspend                               0x00001e09   Thumb Code     8  os.o(i.OS_Suspend)
    OS_Time                                  0x00001e11   Thumb Code    10  os.o(i.OS_Time)
    OS_TimeDifference                        0x00001e21   Thumb Code    16  os.o(i.OS_TimeDifference)
    OS_Wait                                  0x00001e31   Thumb Code    44  os.o(i.OS_Wait)
    OS_bSignal                               0x00001e61   Thumb Code    54  os.o(i.OS_bSignal)
    OS_bWait                                 0x00001e9d   Thumb Code    44  os.o(i.OS_bWait)
    PLL_Init                                 0x00001ecd   Thumb Code   120  pll.o(i.PLL_Init)
    PortD_Init                               0x00001f49   Thumb Code    88  lab5.o(i.PortD_Init)
    Rx5Fifo_Put                              0x00001fb1   Thumb Code   192  esp8266.o(i.Rx5Fifo_Put)
    Rx5Fifo_Size                             0x00002081   Thumb Code    12  esp8266.o(i.Rx5Fifo_Size)
    RxFifo_Get                               0x00002095   Thumb Code    46  uart0int.o(i.RxFifo_Get)
    RxFifo_Init                              0x000020d1   Thumb Code    12  uart0int.o(i.RxFifo_Init)
    RxFifo_Put                               0x000020e5   Thumb Code    48  uart0int.o(i.RxFifo_Put)
    RxFifo_Size                              0x00002121   Thumb Code    14  uart0int.o(i.RxFifo_Size)
    SSI0_Init                                0x00002139   Thumb Code   302  edisk.o(i.SSI0_Init)
    ST7735_DrawFastVLine                     0x00002285   Thumb Code   116  st7735.o(i.ST7735_DrawFastVLine)
    ST7735_DrawPixel                         0x00002301   Thumb Code    64  st7735.o(i.ST7735_DrawPixel)
    ST7735_FillRect                          0x00002349   Thumb Code   164  st7735.o(i.ST7735_FillRect)
    ST7735_FillScreen                        0x000023f5   Thumb Code    28  st7735.o(i.ST7735_FillScreen)
    ST7735_InitR                             0x00002419   Thumb Code    98  st7735.o(i.ST7735_InitR)
    ST7735_Message                           0x000024a1   Thumb Code     2  st7735.o(i.ST7735_Message)
    ST7735_SetCursor                         0x000024a5   Thumb Code    22  st7735.o(i.ST7735_SetCursor)
    SW1Push                                  0x000024c5   Thumb Code    38  lab5.o(i.SW1Push)
    SW2Push                                  0x000024f5   Thumb Code    38  lab5.o(i.SW2Push)
    Scheduler                                0x00002525   Thumb Code   310  os.o(i.Scheduler)
    System_Timer                             0x00002665   Thumb Code     2  os.o(i.System_Timer)
    Timer0A_Handler                          0x00002669   Thumb Code    16  timer0a.o(i.Timer0A_Handler)
    Timer1A_Handler                          0x00002681   Thumb Code    16  timer1a.o(i.Timer1A_Handler)
    Timer1A_Init                             0x00002699   Thumb Code    76  timer1a.o(i.Timer1A_Init)
    Timer2A_Handler                          0x000026f9   Thumb Code    16  timer2a.o(i.Timer2A_Handler)
    Timer2A_Init                             0x00002711   Thumb Code    76  timer2a.o(i.Timer2A_Init)
    Timer3A_Handler                          0x00002771   Thumb Code    16  timer3a.o(i.Timer3A_Handler)
    Timer3A_Init                             0x00002789   Thumb Code    74  timer3a.o(i.Timer3A_Init)
    Timer4A_Handler                          0x000027e9   Thumb Code    16  timer4a.o(i.Timer4A_Handler)
    Timer4A_Init                             0x00002801   Thumb Code    74  timer4a.o(i.Timer4A_Init)
    Timer5A_Handler                          0x00002861   Thumb Code    16  timer5a.o(i.Timer5A_Handler)
    Timer5A_Init                             0x00002879   Thumb Code    76  timer5a.o(i.Timer5A_Init)
    Tx5Fifo_Get                              0x000028d9   Thumb Code    44  esp8266.o(i.Tx5Fifo_Get)
    Tx5Fifo_Size                             0x00002911   Thumb Code    12  esp8266.o(i.Tx5Fifo_Size)
    TxFifo_Get                               0x00002925   Thumb Code    46  uart0int.o(i.TxFifo_Get)
    TxFifo_Init                              0x00002961   Thumb Code    12  uart0int.o(i.TxFifo_Init)
    TxFifo_Put                               0x00002975   Thumb Code    48  uart0int.o(i.TxFifo_Put)
    TxFifo_Size                              0x000029b1   Thumb Code    14  uart0int.o(i.TxFifo_Size)
    UART0_Handler                            0x000029c9   Thumb Code    82  uart0int.o(i.UART0_Handler)
    UART5_Handler                            0x00002a21   Thumb Code    82  esp8266.o(i.UART5_Handler)
    UART_InChar                              0x00002a79   Thumb Code    20  uart0int.o(i.UART_InChar)
    UART_InString                            0x00002a8d   Thumb Code    70  uart0int.o(i.UART_InString)
    UART_Init                                0x00002ad5   Thumb Code   174  uart0int.o(i.UART_Init)
    UART_OutChar                             0x00002b9d   Thumb Code    46  uart0int.o(i.UART_OutChar)
    UART_OutString                           0x00002bd1   Thumb Code    24  uart0int.o(i.UART_OutString)
    UART_OutUDec                             0x00002be9   Thumb Code    42  uart0int.o(i.UART_OutUDec)
    WideTimer0A_Handler                      0x00002c15   Thumb Code    16  wtimer0a.o(i.WideTimer0A_Handler)
    __aeabi_errno_addr                       0x00002c2d   Thumb Code     4  errno.o(i.__aeabi_errno_addr)
    __rt_errno_addr                          0x00002c2d   Thumb Code     0  errno.o(i.__aeabi_errno_addr)
    __scatterload_copy                       0x00002c35   Thumb Code    14  handlers.o(i.__scatterload_copy)
    __scatterload_null                       0x00002c43   Thumb Code     2  handlers.o(i.__scatterload_null)
    __scatterload_zeroinit                   0x00002c45   Thumb Code    14  handlers.o(i.__scatterload_zeroinit)
    clust2sect                               0x00002da1   Thumb Code    26  ff.o(i.clust2sect)
    decode_exec                              0x000032d5   Thumb Code   734  interpreter.o(i.decode_exec)
    disk_ioctl                               0x00003ab1   Thumb Code   544  edisk.o(i.disk_ioctl)
    eDisk_Init                               0x00003cdd   Thumb Code   330  edisk.o(i.eDisk_Init)
    eDisk_Read                               0x00003e39   Thumb Code   136  edisk.o(i.eDisk_Read)
    eDisk_Status                             0x00003ec9   Thumb Code    14  edisk.o(i.eDisk_Status)
    eDisk_Write                              0x00003edd   Thumb Code   170  edisk.o(i.eDisk_Write)
    eFile_Create                             0x00003f91   Thumb Code    42  efile.o(i.eFile_Create)
    eFile_DOpen                              0x00003fc5   Thumb Code    40  efile.o(i.eFile_DOpen)
    eFile_Delete                             0x00003ff5   Thumb Code    38  efile.o(i.eFile_Delete)
    eFile_DirNext                            0x00004021   Thumb Code    60  efile.o(i.eFile_DirNext)
    eFile_Format                             0x00004069   Thumb Code    40  efile.o(i.eFile_Format)
    eFile_Init                               0x00004099   Thumb Code     4  efile.o(i.eFile_Init)
    eFile_Mount                              0x0000409d   Thumb Code    40  efile.o(i.eFile_Mount)
    eFile_RClose                             0x000040d1   Thumb Code    36  efile.o(i.eFile_RClose)
    eFile_ROpen                              0x000040fd   Thumb Code    42  efile.o(i.eFile_ROpen)
    eFile_ReadNext                           0x00004131   Thumb Code    50  efile.o(i.eFile_ReadNext)
    eFile_WClose                             0x0000416d   Thumb Code    36  efile.o(i.eFile_WClose)
    eFile_WOpen                              0x00004199   Thumb Code    42  efile.o(i.eFile_WOpen)
    eFile_Write                              0x000041cd   Thumb Code    50  efile.o(i.eFile_Write)
    exec_elf                                 0x00004209   Thumb Code   184  loader.o(i.exec_elf)
    f_close                                  0x000042f1   Thumb Code    32  ff.o(i.f_close)
    f_lseek                                  0x00004311   Thumb Code   382  ff.o(i.f_lseek)
    f_mkfs                                   0x00004491   Thumb Code  1582  ff.o(i.f_mkfs)
    f_mount                                  0x00004ad9   Thumb Code    86  ff.o(i.f_mount)
    f_open                                   0x00004b35   Thumb Code   352  ff.o(i.f_open)
    f_opendir                                0x00004c99   Thumb Code   110  ff.o(i.f_opendir)
    f_read                                   0x00004d07   Thumb Code   416  ff.o(i.f_read)
    f_readdir                                0x00004ea7   Thumb Code    88  ff.o(i.f_readdir)
    f_sync                                   0x00004f01   Thumb Code   172  ff.o(i.f_sync)
    f_unlink                                 0x00004fb1   Thumb Code   190  ff.o(i.f_unlink)
    f_write                                  0x0000506f   Thumb Code   472  ff.o(i.f_write)
    get_fat                                  0x000056b1   Thumb Code   242  ff.o(i.get_fat)
    main                                     0x00005d25   Thumb Code    10  lab5.o(i.main)
    put_fat                                  0x0000604b   Thumb Code   322  ff.o(i.put_fat)
    realmain                                 0x000063c9   Thumb Code   228  lab5.o(i.realmain)
    split                                    0x00006999   Thumb Code    70  interpreter.o(i.split)
    stack_init                               0x00006a3d   Thumb Code   436  os.o(i.stack_init)
    strCmp                                   0x00006bfd   Thumb Code    48  interpreter.o(i.strCmp)
    string_to_int                            0x00006c2d   Thumb Code    12  interpreter.o(i.string_to_int)
    JitterSize                               0x00006f10   Data           4  os.o(.constdata)
    smallCircle                              0x000074f6   Data          36  st7735.o(.constdata)
    circle                                   0x0000751a   Data          60  st7735.o(.constdata)
    dBfs                                     0x00007556   Data         512  st7735.o(.constdata)
    __ctype_table                            0x000077d9   Data         129  ctype_o.o(.constdata)
    Region$$Table$$Base                      0x00007870   Number         0  anon$$obj.o(Region$$Table)
    Region$$Table$$Limit                     0x00007890   Number         0  anon$$obj.o(Region$$Table)
    NumCreated                               0x20000000   Data           4  lab5.o(.data)
    IdleCount                                0x20000004   Data           4  lab5.o(.data)
    Count4                                   0x20000008   Data           4  lab5.o(.data)
    FilterWork                               0x2000000c   Data           4  lab5.o(.data)
    MaxJitter                                0x20000010   Data           4  os.o(.data)
    performance                              0x20000014   Data           1  os.o(.data)
    Runptr                                   0x20000018   Data           4  os.o(.data)
    PeriodicTaskPF4                          0x2000001c   Data           4  os.o(.data)
    PeriodicTaskPF2                          0x20000020   Data           4  os.o(.data)
    Disabled                                 0x20000024   Data           4  os.o(.data)
    Disabled_usecs                           0x20000028   Data           4  os.o(.data)
    Enabled                                  0x2000002c   Data           4  os.o(.data)
    Start_disable                            0x20000030   Data           4  os.o(.data)
    Disabled_percentage                      0x20000034   Data           4  os.o(.data)
    Stop_disable                             0x20000038   Data           4  os.o(.data)
    Start_disable_flag                       0x2000003c   Data           4  os.o(.data)
    Stop_enable                              0x20000040   Data           4  os.o(.data)
    QueuePutI                                0x20000044   Data           4  os.o(.data)
    QueueGetI                                0x20000048   Data           4  os.o(.data)
    StreamToDevice                           0x2000004c   Data           4  os.o(.data)
    StX                                      0x20000050   Data           4  st7735.o(.data)
    StY                                      0x20000054   Data           4  st7735.o(.data)
    StTextColor                              0x20000058   Data           2  st7735.o(.data)
    LCDFree                                  0x20000064   Data           8  st7735.o(.data)
    Messageindex                             0x2000006c   Data           4  st7735.o(.data)
    Ymax                                     0x20000070   Data           4  st7735.o(.data)
    Ymin                                     0x20000074   Data           4  st7735.o(.data)
    X                                        0x20000078   Data           4  st7735.o(.data)
    Yrange                                   0x2000007c   Data           4  st7735.o(.data)
    lastj                                    0x20000080   Data           4  st7735.o(.data)
    RxPutI                                   0x20000084   Data           4  uart0int.o(.data)
    RxGetI                                   0x20000088   Data           4  uart0int.o(.data)
    TxPutI                                   0x2000008c   Data           4  uart0int.o(.data)
    TxGetI                                   0x20000090   Data           4  uart0int.o(.data)
    ADCTask                                  0x200000ac   Data           4  adct0atrigger.o(.data)
    PD3data                                  0x200000b0   Data           4  adct0atrigger.o(.data)
    Size1                                    0x200000b4   Data           4  lpf.o(.data)
    I1                                       0x200000b8   Data           4  lpf.o(.data)
    LPFSum1                                  0x200000bc   Data           4  lpf.o(.data)
    sigma1                                   0x200000c0   Data           4  lpf.o(.data)
    snr1                                     0x200000c4   Data           4  lpf.o(.data)
    Size2                                    0x200000c8   Data           4  lpf.o(.data)
    I2                                       0x200000cc   Data           4  lpf.o(.data)
    LPFSum2                                  0x200000d0   Data           4  lpf.o(.data)
    sigma2                                   0x200000d4   Data           4  lpf.o(.data)
    snr2                                     0x200000d8   Data           4  lpf.o(.data)
    Size3                                    0x200000dc   Data           4  lpf.o(.data)
    I3                                       0x200000e0   Data           4  lpf.o(.data)
    LPFSum3                                  0x200000e4   Data           4  lpf.o(.data)
    sigma3                                   0x200000e8   Data           4  lpf.o(.data)
    snr3                                     0x200000ec   Data           4  lpf.o(.data)
    Size4                                    0x200000f0   Data           4  lpf.o(.data)
    I4                                       0x200000f4   Data           4  lpf.o(.data)
    LPFSum4                                  0x200000f8   Data           4  lpf.o(.data)
    sigma4                                   0x200000fc   Data           4  lpf.o(.data)
    snr4                                     0x20000100   Data           4  lpf.o(.data)
    Size5                                    0x20000104   Data           4  lpf.o(.data)
    I5                                       0x20000108   Data           4  lpf.o(.data)
    LPFSum5                                  0x2000010c   Data           4  lpf.o(.data)
    sigma5                                   0x20000110   Data           4  lpf.o(.data)
    snr5                                     0x20000114   Data           4  lpf.o(.data)
    Size6                                    0x20000118   Data           4  lpf.o(.data)
    I6                                       0x2000011c   Data           4  lpf.o(.data)
    LPFSum6                                  0x20000120   Data           4  lpf.o(.data)
    sigma6                                   0x20000124   Data           4  lpf.o(.data)
    snr6                                     0x20000128   Data           4  lpf.o(.data)
    Size7                                    0x2000012c   Data           4  lpf.o(.data)
    I7                                       0x20000130   Data           4  lpf.o(.data)
    LPFSum7                                  0x20000134   Data           4  lpf.o(.data)
    sigma7                                   0x20000138   Data           4  lpf.o(.data)
    snr7                                     0x2000013c   Data           4  lpf.o(.data)
    u1                                       0x20000140   Data           4  lpf.o(.data)
    u2                                       0x20000144   Data           4  lpf.o(.data)
    u3                                       0x20000148   Data           4  lpf.o(.data)
    WidePeriodicTask0                        0x20000150   Data           4  wtimer0a.o(.data)
    PeriodicTask0                            0x20000154   Data           4  timer0a.o(.data)
    PeriodicTask1                            0x20000158   Data           4  timer1a.o(.data)
    PeriodicTask2                            0x2000015c   Data           4  timer2a.o(.data)
    PeriodicTask3                            0x20000160   Data           4  timer3a.o(.data)
    PeriodicTask4                            0x20000164   Data           4  timer4a.o(.data)
    PeriodicTask5                            0x20000168   Data           4  timer5a.o(.data)
    MicSema                                  0x2000016c   Data           8  datacollectors.o(.data)
    HSRSema                                  0x20000174   Data           8  datacollectors.o(.data)
    GSRSema                                  0x2000017c   Data           8  datacollectors.o(.data)
    MicPutI                                  0x20000184   Data           4  datacollectors.o(.data)
    MicGetI                                  0x20000188   Data           4  datacollectors.o(.data)
    HRSPutI                                  0x2000018c   Data           4  datacollectors.o(.data)
    HRSGetI                                  0x20000190   Data           4  datacollectors.o(.data)
    GRSPutI                                  0x20000194   Data           4  datacollectors.o(.data)
    GRSGetI                                  0x20000198   Data           4  datacollectors.o(.data)
    Mic_ProxyPutI                            0x2000019c   Data           4  datacollectors.o(.data)
    Mic_ProxyGetI                            0x200001a0   Data           4  datacollectors.o(.data)
    HRS_ProxyPutI                            0x200001a4   Data           4  datacollectors.o(.data)
    HRS_ProxyGetI                            0x200001a8   Data           4  datacollectors.o(.data)
    GRS_ProxyPutI                            0x200001ac   Data           4  datacollectors.o(.data)
    GRS_ProxyGetI                            0x200001b0   Data           4  datacollectors.o(.data)
    x                                        0x200001b4   Data           2  datacollectors.o(.data)
    y                                        0x200001b6   Data           2  datacollectors.o(.data)
    color                                    0x200001b8   Data           2  datacollectors.o(.data)
    divisor                                  0x200001bc   Data           4  datacollectors.o(.data)
    ssid                                     0x200001c0   Data          32  esp8266.o(.data)
    pass                                     0x200001e0   Data          32  esp8266.o(.data)
    auth                                     0x20000200   Data          64  esp8266.o(.data)
    Rx5PutI                                  0x20000240   Data           4  esp8266.o(.data)
    Rx5PutJ                                  0x20000244   Data           4  esp8266.o(.data)
    Rx5GetI                                  0x20000248   Data           4  esp8266.o(.data)
    Tx5PutI                                  0x2000024c   Data           4  esp8266.o(.data)
    Tx5GetI                                  0x20000250   Data           4  esp8266.o(.data)
    Counts                                   0x20000258   Data           4  systick.o(DATA)
    JitterHistogram                          0x2000025c   Data         256  os.o(.bss)
    STACK                                    0x2000035c   Data       14400  os.o(.bss)
    threads                                  0x20003b9c   Data         408  os.o(.bss)
    processes                                0x20003d34   Data         144  os.o(.bss)
    periodic_threads                         0x20003dc4   Data          96  os.o(.bss)
    x1                                       0x20005a64   Data          64  lpf.o(.bss)
    x2                                       0x20005aa4   Data          64  lpf.o(.bss)
    x3                                       0x20005ae4   Data          64  lpf.o(.bss)
    x4                                       0x20005b24   Data          64  lpf.o(.bss)
    x5                                       0x20005b64   Data          64  lpf.o(.bss)
    x6                                       0x20005ba4   Data          64  lpf.o(.bss)
    x7                                       0x20005be4   Data          64  lpf.o(.bss)
    Rx5Fifo                                  0x20006a84   Data         512  esp8266.o(.bss)
    RxMessage                                0x20006c84   Data          64  esp8266.o(.bss)
    __initial_sp                             0x200071c8   Data           0  startup.o(STACK)



==============================================================================

Memory Map of the image

  Image Entry point : 0x0000026d

  Load Region LR_1 (Base: 0x00000000, Size: 0x00007aec, Max: 0xffffffff, ABSOLUTE, COMPRESSED[0x000078e4])

    Execution Region ER_RO (Exec base: 0x00000000, Load base: 0x00000000, Size: 0x00007890, Max: 0xffffffff, ABSOLUTE)

    Exec Addr    Load Addr    Size         Type   Attr      Idx    E Section Name        Object

    0x00000000   0x00000000   0x00000284   Code   RO            3  * RESET               startup.o
    0x00000284   0x00000284   0x00000000   Code   RO         2705  * .ARM.Collect$$$$00000000  mc_w.l(entry.o)
    0x00000284   0x00000284   0x00000004   Code   RO         2985    .ARM.Collect$$$$00000001  mc_w.l(entry2.o)
    0x00000288   0x00000288   0x00000004   Code   RO         2988    .ARM.Collect$$$$00000004  mc_w.l(entry5.o)
    0x0000028c   0x0000028c   0x00000000   Code   RO         2990    .ARM.Collect$$$$00000008  mc_w.l(entry7b.o)
    0x0000028c   0x0000028c   0x00000000   Code   RO         2992    .ARM.Collect$$$$0000000A  mc_w.l(entry8b.o)
    0x0000028c   0x0000028c   0x00000008   Code   RO         2993    .ARM.Collect$$$$0000000B  mc_w.l(entry9a.o)
    0x00000294   0x00000294   0x00000000   Code   RO         2995    .ARM.Collect$$$$0000000D  mc_w.l(entry10a.o)
    0x00000294   0x00000294   0x00000000   Code   RO         2997    .ARM.Collect$$$$0000000F  mc_w.l(entry11a.o)
    0x00000294   0x00000294   0x00000004   Code   RO         2986    .ARM.Collect$$$$00002712  mc_w.l(entry2.o)
    0x00000298   0x00000298   0x0000001c   Code   RO            4    .text               startup.o
    0x000002b4   0x000002b4   0x000000dc   Code   RO         1533    .text               osasm.o
    0x00000390   0x00000390   0x00000104   Code   RO         2320    .text               systick.o
    0x00000494   0x00000494   0x00000024   Code   RO         2708    .text               mc_w.l(memcpya.o)
    0x000004b8   0x000004b8   0x0000001c   Code   RO         2710    .text               mc_w.l(strcmp.o)
    0x000004d4   0x000004d4   0x0000001a   Code   RO         2983    .text               mc_w.l(atoi.o)
    0x000004ee   0x000004ee   0x00000070   Code   RO         3013    .text               mc_w.l(strtol.o)
    0x0000055e   0x0000055e   0x00000002   PAD
    0x00000560   0x00000560   0x00000024   Code   RO         3026    .text               mc_w.l(init.o)
    0x00000584   0x00000584   0x00000008   Code   RO         3035    .text               mc_w.l(ctype_o.o)
    0x0000058c   0x0000058c   0x0000009e   Code   RO         3063    .text               mc_w.l(_strtoul.o)
    0x0000062a   0x0000062a   0x0000001c   Code   RO         3068    .text               mc_w.l(_chval.o)
    0x00000646   0x00000646   0x0000003a   Code   RO         3078    .text               mc_w.l(__dczerorl.o)
    0x00000680   0x00000680   0x00000024   Code   RO         1536    i.ADC0Seq0_Handler  adct0atrigger.o
    0x000006a4   0x000006a4   0x0000001c   Code   RO         1537    i.ADC0Seq3_Handler  adct0atrigger.o
    0x000006c0   0x000006c0   0x0000002c   Code   RO         1576    i.ADC0_InSeq3       adcswtrigger.o
    0x000006ec   0x000006ec   0x000003f8   Code   RO         1579    i.ADC0_InitSWTriggerSeq3  adcswtrigger.o
    0x00000ae4   0x00000ae4   0x000000f8   Code   RO         1581    i.ADC0_InitSWTriggerSeq3_Ch9  adcswtrigger.o
    0x00000bdc   0x00000bdc   0x00000006   Code   RO         1657    i.ADC_Init          adc.o
    0x00000be2   0x00000be2   0x00000002   PAD
    0x00000be4   0x00000be4   0x000000bc   Code   RO           81    i.ButtonWork        lab5.o
    0x00000ca0   0x00000ca0   0x0000008c   Code   RO         1009    i.CS_Init           edisk.o
    0x00000d2c   0x00000d2c   0x00000028   Code   RO         2323    i.DataCollector_Init  datacollectors.o
    0x00000d54   0x00000d54   0x00000020   Code   RO          503    i.Delay1ms          st7735.o
    0x00000d74   0x00000d74   0x00000050   Code   RO          172    i.GPIOPortF_Handler  os.o
    0x00000dc4   0x00000dc4   0x0000003c   Code   RO         2324    i.GRSFifo_Get       datacollectors.o
    0x00000e00   0x00000e00   0x00000040   Code   RO         2326    i.GRSFifo_Put       datacollectors.o
    0x00000e40   0x00000e40   0x00000040   Code   RO         2330    i.GRS_ProxyFifo_Put  datacollectors.o
    0x00000e80   0x00000e80   0x00000020   Code   RO         2332    i.GSRSampler        datacollectors.o
    0x00000ea0   0x00000ea0   0x00000034   Code   RO         2333    i.GSRThread         datacollectors.o
    0x00000ed4   0x00000ed4   0x000000a4   Code   RO         2334    i.GraphThread       datacollectors.o
    0x00000f78   0x00000f78   0x0000003c   Code   RO         2335    i.HRSFifo_Get       datacollectors.o
    0x00000fb4   0x00000fb4   0x00000040   Code   RO         2337    i.HRSFifo_Put       datacollectors.o
    0x00000ff4   0x00000ff4   0x0000003c   Code   RO         2339    i.HRS_ProxyFifo_Get  datacollectors.o
    0x00001030   0x00001030   0x00000040   Code   RO         2341    i.HRS_ProxyFifo_Put  datacollectors.o
    0x00001070   0x00001070   0x00000020   Code   RO         2343    i.HSRSampler        datacollectors.o
    0x00001090   0x00001090   0x0000006c   Code   RO         2344    i.HSRThread         datacollectors.o
    0x000010fc   0x000010fc   0x00000090   Code   RO         1871    i.Heap_Free         heap.o
    0x0000118c   0x0000118c   0x00000018   Code   RO         1872    i.Heap_Init         heap.o
    0x000011a4   0x000011a4   0x00000054   Code   RO         1873    i.Heap_Malloc       heap.o
    0x000011f8   0x000011f8   0x00000068   Code   RO         1875    i.Heap_Stats        heap.o
    0x00001260   0x00001260   0x00000030   Code   RO           82    i.Idle              lab5.o
    0x00001290   0x00001290   0x00000034   Code   RO          775    i.Interpreter       interpreter.o
    0x000012c4   0x000012c4   0x000000c4   Code   RO          776    i.Jitter            interpreter.o
    0x00001388   0x00001388   0x00000018   Code   RO         1974    i.LOADER_CLEAR      loader.o
    0x000013a0   0x000013a0   0x0000001c   Code   RO         1975    i.LOADER_OPEN_FOR_RD  loader.o
    0x000013bc   0x000013bc   0x0000001e   Code   RO         1976    i.LOADER_READ       loader.o
    0x000013da   0x000013da   0x00000002   PAD
    0x000013dc   0x000013dc   0x0000005c   Code   RO         1675    i.LPF_Calc          lpf.o
    0x00001438   0x00001438   0x0000005c   Code   RO         1677    i.LPF_Calc3         lpf.o
    0x00001494   0x00001494   0x00000048   Code   RO         1682    i.LPF_Init          lpf.o
    0x000014dc   0x000014dc   0x00000048   Code   RO         1684    i.LPF_Init3         lpf.o
    0x00001524   0x00001524   0x0000005c   Code   RO           13    i.LaunchPad_Init    launchpad.o
    0x00001580   0x00001580   0x0000003c   Code   RO         2346    i.MicFifo_Get       datacollectors.o
    0x000015bc   0x000015bc   0x00000040   Code   RO         2348    i.MicFifo_Put       datacollectors.o
    0x000015fc   0x000015fc   0x00000020   Code   RO         2350    i.MicSampler        datacollectors.o
    0x0000161c   0x0000161c   0x00000034   Code   RO         2351    i.MicThread         datacollectors.o
    0x00001650   0x00001650   0x00000040   Code   RO         2354    i.Mic_ProxyFifo_Put  datacollectors.o
    0x00001690   0x00001690   0x00000078   Code   RO          173    i.OS_AddPeriodicThread  os.o
    0x00001708   0x00001708   0x000000e0   Code   RO          174    i.OS_AddProcess     os.o
    0x000017e8   0x000017e8   0x000000ec   Code   RO          175    i.OS_AddSW1Task     os.o
    0x000018d4   0x000018d4   0x000000fc   Code   RO          176    i.OS_AddSW2Task     os.o
    0x000019d0   0x000019d0   0x000002b8   Code   RO          177    i.OS_AddThread      os.o
    0x00001c88   0x00001c88   0x0000000c   Code   RO          178    i.OS_ClearMsTime    os.o
    0x00001c94   0x00001c94   0x0000000c   Code   RO          184    i.OS_Id             os.o
    0x00001ca0   0x00001ca0   0x00000088   Code   RO          185    i.OS_Init           os.o
    0x00001d28   0x00001d28   0x00000004   Code   RO          186    i.OS_InitSemaphore  os.o
    0x00001d2c   0x00001d2c   0x0000005c   Code   RO          187    i.OS_Kill           os.o
    0x00001d88   0x00001d88   0x00000010   Code   RO          188    i.OS_Launch         os.o
    0x00001d98   0x00001d98   0x0000000c   Code   RO          193    i.OS_MsTime         os.o
    0x00001da4   0x00001da4   0x00000038   Code   RO          197    i.OS_Signal         os.o
    0x00001ddc   0x00001ddc   0x0000002c   Code   RO          198    i.OS_Sleep          os.o
    0x00001e08   0x00001e08   0x00000008   Code   RO          199    i.OS_Suspend        os.o
    0x00001e10   0x00001e10   0x00000010   Code   RO          200    i.OS_Time           os.o
    0x00001e20   0x00001e20   0x00000010   Code   RO          201    i.OS_TimeDifference  os.o
    0x00001e30   0x00001e30   0x00000030   Code   RO          203    i.OS_Wait           os.o
    0x00001e60   0x00001e60   0x0000003c   Code   RO          204    i.OS_bSignal        os.o
    0x00001e9c   0x00001e9c   0x00000030   Code   RO          205    i.OS_bWait          os.o
    0x00001ecc   0x00001ecc   0x0000007c   Code   RO           66    i.PLL_Init          pll.o
    0x00001f48   0x00001f48   0x00000068   Code   RO           83    i.PortD_Init        lab5.o
    0x00001fb0   0x00001fb0   0x000000d0   Code   RO         2550    i.Rx5Fifo_Put       esp8266.o
    0x00002080   0x00002080   0x00000014   Code   RO         2551    i.Rx5Fifo_Size      esp8266.o
    0x00002094   0x00002094   0x0000003c   Code   RO          846    i.RxFifo_Get        uart0int.o
    0x000020d0   0x000020d0   0x00000014   Code   RO          847    i.RxFifo_Init       uart0int.o
    0x000020e4   0x000020e4   0x0000003c   Code   RO          848    i.RxFifo_Put        uart0int.o
    0x00002120   0x00002120   0x00000018   Code   RO          849    i.RxFifo_Size       uart0int.o
    0x00002138   0x00002138   0x0000014c   Code   RO         1010    i.SSI0_Init         edisk.o
    0x00002284   0x00002284   0x0000007c   Code   RO          510    i.ST7735_DrawFastVLine  st7735.o
    0x00002300   0x00002300   0x00000048   Code   RO          511    i.ST7735_DrawPixel  st7735.o
    0x00002348   0x00002348   0x000000ac   Code   RO          514    i.ST7735_FillRect   st7735.o
    0x000023f4   0x000023f4   0x00000024   Code   RO          515    i.ST7735_FillScreen  st7735.o
    0x00002418   0x00002418   0x00000088   Code   RO          517    i.ST7735_InitR      st7735.o
    0x000024a0   0x000024a0   0x00000002   Code   RO          519    i.ST7735_Message    st7735.o
    0x000024a2   0x000024a2   0x00000002   PAD
    0x000024a4   0x000024a4   0x00000020   Code   RO          534    i.ST7735_SetCursor  st7735.o
    0x000024c4   0x000024c4   0x00000030   Code   RO           84    i.SW1Push           lab5.o
    0x000024f4   0x000024f4   0x00000030   Code   RO           85    i.SW2Push           lab5.o
    0x00002524   0x00002524   0x00000140   Code   RO          210    i.Scheduler         os.o
    0x00002664   0x00002664   0x00000002   Code   RO          211    i.System_Timer      os.o
    0x00002666   0x00002666   0x00000002   PAD
    0x00002668   0x00002668   0x00000018   Code   RO         2157    i.Timer0A_Handler   timer0a.o
    0x00002680   0x00002680   0x00000018   Code   RO         2184    i.Timer1A_Handler   timer1a.o
    0x00002698   0x00002698   0x00000060   Code   RO         2185    i.Timer1A_Init      timer1a.o
    0x000026f8   0x000026f8   0x00000018   Code   RO         2211    i.Timer2A_Handler   timer2a.o
    0x00002710   0x00002710   0x00000060   Code   RO         2212    i.Timer2A_Init      timer2a.o
    0x00002770   0x00002770   0x00000018   Code   RO         2238    i.Timer3A_Handler   timer3a.o
    0x00002788   0x00002788   0x00000060   Code   RO         2239    i.Timer3A_Init      timer3a.o
    0x000027e8   0x000027e8   0x00000018   Code   RO         2265    i.Timer4A_Handler   timer4a.o
    0x00002800   0x00002800   0x00000060   Code   RO         2266    i.Timer4A_Init      timer4a.o
    0x00002860   0x00002860   0x00000018   Code   RO         2292    i.Timer5A_Handler   timer5a.o
    0x00002878   0x00002878   0x00000060   Code   RO         2293    i.Timer5A_Init      timer5a.o
    0x000028d8   0x000028d8   0x00000038   Code   RO         2552    i.Tx5Fifo_Get       esp8266.o
    0x00002910   0x00002910   0x00000014   Code   RO         2555    i.Tx5Fifo_Size      esp8266.o
    0x00002924   0x00002924   0x0000003c   Code   RO          850    i.TxFifo_Get        uart0int.o
    0x00002960   0x00002960   0x00000014   Code   RO          851    i.TxFifo_Init       uart0int.o
    0x00002974   0x00002974   0x0000003c   Code   RO          852    i.TxFifo_Put        uart0int.o
    0x000029b0   0x000029b0   0x00000018   Code   RO          853    i.TxFifo_Size       uart0int.o
    0x000029c8   0x000029c8   0x00000058   Code   RO          854    i.UART0_Handler     uart0int.o
    0x00002a20   0x00002a20   0x00000058   Code   RO         2556    i.UART5_Handler     esp8266.o
    0x00002a78   0x00002a78   0x00000014   Code   RO          856    i.UART_InChar       uart0int.o
    0x00002a8c   0x00002a8c   0x00000046   Code   RO          858    i.UART_InString     uart0int.o
    0x00002ad2   0x00002ad2   0x00000002   PAD
    0x00002ad4   0x00002ad4   0x000000c8   Code   RO          861    i.UART_Init         uart0int.o
    0x00002b9c   0x00002b9c   0x00000034   Code   RO          862    i.UART_OutChar      uart0int.o
    0x00002bd0   0x00002bd0   0x00000018   Code   RO          865    i.UART_OutString    uart0int.o
    0x00002be8   0x00002be8   0x0000002a   Code   RO          866    i.UART_OutUDec      uart0int.o
    0x00002c12   0x00002c12   0x00000002   PAD
    0x00002c14   0x00002c14   0x00000018   Code   RO         1843    i.WideTimer0A_Handler  wtimer0a.o
    0x00002c2c   0x00002c2c   0x00000008   Code   RO         3006    i.__aeabi_errno_addr  mc_w.l(errno.o)
    0x00002c34   0x00002c34   0x0000000e   Code   RO         3072    i.__scatterload_copy  mc_w.l(handlers.o)
    0x00002c42   0x00002c42   0x00000002   Code   RO         3073    i.__scatterload_null  mc_w.l(handlers.o)
    0x00002c44   0x00002c44   0x0000000e   Code   RO         3074    i.__scatterload_zeroinit  mc_w.l(handlers.o)
    0x00002c52   0x00002c52   0x00000058   Code   RO         1978    i.addressOf         loader.o
    0x00002caa   0x00002caa   0x00000012   Code   RO         1876    i.blockHeader       heap.o
    0x00002cbc   0x00002cbc   0x00000012   Code   RO         1877    i.blockRoom         heap.o
    0x00002cce   0x00002cce   0x00000012   Code   RO         1878    i.blockTrailer      heap.o
    0x00002ce0   0x00002ce0   0x00000008   Code   RO         1879    i.blockUnused       heap.o
    0x00002ce8   0x00002ce8   0x00000010   Code   RO         1880    i.blockUsed         heap.o
    0x00002cf8   0x00002cf8   0x00000090   Code   RO         1240    i.check_fs          ff.o
    0x00002d88   0x00002d88   0x00000018   Code   RO         1241    i.chk_chr           ff.o
    0x00002da0   0x00002da0   0x0000001a   Code   RO         1242    i.clust2sect        ff.o
    0x00002dba   0x00002dba   0x00000056   Code   RO          538    i.commandList       st7735.o
    0x00002e10   0x00002e10   0x0000018c   Code   RO          539    i.commonInit        st7735.o
    0x00002f9c   0x00002f9c   0x0000002c   Code   RO          868    i.copyHardwareToSoftware  uart0int.o
    0x00002fc8   0x00002fc8   0x00000028   Code   RO         2558    i.copyHardwareToSoftware5  esp8266.o
    0x00002ff0   0x00002ff0   0x0000002c   Code   RO          869    i.copySoftwareToHardware  uart0int.o
    0x0000301c   0x0000301c   0x0000002c   Code   RO         2559    i.copySoftwareToHardware5  esp8266.o
    0x00003048   0x00003048   0x000000d6   Code   RO         1243    i.create_chain      ff.o
    0x0000311e   0x0000311e   0x00000002   PAD
    0x00003120   0x00003120   0x000001b4   Code   RO         1244    i.create_name       ff.o
    0x000032d4   0x000032d4   0x00000480   Code   RO          777    i.decode_exec       interpreter.o
    0x00003754   0x00003754   0x00000014   Code   RO         1011    i.deselect          edisk.o
    0x00003768   0x00003768   0x0000005c   Code   RO         1245    i.dir_alloc         ff.o
    0x000037c4   0x000037c4   0x0000005c   Code   RO         1246    i.dir_find          ff.o
    0x00003820   0x00003820   0x00000110   Code   RO         1247    i.dir_next          ff.o
    0x00003930   0x00003930   0x00000070   Code   RO         1248    i.dir_read          ff.o
    0x000039a0   0x000039a0   0x0000003a   Code   RO         1249    i.dir_register      ff.o
    0x000039da   0x000039da   0x00000036   Code   RO         1250    i.dir_remove        ff.o
    0x00003a10   0x00003a10   0x0000009e   Code   RO         1251    i.dir_sdi           ff.o
    0x00003aae   0x00003aae   0x00000002   PAD
    0x00003ab0   0x00003ab0   0x00000228   Code   RO         1012    i.disk_ioctl        edisk.o
    0x00003cd8   0x00003cd8   0x00000002   Code   RO         1979    i.dumpData          loader.o
    0x00003cda   0x00003cda   0x00000002   PAD
    0x00003cdc   0x00003cdc   0x0000015c   Code   RO         1014    i.eDisk_Init        edisk.o
    0x00003e38   0x00003e38   0x00000090   Code   RO         1015    i.eDisk_Read        edisk.o
    0x00003ec8   0x00003ec8   0x00000014   Code   RO         1017    i.eDisk_Status      edisk.o
    0x00003edc   0x00003edc   0x000000b4   Code   RO         1018    i.eDisk_Write       edisk.o
    0x00003f90   0x00003f90   0x00000034   Code   RO         1132    i.eFile_Create      efile.o
    0x00003fc4   0x00003fc4   0x00000030   Code   RO         1134    i.eFile_DOpen       efile.o
    0x00003ff4   0x00003ff4   0x0000002c   Code   RO         1135    i.eFile_Delete      efile.o
    0x00004020   0x00004020   0x00000048   Code   RO         1136    i.eFile_DirNext     efile.o
    0x00004068   0x00004068   0x00000030   Code   RO         1137    i.eFile_Format      efile.o
    0x00004098   0x00004098   0x00000004   Code   RO         1138    i.eFile_Init        efile.o
    0x0000409c   0x0000409c   0x00000034   Code   RO         1139    i.eFile_Mount       efile.o
    0x000040d0   0x000040d0   0x0000002c   Code   RO         1140    i.eFile_RClose      efile.o
    0x000040fc   0x000040fc   0x00000034   Code   RO         1141    i.eFile_ROpen       efile.o
    0x00004130   0x00004130   0x0000003c   Code   RO         1142    i.eFile_ReadNext    efile.o
    0x0000416c   0x0000416c   0x0000002c   Code   RO         1144    i.eFile_WClose      efile.o
    0x00004198   0x00004198   0x00000034   Code   RO         1145    i.eFile_WOpen       efile.o
    0x000041cc   0x000041cc   0x0000003c   Code   RO         1146    i.eFile_Write       efile.o
    0x00004208   0x00004208   0x000000e8   Code   RO         1980    i.exec_elf          loader.o
    0x000042f0   0x000042f0   0x00000020   Code   RO         1254    i.f_close           ff.o
    0x00004310   0x00004310   0x0000017e   Code   RO         1259    i.f_lseek           ff.o
    0x0000448e   0x0000448e   0x00000002   PAD
    0x00004490   0x00004490   0x00000648   Code   RO         1261    i.f_mkfs            ff.o
    0x00004ad8   0x00004ad8   0x0000005c   Code   RO         1262    i.f_mount           ff.o
    0x00004b34   0x00004b34   0x00000164   Code   RO         1263    i.f_open            ff.o
    0x00004c98   0x00004c98   0x0000006e   Code   RO         1264    i.f_opendir         ff.o
    0x00004d06   0x00004d06   0x000001a0   Code   RO         1265    i.f_read            ff.o
    0x00004ea6   0x00004ea6   0x00000058   Code   RO         1266    i.f_readdir         ff.o
    0x00004efe   0x00004efe   0x00000002   PAD
    0x00004f00   0x00004f00   0x000000b0   Code   RO         1270    i.f_sync            ff.o
    0x00004fb0   0x00004fb0   0x000000be   Code   RO         1272    i.f_unlink          ff.o
    0x0000506e   0x0000506e   0x000001d8   Code   RO         1274    i.f_write           ff.o
    0x00005246   0x00005246   0x00000002   PAD
    0x00005248   0x00005248   0x0000038c   Code   RO         1275    i.find_volume       ff.o
    0x000055d4   0x000055d4   0x000000b0   Code   RO         1276    i.follow_path       ff.o
    0x00005684   0x00005684   0x0000000c   Code   RO         1981    i.freeElf           loader.o
    0x00005690   0x00005690   0x00000010   Code   RO         1982    i.freeSection       loader.o
    0x000056a0   0x000056a0   0x00000010   Code   RO         1983    i.freeSegment       loader.o
    0x000056b0   0x000056b0   0x000000f2   Code   RO         1277    i.get_fat           ff.o
    0x000057a2   0x000057a2   0x00000074   Code   RO         1278    i.get_fileinfo      ff.o
    0x00005816   0x00005816   0x0000004a   Code   RO         1279    i.get_ldnumber      ff.o
    0x00005860   0x00005860   0x0000001c   Code   RO         1881    i.inHeapRange       heap.o
    0x0000587c   0x0000587c   0x00000086   Code   RO         1984    i.initElf           loader.o
    0x00005902   0x00005902   0x00000002   PAD
    0x00005904   0x00005904   0x00000028   Code   RO         1020    i.init_spi          edisk.o
    0x0000592c   0x0000592c   0x00000048   Code   RO         1985    i.jumpTo            loader.o
    0x00005974   0x00005974   0x00000020   Code   RO         1280    i.ld_clust          ff.o
    0x00005994   0x00005994   0x000000ec   Code   RO         1986    i.loadProgram       loader.o
    0x00005a80   0x00005a80   0x000000ec   Code   RO         1987    i.loadSecData       loader.o
    0x00005b6c   0x00005b6c   0x000000f4   Code   RO         1988    i.loadSegData       loader.o
    0x00005c60   0x00005c60   0x000000c4   Code   RO         1989    i.loadSymbols       loader.o
    0x00005d24   0x00005d24   0x0000000a   Code   RO           86    i.main              lab5.o
    0x00005d2e   0x00005d2e   0x00000030   Code   RO         1882    i.markBlockUnused   heap.o
    0x00005d5e   0x00005d5e   0x00000030   Code   RO         1883    i.markBlockUsed     heap.o
    0x00005d8e   0x00005d8e   0x00000026   Code   RO         1281    i.mem_cmp           ff.o
    0x00005db4   0x00005db4   0x0000001a   Code   RO         1282    i.mem_cpy           ff.o
    0x00005dce   0x00005dce   0x00000014   Code   RO         1283    i.mem_set           ff.o
    0x00005de2   0x00005de2   0x0000002e   Code   RO         1884    i.mergeBlockWithBelow  heap.o
    0x00005e10   0x00005e10   0x00000034   Code   RO         1284    i.move_window       ff.o
    0x00005e44   0x00005e44   0x0000000e   Code   RO         1885    i.nextBlockHeader   heap.o
    0x00005e52   0x00005e52   0x00000084   Code   RO         1990    i.placeDynamic      loader.o
    0x00005ed6   0x00005ed6   0x00000002   PAD
    0x00005ed8   0x00005ed8   0x00000154   Code   RO         1991    i.placeInfo         loader.o
    0x0000602c   0x0000602c   0x0000000c   Code   RO         1886    i.previousBlockHeader  heap.o
    0x00006038   0x00006038   0x00000012   Code   RO          543    i.pushColor         st7735.o
    0x0000604a   0x0000604a   0x00000142   Code   RO         1285    i.put_fat           ff.o
    0x0000618c   0x0000618c   0x00000048   Code   RO         1021    i.rcvr_datablock    edisk.o
    0x000061d4   0x000061d4   0x00000030   Code   RO         1022    i.rcvr_spi          edisk.o
    0x00006204   0x00006204   0x00000018   Code   RO         1023    i.rcvr_spi_multi    edisk.o
    0x0000621c   0x0000621c   0x0000003e   Code   RO         1992    i.readSecHeader     loader.o
    0x0000625a   0x0000625a   0x0000003a   Code   RO         1993    i.readSection       loader.o
    0x00006294   0x00006294   0x00000044   Code   RO         1994    i.readSectionName   loader.o
    0x000062d8   0x000062d8   0x0000003a   Code   RO         1995    i.readSegHeader     loader.o
    0x00006312   0x00006312   0x00000072   Code   RO         1996    i.readSymbol        loader.o
    0x00006384   0x00006384   0x00000044   Code   RO         1997    i.readSymbolName    loader.o
    0x000063c8   0x000063c8   0x00000124   Code   RO           87    i.realmain          lab5.o
    0x000064ec   0x000064ec   0x000000aa   Code   RO         1998    i.relJmpCall        loader.o
    0x00006596   0x00006596   0x00000002   PAD
    0x00006598   0x00006598   0x000000cc   Code   RO         1999    i.relocate          loader.o
    0x00006664   0x00006664   0x00000040   Code   RO         2000    i.relocateProgram   loader.o
    0x000066a4   0x000066a4   0x00000084   Code   RO         2001    i.relocateSection   loader.o
    0x00006728   0x00006728   0x00000048   Code   RO         2002    i.relocateSections  loader.o
    0x00006770   0x00006770   0x00000038   Code   RO         2003    i.relocateSymbol    loader.o
    0x000067a8   0x000067a8   0x0000006c   Code   RO         1286    i.remove_chain      ff.o
    0x00006814   0x00006814   0x00000046   Code   RO         2004    i.sectionOf         loader.o
    0x0000685a   0x0000685a   0x00000002   PAD
    0x0000685c   0x0000685c   0x00000030   Code   RO         1024    i.select            edisk.o
    0x0000688c   0x0000688c   0x00000096   Code   RO         1025    i.send_cmd          edisk.o
    0x00006922   0x00006922   0x00000002   PAD
    0x00006924   0x00006924   0x00000074   Code   RO          544    i.setAddrWindow     st7735.o
    0x00006998   0x00006998   0x00000046   Code   RO          779    i.split             interpreter.o
    0x000069de   0x000069de   0x0000004c   Code   RO         1887    i.splitAndMarkBlockUsed  heap.o
    0x00006a2a   0x00006a2a   0x00000010   Code   RO         1287    i.st_clust          ff.o
    0x00006a3a   0x00006a3a   0x00000002   PAD
    0x00006a3c   0x00006a3c   0x000001c0   Code   RO          215    i.stack_init        os.o
    0x00006bfc   0x00006bfc   0x00000030   Code   RO          780    i.strCmp            interpreter.o
    0x00006c2c   0x00006c2c   0x0000000c   Code   RO          781    i.string_to_int     interpreter.o
    0x00006c38   0x00006c38   0x000000c8   Code   RO         1288    i.sync_fs           ff.o
    0x00006d00   0x00006d00   0x00000052   Code   RO         1289    i.sync_window       ff.o
    0x00006d52   0x00006d52   0x00000036   Code   RO         1290    i.validate          ff.o
    0x00006d88   0x00006d88   0x00000030   Code   RO         1026    i.wait_ready        edisk.o
    0x00006db8   0x00006db8   0x00000050   Code   RO          545    i.writecommand      st7735.o
    0x00006e08   0x00006e08   0x00000054   Code   RO          546    i.writedata         st7735.o
    0x00006e5c   0x00006e5c   0x00000038   Code   RO         1027    i.xchg_spi          edisk.o
    0x00006e94   0x00006e94   0x0000004c   Code   RO         1028    i.xmit_datablock    edisk.o
    0x00006ee0   0x00006ee0   0x00000030   Code   RO         1029    i.xmit_spi_multi    edisk.o
    0x00006f10   0x00006f10   0x00000004   Data   RO          217    .constdata          os.o
    0x00006f14   0x00006f14   0x00000842   Data   RO          548    .constdata          st7735.o
    0x00007756   0x00007756   0x00000002   PAD
    0x00007758   0x00007758   0x00000010   Data   RO          782    .constdata          interpreter.o
    0x00007768   0x00007768   0x0000002c   Data   RO         1291    .constdata          ff.o
    0x00007794   0x00007794   0x00000045   Data   RO         2006    .constdata          loader.o
    0x000077d9   0x000077d9   0x00000081   Data   RO         3036    .constdata          mc_w.l(ctype_o.o)
    0x0000785a   0x0000785a   0x00000002   PAD
    0x0000785c   0x0000785c   0x00000004   Data   RO         3037    .constdata          mc_w.l(ctype_o.o)
    0x00007860   0x00007860   0x0000000f   Data   RO          783    .conststring        interpreter.o
    0x0000786f   0x0000786f   0x00000001   PAD
    0x00007870   0x00007870   0x00000020   Data   RO         3070    Region$$Table       anon$$obj.o


    Execution Region ER_RW (Exec base: 0x20000000, Load base: 0x00007890, Size: 0x0000025c, Max: 0xffffffff, ABSOLUTE, COMPRESSED[0x00000054])

    Exec Addr    Load Addr    Size         Type   Attr      Idx    E Section Name        Object

    0x20000000   COMPRESSED   0x00000010   Data   RW           88    .data               lab5.o
    0x20000010   COMPRESSED   0x00000040   Data   RW          218    .data               os.o
    0x20000050   COMPRESSED   0x00000034   Data   RW          549    .data               st7735.o
    0x20000084   COMPRESSED   0x00000010   Data   RW          871    .data               uart0int.o
    0x20000094   COMPRESSED   0x0000000d   Data   RW         1030    .data               edisk.o
    0x200000a1   COMPRESSED   0x00000003   PAD
    0x200000a4   COMPRESSED   0x00000006   Data   RW         1292    .data               ff.o
    0x200000aa   COMPRESSED   0x00000002   PAD
    0x200000ac   COMPRESSED   0x00000008   Data   RW         1541    .data               adct0atrigger.o
    0x200000b4   COMPRESSED   0x0000009c   Data   RW         1699    .data               lpf.o
    0x20000150   COMPRESSED   0x00000004   Data   RW         1846    .data               wtimer0a.o
    0x20000154   COMPRESSED   0x00000004   Data   RW         2160    .data               timer0a.o
    0x20000158   COMPRESSED   0x00000004   Data   RW         2187    .data               timer1a.o
    0x2000015c   COMPRESSED   0x00000004   Data   RW         2214    .data               timer2a.o
    0x20000160   COMPRESSED   0x00000004   Data   RW         2241    .data               timer3a.o
    0x20000164   COMPRESSED   0x00000004   Data   RW         2268    .data               timer4a.o
    0x20000168   COMPRESSED   0x00000004   Data   RW         2295    .data               timer5a.o
    0x2000016c   COMPRESSED   0x00000054   Data   RW         2357    .data               datacollectors.o
    0x200001c0   COMPRESSED   0x00000094   Data   RW         2561    .data               esp8266.o
    0x20000254   COMPRESSED   0x00000004   Data   RW         3009    .data               mc_w.l(errno.o)
    0x20000258   COMPRESSED   0x00000004   Data   RW         2319    DATA                systick.o


    Execution Region ER_ZI (Exec base: 0x2000025c, Load base: 0x000078e4, Size: 0x00006f6c, Max: 0xffffffff, ABSOLUTE)

    Exec Addr    Load Addr    Size         Type   Attr      Idx    E Section Name        Object

    0x2000025c        -       0x00004b7c   Zero   RW          216    .bss                os.o
    0x20004dd8        -       0x00000800   Zero   RW          870    .bss                uart0int.o
    0x200055d8        -       0x0000048c   Zero   RW         1147    .bss                efile.o
    0x20005a64        -       0x000001f0   Zero   RW         1698    .bss                lpf.o
    0x20005c54        -       0x00000800   Zero   RW         1888    .bss                heap.o
    0x20006454        -       0x000002a0   Zero   RW         2005    .bss                loader.o
    0x200066f4        -       0x00000390   Zero   RW         2356    .bss                datacollectors.o
    0x20006a84        -       0x00000340   Zero   RW         2560    .bss                esp8266.o
    0x20006dc4   0x000078e4   0x00000004   PAD
    0x20006dc8        -       0x00000400   Zero   RW            1    STACK               startup.o


==============================================================================

Image component sizes


      Code (inc. data)   RO Data    RW Data    ZI Data      Debug   Object Name

         6          0          0          0          0        515   adc.o
      1308         96          0          0          0       1952   adcswtrigger.o
        64         20          0          8          0       2464   adct0atrigger.o
      1136        186          0         84        912      11398   datacollectors.o
      2346        148          0         13          0      13218   edisk.o
       632        112          0          0       1164      10207   efile.o
       476         60          0        148        832       5257   esp8266.o
      8070        128         44          6          0      34344   ff.o
       706         26          0          0       2048      10219   heap.o
      1530        490         31          0          0       7532   interpreter.o
       738        178          0         16          0       7000   lab5.o
        92         22          0          0          0       4973   launchpad.o
      3234        690         69          0        672      32841   loader.o
       328         68          0        156        496       4542   lpf.o
      2958        208          4         64      19324      19640   os.o
       220         10          0          0          0        368   osasm.o
       124          4          0          0          0        487   pll.o
      1386        166       2114         52          0      13926   st7735.o
       672        622          0          0       1024       1020   startup.o
       260         34          0          4          0        372   systick.o
        24          8          0          4          0       1322   timer0a.o
       120         28          0          4          0       1653   timer1a.o
       120         28          0          4          0       1653   timer2a.o
       120         30          0          4          0       1653   timer3a.o
       120         30          0          4          0       1653   timer4a.o
       120         28          0          4          0       1653   timer5a.o
       912        136          0         16       2048      10555   uart0int.o
        24          8          0          4          0       1066   wtimer0a.o

    ----------------------------------------------------------------------
     27882       3564       2297        600      28524     203483   Object Totals
         0          0         32          0          0          0   (incl. Generated)
        36          0          3          5          4          0   (incl. Padding)

    ----------------------------------------------------------------------

      Code (inc. data)   RO Data    RW Data    ZI Data      Debug   Library Member Name

        58          0          0          0          0          0   __dczerorl.o
        28          0          0          0          0         68   _chval.o
       158          0          0          0          0         92   _strtoul.o
        26          0          0          0          0         80   atoi.o
         8          4        133          0          0         68   ctype_o.o
         0          0          0          0          0          0   entry.o
         0          0          0          0          0          0   entry10a.o
         0          0          0          0          0          0   entry11a.o
         8          4          0          0          0          0   entry2.o
         4          0          0          0          0          0   entry5.o
         0          0          0          0          0          0   entry7b.o
         0          0          0          0          0          0   entry8b.o
         8          4          0          0          0          0   entry9a.o
         8          4          0          4          0         68   errno.o
        30          0          0          0          0          0   handlers.o
        36          8          0          0          0         68   init.o
        36          0          0          0          0         68   memcpya.o
        28          0          0          0          0         76   strcmp.o
       112          0          0          0          0         88   strtol.o

    ----------------------------------------------------------------------
       550         24        135          4          0        676   Library Totals
         2          0          2          0          0          0   (incl. Padding)

    ----------------------------------------------------------------------

      Code (inc. data)   RO Data    RW Data    ZI Data      Debug   Library Name

       548         24        133          4          0        676   mc_w.l

    ----------------------------------------------------------------------
       550         24        135          4          0        676   Library Totals

    ----------------------------------------------------------------------

==============================================================================


      Code (inc. data)   RO Data    RW Data    ZI Data      Debug   

     28432       3588       2432        604      28524     192327   Grand Totals
     28432       3588       2432         84      28524     192327   ELF Image Totals (compressed)
     28432       3588       2432         84          0          0   ROM Totals

==============================================================================

    Total RO  Size (Code + RO Data)                30864 (  30.14kB)
    Total RW  Size (RW Data + ZI Data)             29128 (  28.45kB)
    Total ROM Size (Code + RO Data + RW Data)      30948 (  30.22kB)

==============================================================================

