Component: ARM Compiler 5.06 update 6 (build 750) Tool: armlink [4d35ed]

==============================================================================

Section Cross References

    startup.o(RESET) refers to startup.o(STACK) for StackMem
    startup.o(RESET) refers to osasm.o(.text) for SVC_Handler
    startup.o(RESET) refers to systick.o(.text) for SysTick_Handler
    startup.o(RESET) refers to uart0int.o(i.UART0_Handler) for UART0_Handler
    startup.o(RESET) refers to adct0atrigger.o(i.ADC0Seq0_Handler) for ADC0Seq0_Handler
    startup.o(RESET) refers to adct0atrigger.o(i.ADC0Seq3_Handler) for ADC0Seq3_Handler
    startup.o(RESET) refers to timer0a.o(i.Timer0A_Handler) for Timer0A_Handler
    startup.o(RESET) refers to timer1a.o(i.Timer1A_Handler) for Timer1A_Handler
    startup.o(RESET) refers to timer2a.o(i.Timer2A_Handler) for Timer2A_Handler
    startup.o(RESET) refers to os.o(i.GPIOPortF_Handler) for GPIOPortF_Handler
    startup.o(RESET) refers to esp8266.o(i.UART2_Handler) for UART2_Handler
    startup.o(RESET) refers to timer3a.o(i.Timer3A_Handler) for Timer3A_Handler
    startup.o(RESET) refers to can0.o(i.CAN0_Handler) for CAN0_Handler
    startup.o(RESET) refers to timer4a.o(i.Timer4A_Handler) for Timer4A_Handler
    startup.o(RESET) refers to timer5a.o(i.Timer5A_Handler) for Timer5A_Handler
    startup.o(RESET) refers to wtimer0a.o(i.WideTimer0A_Handler) for WideTimer0A_Handler
    startup.o(RESET) refers to entry.o(.ARM.Collect$$$$00000000) for __main
    launchpad.o(i.LaunchPad_WaitForRelease) refers to launchpad.o(i.DelayMs) for DelayMs
    launchpad.o(i.LaunchPad_WaitForTouch) refers to launchpad.o(i.DelayMs) for DelayMs
    lab6.o(i.ButtonWork1) refers to os.o(i.OS_Id) for OS_Id
    lab6.o(i.ButtonWork1) refers to st7735.o(i.ST7735_Message) for ST7735_Message
    lab6.o(i.ButtonWork1) refers to os.o(i.OS_Kill) for OS_Kill
    lab6.o(i.ButtonWork1) refers to lab6.o(.data) for sequenceNum
    lab6.o(i.CANReceiveTask) refers to can0.o(i.CAN0_GetMail) for CAN0_GetMail
    lab6.o(i.CANReceiveTask) refers to st7735.o(i.ST7735_Message) for ST7735_Message
    lab6.o(i.CANReceiveTask) refers to lab6.o(.data) for RcvData
    lab6.o(i.CANSendTask) refers to can0.o(i.CAN0_SendData) for CAN0_SendData
    lab6.o(i.CANSendTask) refers to lab6.o(.data) for XmtData
    lab6.o(i.ClientTest) refers to os.o(i.OS_Init) for OS_Init
    lab6.o(i.ClientTest) refers to lab6.o(i.PortD_Init) for PortD_Init
    lab6.o(i.ClientTest) refers to pll.o(i.PLL_Init) for PLL_Init
    lab6.o(i.ClientTest) refers to st7735.o(i.ST7735_InitR) for ST7735_InitR
    lab6.o(i.ClientTest) refers to launchpad.o(i.LaunchPad_Init) for LaunchPad_Init
    lab6.o(i.ClientTest) refers to uart0int.o(i.UART_Init) for UART_Init
    lab6.o(i.ClientTest) refers to os.o(i.OS_InitSemaphore) for OS_InitSemaphore
    lab6.o(i.ClientTest) refers to os.o(i.OS_AddThread) for OS_AddThread
    lab6.o(i.ClientTest) refers to os.o(i.OS_Launch) for OS_Launch
    lab6.o(i.ClientTest) refers to lab6.o(.data) for WebServerSema
    lab6.o(i.ClientTest) refers to lab6.o(i.Idle) for Idle
    lab6.o(i.ClientTest) refers to interpreter.o(i.RPCConnectWifi) for RPCConnectWifi
    lab6.o(i.ClientTest) refers to interpreter.o(i.Interpreter) for Interpreter
    lab6.o(i.ConnectWifi) refers to st7735.o(i.ST7735_InitR) for ST7735_InitR
    lab6.o(i.ConnectWifi) refers to esp8266.o(i.ESP8266_Init) for ESP8266_Init
    lab6.o(i.ConnectWifi) refers to st7735.o(i.ST7735_DrawString) for ST7735_DrawString
    lab6.o(i.ConnectWifi) refers to os.o(i.OS_Kill) for OS_Kill
    lab6.o(i.ConnectWifi) refers to esp8266.o(i.ESP8266_GetVersionNumber) for ESP8266_GetVersionNumber
    lab6.o(i.ConnectWifi) refers to esp8266.o(i.ESP8266_Connect) for ESP8266_Connect
    lab6.o(i.ConnectWifi) refers to os.o(i.OS_AddThread) for OS_AddThread
    lab6.o(i.ConnectWifi) refers to lab6.o(i.FetchWeather) for FetchWeather
    lab6.o(i.ConnectWifi) refers to lab6.o(.data) for NumCreated
    lab6.o(i.FetchWeather) refers to st7735.o(i.ST7735_InitR) for ST7735_InitR
    lab6.o(i.FetchWeather) refers to st7735.o(i.ST7735_DrawString) for ST7735_DrawString
    lab6.o(i.FetchWeather) refers to esp8266.o(i.ESP8266_GetStatus) for ESP8266_GetStatus
    lab6.o(i.FetchWeather) refers to esp8266.o(i.ESP8266_MakeTCPConnection) for ESP8266_MakeTCPConnection
    lab6.o(i.FetchWeather) refers to os.o(i.OS_Kill) for OS_Kill
    lab6.o(i.FetchWeather) refers to esp8266.o(i.ESP8266_Send) for ESP8266_Send
    lab6.o(i.FetchWeather) refers to esp8266.o(i.ESP8266_CloseTCPConnection) for ESP8266_CloseTCPConnection
    lab6.o(i.FetchWeather) refers to esp8266.o(i.ESP8266_Receive) for ESP8266_Receive
    lab6.o(i.FetchWeather) refers to strncmp.o(.text) for strncmp
    lab6.o(i.FetchWeather) refers to atol.o(.text) for atol
    lab6.o(i.FetchWeather) refers to strlen.o(.text) for strlen
    lab6.o(i.FetchWeather) refers to heap.o(i.Heap_Malloc) for Heap_Malloc
[...]
    ../clib/microlib/printf/printf.c         0x00000000   Number         0  printf3.o ABSOLUTE
    ../clib/microlib/printf/printf.c         0x00000000   Number         0  printf4.o ABSOLUTE
    ../clib/microlib/printf/printf.c         0x00000000   Number         0  printf5.o ABSOLUTE
    ../clib/microlib/printf/printf.c         0x00000000   Number         0  printf6.o ABSOLUTE
    ../clib/microlib/printf/printf.c         0x00000000   Number         0  printf7.o ABSOLUTE
    ../clib/microlib/printf/printf.c         0x00000000   Number         0  printf8.o ABSOLUTE
    ../clib/microlib/printf/printf.c         0x00000000   Number         0  printfa.o ABSOLUTE
    ../clib/microlib/printf/stubs.s          0x00000000   Number         0  stubs.o ABSOLUTE
    ../clib/microlib/stdio/fputc.c           0x00000000   Number         0  fputc.o ABSOLUTE
    ../clib/microlib/stdio/semi.s            0x00000000   Number         0  semi.o ABSOLUTE
    ../clib/microlib/stdio/streams.c         0x00000000   Number         0  stdout.o ABSOLUTE
    ../clib/microlib/string/memcpy.c         0x00000000   Number         0  memcpya.o ABSOLUTE
    ../clib/microlib/string/memcpy.c         0x00000000   Number         0  memcpyb.o ABSOLUTE
    ../clib/microlib/string/strchr.c         0x00000000   Number         0  strchr.o ABSOLUTE
    ../clib/microlib/string/strcmp.c         0x00000000   Number         0  strcmp.o ABSOLUTE
    ../clib/microlib/string/strcpy.c         0x00000000   Number         0  strcpy.o ABSOLUTE
    ../clib/microlib/string/strlen.c         0x00000000   Number         0  strlen.o ABSOLUTE
    ../clib/microlib/string/strncmp.c        0x00000000   Number         0  strncmp.o ABSOLUTE
    ../clib/microlib/string/strstr.c         0x00000000   Number         0  strstr.o ABSOLUTE
    ../clib/microlib/stubs.s                 0x00000000   Number         0  iusefp.o ABSOLUTE
    ../clib/microlib/stubs.s                 0x00000000   Number         0  iusesemip.o ABSOLUTE
    ../clib/scanf.c                          0x00000000   Number         0  _strtoul.o ABSOLUTE
    ../clib/scanf.c                          0x00000000   Number         0  atol.o ABSOLUTE
    ../clib/scanf.c                          0x00000000   Number         0  _chval.o ABSOLUTE
    ../clib/scanf.c                          0x00000000   Number         0  strtol.o ABSOLUTE
    ../clib/scanf.c                          0x00000000   Number         0  atoi.o ABSOLUTE
    ../fplib/microlib/fpadd.c                0x00000000   Number         0  dadd.o ABSOLUTE
    ../fplib/microlib/fpdiv.c                0x00000000   Number         0  ddiv.o ABSOLUTE
    ../fplib/microlib/fpepilogue.c           0x00000000   Number         0  depilogue.o ABSOLUTE
    ../fplib/microlib/fpfix.c                0x00000000   Number         0  dfixul.o ABSOLUTE
    ../fplib/microlib/fpmul.c                0x00000000   Number         0  dmul.o ABSOLUTE
    ..\RTOS_Labs_common\ADC.c                0x00000000   Number         0  adc.o ABSOLUTE
    ..\RTOS_Labs_common\Interpreter.c        0x00000000   Number         0  interpreter.o ABSOLUTE
    ..\RTOS_Labs_common\OS.c                 0x00000000   Number         0  os.o ABSOLUTE
    ..\RTOS_Labs_common\ST7735.c             0x00000000   Number         0  st7735.o ABSOLUTE
    ..\RTOS_Labs_common\UART0int.c           0x00000000   Number         0  uart0int.o ABSOLUTE
    ..\RTOS_Labs_common\can0.c               0x00000000   Number         0  can0.o ABSOLUTE
    ..\RTOS_Labs_common\eDisk.c              0x00000000   Number         0  edisk.o ABSOLUTE
    ..\RTOS_Labs_common\esp8266.c            0x00000000   Number         0  esp8266.o ABSOLUTE
    ..\RTOS_Labs_common\heap.c               0x00000000   Number         0  heap.o ABSOLUTE
    ..\RTOS_Labs_common\osasm.s              0x00000000   Number         0  osasm.o ABSOLUTE
    ..\RTOS_Labs_common\systick.s            0x00000000   Number         0  systick.o ABSOLUTE
    ..\\driverlib\\cpu.c                     0x00000000   Number         0  cpu.o ABSOLUTE
    ..\driverlib\cpu.c                       0x00000000   Number         0  cpu.o ABSOLUTE
    ..\driverlib\interrupt.c                 0x00000000   Number         0  interrupt.o ABSOLUTE
    ..\inc\ADCSWTrigger.c                    0x00000000   Number         0  adcswtrigger.o ABSOLUTE
    ..\inc\ADCT0ATrigger.c                   0x00000000   Number         0  adct0atrigger.o ABSOLUTE
    ..\inc\IRDistance.c                      0x00000000   Number         0  irdistance.o ABSOLUTE
    ..\inc\LPF.c                             0x00000000   Number         0  lpf.o ABSOLUTE
    ..\inc\LaunchPad.c                       0x00000000   Number         0  launchpad.o ABSOLUTE
    ..\inc\PID_stm32.s                       0x00000000   Number         0  pid_stm32.o ABSOLUTE
    ..\inc\PLL.c                             0x00000000   Number         0  pll.o ABSOLUTE
    ..\inc\Timer0A.c                         0x00000000   Number         0  timer0a.o ABSOLUTE
    ..\inc\Timer1A.c                         0x00000000   Number         0  timer1a.o ABSOLUTE
    ..\inc\Timer2A.c                         0x00000000   Number         0  timer2a.o ABSOLUTE
    ..\inc\Timer3A.c                         0x00000000   Number         0  timer3a.o ABSOLUTE
    ..\inc\Timer4A.c                         0x00000000   Number         0  timer4a.o ABSOLUTE
    ..\inc\Timer5A.c                         0x00000000   Number         0  timer5a.o ABSOLUTE
    ..\inc\WTimer0A.c                        0x00000000   Number         0  wtimer0a.o ABSOLUTE
    ..\inc\can.c                             0x00000000   Number         0  can.o ABSOLUTE
    ..\inc\cr4_fft_64_stm32.s                0x00000000   Number         0  cr4_fft_64_stm32.o ABSOLUTE
    Lab6.c                                   0x00000000   Number         0  lab6.o ABSOLUTE
    cdrcmple.s                               0x00000000   Number         0  cdrcmple.o ABSOLUTE
    dc.s                                     0x00000000   Number         0  dc.o ABSOLUTE
    eFile.c                                  0x00000000   Number         0  efile.o ABSOLUTE
    ff.c                                     0x00000000   Number         0  ff.o ABSOLUTE
    handlers.s                               0x00000000   Number         0  handlers.o ABSOLUTE
    init.s                                   0x00000000   Number         0  init.o ABSOLUTE
    loader.c                                 0x00000000   Number         0  loader.o ABSOLUTE
    startup.s                                0x00000000   Number         0  startup.o ABSOLUTE
    .ARM.Collect$$$$00000000                 0x00000284   Section        0  entry.o(.ARM.Collect$$$$00000000)
    .ARM.Collect$$$$00000001                 0x00000284   Section        4  entry2.o(.ARM.Collect$$$$00000001)
    .ARM.Collect$$$$00000004                 0x00000288   Section        4  entry5.o(.ARM.Collect$$$$00000004)
    .ARM.Collect$$$$00000008                 0x0000028c   Section        0  entry7b.o(.ARM.Collect$$$$00000008)
    .ARM.Collect$$$$0000000A                 0x0000028c   Section        0  entry8b.o(.ARM.Collect$$$$0000000A)
    .ARM.Collect$$$$0000000B                 0x0000028c   Section        8  entry9a.o(.ARM.Collect$$$$0000000B)
    .ARM.Collect$$$$0000000D                 0x00000294   Section        0  entry10a.o(.ARM.Collect$$$$0000000D)
    .ARM.Collect$$$$0000000F                 0x00000294   Section        0  entry11a.o(.ARM.Collect$$$$0000000F)
    .ARM.Collect$$$$00002712                 0x00000294   Section        4  entry2.o(.ARM.Collect$$$$00002712)
    __lit__00000000                          0x00000294   Data           4  entry2.o(.ARM.Collect$$$$00002712)
    .text                                    0x00000298   Section       28  startup.o(.text)
    .text                                    0x000002b4   Section      220  osasm.o(.text)
    .text                                    0x00000390   Section      260  systick.o(.text)
    .text                                    0x00000494   Section        0  memcpya.o(.text)
    .text                                    0x000004b8   Section        0  strstr.o(.text)
    .text                                    0x000004dc   Section        0  strchr.o(.text)
    .text                                    0x000004f0   Section        0  strlen.o(.text)
    .text                                    0x000004fe   Section        0  strncmp.o(.text)
    .text                                    0x0000051c   Section        0  uidiv.o(.text)
    .text                                    0x00000548   Section       36  init.o(.text)
    .text                                    0x0000056c   Section        0  __dczerorl.o(.text)
    i.ADC0Seq0_Handler                       0x000005a8   Section        0  adct0atrigger.o(i.ADC0Seq0_Handler)
    i.ADC0Seq3_Handler                       0x000005cc   Section        0  adct0atrigger.o(i.ADC0Seq3_Handler)
    i.CAN0_Handler                           0x000005e8   Section        0  can0.o(i.CAN0_Handler)
    i.CANDataRegRead                         0x00000670   Section        0  can.o(i.CANDataRegRead)
    CANDataRegRead                           0x00000671   Thumb Code    54  can.o(i.CANDataRegRead)
    i.CANIntClear                            0x000006a6   Section        0  can.o(i.CANIntClear)
    i.CANIntNumberGet                        0x000006f8   Section        0  can.o(i.CANIntNumberGet)
    CANIntNumberGet                          0x000006f9   Thumb Code    34  can.o(i.CANIntNumberGet)
    i.CANIntStatus                           0x00000720   Section        0  can.o(i.CANIntStatus)
    i.CANMessageGet                          0x0000075c   Section        0  can.o(i.CANMessageGet)
    i.CANRegRead                             0x00000914   Section        0  can.o(i.CANRegRead)
    CANRegRead                               0x00000915   Thumb Code    72  can.o(i.CANRegRead)
    i.CANRegWrite                            0x00000960   Section        0  can.o(i.CANRegWrite)
    CANRegWrite                              0x00000961   Thumb Code    24  can.o(i.CANRegWrite)
    i.CANStatusGet                           0x00000978   Section        0  can.o(i.CANStatusGet)
    i.CS_Init                                0x000009f4   Section        0  edisk.o(i.CS_Init)
    i.Delay1ms                               0x00000a80   Section        0  st7735.o(i.Delay1ms)
    i.DelayMs                                0x00000aa0   Section        0  esp8266.o(i.DelayMs)
    i.ESP8266BufferToTx                      0x00000ac0   Section        0  esp8266.o(i.ESP8266BufferToTx)
    ESP8266BufferToTx                        0x00000ac1   Thumb Code    52  esp8266.o(i.ESP8266BufferToTx)
    i.ESP8266Rx0Fifo_Get                     0x00000afc   Section        0  esp8266.o(i.ESP8266Rx0Fifo_Get)
    i.ESP8266Rx0Fifo_Init                    0x00000b38   Section        0  esp8266.o(i.ESP8266Rx0Fifo_Init)
    i.ESP8266Rx0Fifo_Put                     0x00000b4c   Section        0  esp8266.o(i.ESP8266Rx0Fifo_Put)
    i.ESP8266Rx0Fifo_Size                    0x00000b88   Section        0  esp8266.o(i.ESP8266Rx0Fifo_Size)
    i.ESP8266RxFifo_Get                      0x00000ba0   Section        0  esp8266.o(i.ESP8266RxFifo_Get)
    i.ESP8266RxFifo_Init                     0x00000bdc   Section        0  esp8266.o(i.ESP8266RxFifo_Init)
    i.ESP8266RxFifo_Put                      0x00000bf0   Section        0  esp8266.o(i.ESP8266RxFifo_Put)
    i.ESP8266RxFifo_Size                     0x00000c2c   Section        0  esp8266.o(i.ESP8266RxFifo_Size)
    i.ESP8266RxToBuffer                      0x00000c44   Section        0  esp8266.o(i.ESP8266RxToBuffer)
    ESP8266RxToBuffer                        0x00000c45   Thumb Code    60  esp8266.o(i.ESP8266RxToBuffer)
    i.ESP8266TxFifo_Get                      0x00000c88   Section        0  esp8266.o(i.ESP8266TxFifo_Get)
    i.ESP8266TxFifo_Init                     0x00000cc4   Section        0  esp8266.o(i.ESP8266TxFifo_Init)
    i.ESP8266TxFifo_Put                      0x00000cd8   Section        0  esp8266.o(i.ESP8266TxFifo_Put)
    i.ESP8266TxFifo_Size                     0x00000d14   Section        0  esp8266.o(i.ESP8266TxFifo_Size)
    i.ESP8266_CloseTCPConnection             0x00000d2c   Section        0  esp8266.o(i.ESP8266_CloseTCPConnection)
    i.ESP8266_Connect                        0x00000d90   Section        0  esp8266.o(i.ESP8266_Connect)
    i.ESP8266_DisableInterrupt               0x00000e04   Section        0  esp8266.o(i.ESP8266_DisableInterrupt)
    i.ESP8266_EnableInterrupt                0x00000e10   Section        0  esp8266.o(i.ESP8266_EnableInterrupt)
    i.ESP8266_EnableServer                   0x00000e34   Section        0  esp8266.o(i.ESP8266_EnableServer)
    i.ESP8266_GetIPAddress                   0x00000e88   Section        0  esp8266.o(i.ESP8266_GetIPAddress)
    i.ESP8266_GetMACAddress                  0x00000ec0   Section        0  esp8266.o(i.ESP8266_GetMACAddress)
    i.ESP8266_GetVersionNumber               0x00000ef8   Section        0  esp8266.o(i.ESP8266_GetVersionNumber)
    i.ESP8266_InChar                         0x00000f2c   Section        0  esp8266.o(i.ESP8266_InChar)
    i.ESP8266_Init                           0x00000f40   Section        0  esp8266.o(i.ESP8266_Init)
    i.ESP8266_InitUART                       0x00001018   Section        0  esp8266.o(i.ESP8266_InitUART)
    i.ESP8266_JoinAccessPoint                0x0000111c   Section        0  esp8266.o(i.ESP8266_JoinAccessPoint)
    i.ESP8266_ListAccessPoints               0x00001178   Section        0  esp8266.o(i.ESP8266_ListAccessPoints)
    i.ESP8266_OutChar                        0x000011b0   Section        0  esp8266.o(i.ESP8266_OutChar)
    i.ESP8266_Receive                        0x000011e4   Section        0  esp8266.o(i.ESP8266_Receive)
    i.ESP8266_Reset                          0x00001298   Section        0  esp8266.o(i.ESP8266_Reset)
    i.ESP8266_SendBuffered                   0x000012cc   Section        0  esp8266.o(i.ESP8266_SendBuffered)
    i.ESP8266_SendBufferedStatus             0x00001398   Section        0  esp8266.o(i.ESP8266_SendBufferedStatus)
    i.ESP8266_SendCommand                    0x0000143c   Section        0  esp8266.o(i.ESP8266_SendCommand)
    i.ESP8266_SetConnectionMux               0x00001458   Section        0  esp8266.o(i.ESP8266_SetConnectionMux)
    i.ESP8266_SetServerTimeout               0x000014a8   Section        0  esp8266.o(i.ESP8266_SetServerTimeout)
    i.ESP8266_SetWifiMode                    0x000014f4   Section        0  esp8266.o(i.ESP8266_SetWifiMode)
    i.ESP8266_StartServer                    0x0000153c   Section        0  esp8266.o(i.ESP8266_StartServer)
    i.ESP8266_WaitForConnection              0x0000156c   Section        0  esp8266.o(i.ESP8266_WaitForConnection)
    i.ESP8266_WaitForResponse                0x000015a8   Section        0  esp8266.o(i.ESP8266_WaitForResponse)
    i.GPIOPortF_Handler                      0x00001614   Section        0  os.o(i.GPIOPortF_Handler)
    i.HTTP_ServePage                         0x00001664   Section        0  lab6.o(i.HTTP_ServePage)
    i.Heap_Free                              0x000016c8   Section        0  heap.o(i.Heap_Free)
    i.Idle                                   0x00001758   Section        0  lab6.o(i.Idle)
    i.IntDisable                             0x00001774   Section        0  interrupt.o(i.IntDisable)
    i.IntEnable                              0x000017e8   Section        0  interrupt.o(i.IntEnable)
    i.LaunchPad_Init                         0x0000185c   Section        0  launchpad.o(i.LaunchPad_Init)
    i.OS_AddThread                           0x000018b8   Section        0  os.o(i.OS_AddThread)
    i.OS_Id                                  0x00001b70   Section        0  os.o(i.OS_Id)
    i.OS_Init                                0x00001b7c   Section        0  os.o(i.OS_Init)
    i.OS_InitSemaphore                       0x00001c04   Section        0  os.o(i.OS_InitSemaphore)
    i.OS_Kill                                0x00001c08   Section        0  os.o(i.OS_Kill)
    i.OS_Launch                              0x00001c64   Section        0  os.o(i.OS_Launch)
    i.OS_Signal                              0x00001c74   Section        0  os.o(i.OS_Signal)
    i.OS_Sleep                               0x00001cac   Section        0  os.o(i.OS_Sleep)
    i.OS_Suspend                             0x00001cd8   Section        0  os.o(i.OS_Suspend)
    i.OS_Time                                0x00001ce0   Section        0  os.o(i.OS_Time)
    i.OS_TimeDifference                      0x00001cf0   Section        0  os.o(i.OS_TimeDifference)
    i.OS_Wait                                0x00001d00   Section        0  os.o(i.OS_Wait)
    i.PLL_Init                               0x00001d30   Section        0  pll.o(i.PLL_Init)
    i.PortD_Init                             0x00001dac   Section        0  lab6.o(i.PortD_Init)
    i.ReceiveDataFilter                      0x00001e14   Section        0  esp8266.o(i.ReceiveDataFilter)
    i.RxFifo_Init                            0x00001f68   Section        0  uart0int.o(i.RxFifo_Init)
    i.RxFifo_Put                             0x00001f7c   Section        0  uart0int.o(i.RxFifo_Put)
    i.RxFifo_Size                            0x00001fb8   Section        0  uart0int.o(i.RxFifo_Size)
    i.ST7735_DrawCharS                       0x00001fd0   Section        0  st7735.o(i.ST7735_DrawCharS)
    i.ST7735_DrawPixel                       0x000020c8   Section        0  st7735.o(i.ST7735_DrawPixel)
    i.ST7735_DrawString                      0x00002110   Section        0  st7735.o(i.ST7735_DrawString)
    i.ST7735_FillRect                        0x00002168   Section        0  st7735.o(i.ST7735_FillRect)
    i.ST7735_FillScreen                      0x00002214   Section        0  st7735.o(i.ST7735_FillScreen)
    i.ST7735_InitR                           0x00002238   Section        0  st7735.o(i.ST7735_InitR)
    i.ST7735_SetCursor                       0x000022c0   Section        0  st7735.o(i.ST7735_SetCursor)
    i.Scheduler                              0x000022e0   Section        0  os.o(i.Scheduler)
    i.ServeHTTPRequest                       0x00002420   Section        0  lab6.o(i.ServeHTTPRequest)
    i.System_Timer                           0x000025cc   Section        0  os.o(i.System_Timer)
    i.Testmain3                              0x000025d0   Section        0  lab6.o(i.Testmain3)
    i.Timer0A_Handler                        0x00002644   Section        0  timer0a.o(i.Timer0A_Handler)
    i.Timer1A_Handler                        0x0000265c   Section        0  timer1a.o(i.Timer1A_Handler)
    i.Timer1A_Init                           0x00002674   Section        0  timer1a.o(i.Timer1A_Init)
    i.Timer2A_Handler                        0x000026d4   Section        0  timer2a.o(i.Timer2A_Handler)
    i.Timer2A_Init                           0x000026ec   Section        0  timer2a.o(i.Timer2A_Init)
    i.Timer3A_Handler                        0x0000274c   Section        0  timer3a.o(i.Timer3A_Handler)
    i.Timer3A_Init                           0x00002764   Section        0  timer3a.o(i.Timer3A_Init)
    i.Timer4A_Handler                        0x000027c4   Section        0  timer4a.o(i.Timer4A_Handler)
    i.Timer4A_Init                           0x000027dc   Section        0  timer4a.o(i.Timer4A_Init)
    i.Timer5A_Handler                        0x0000283c   Section        0  timer5a.o(i.Timer5A_Handler)
    i.Timer5A_Init                           0x00002854   Section        0  timer5a.o(i.Timer5A_Init)
    i.TxFifo_Get                             0x000028b4   Section        0  uart0int.o(i.TxFifo_Get)
    i.TxFifo_Init                            0x000028f0   Section        0  uart0int.o(i.TxFifo_Init)
    i.TxFifo_Put                             0x00002904   Section        0  uart0int.o(i.TxFifo_Put)
    i.TxFifo_Size                            0x00002940   Section        0  uart0int.o(i.TxFifo_Size)
    i.UART0_Handler                          0x00002958   Section        0  uart0int.o(i.UART0_Handler)
    i.UART2_Handler                          0x000029b0   Section        0  esp8266.o(i.UART2_Handler)
    i.UART_Init                              0x00002a08   Section        0  uart0int.o(i.UART_Init)
    i.UART_OutChar                           0x00002ad0   Section        0  uart0int.o(i.UART_OutChar)
    i.UART_OutCharNonBlock                   0x00002b04   Section        0  uart0int.o(i.UART_OutCharNonBlock)
    i.UART_OutString                         0x00002b38   Section        0  uart0int.o(i.UART_OutString)
    i.WebServer                              0x00002b50   Section        0  lab6.o(i.WebServer)
    i.WideTimer0A_Handler                    0x00002c44   Section        0  wtimer0a.o(i.WideTimer0A_Handler)
    i.__0sprintf$1                           0x00002c5c   Section        0  printf1.o(i.__0sprintf$1)
    i.__scatterload_copy                     0x00002c84   Section       14  handlers.o(i.__scatterload_copy)
    i.__scatterload_null                     0x00002c92   Section        2  handlers.o(i.__scatterload_null)
    i.__scatterload_zeroinit                 0x00002c94   Section       14  handlers.o(i.__scatterload_zeroinit)
    i._printf_core                           0x00002ca4   Section        0  printf1.o(i._printf_core)
    _printf_core                             0x00002ca5   Thumb Code   336  printf1.o(i._printf_core)
    i._sputc                                 0x00002df8   Section        0  printf1.o(i._sputc)
    _sputc                                   0x00002df9   Thumb Code    10  printf1.o(i._sputc)
    i.blockHeader                            0x00002e02   Section        0  heap.o(i.blockHeader)
    blockHeader                              0x00002e03   Thumb Code    18  heap.o(i.blockHeader)
    i.blockRoom                              0x00002e14   Section        0  heap.o(i.blockRoom)
    blockRoom                                0x00002e15   Thumb Code    18  heap.o(i.blockRoom)
    i.blockTrailer                           0x00002e26   Section        0  heap.o(i.blockTrailer)
    blockTrailer                             0x00002e27   Thumb Code    18  heap.o(i.blockTrailer)
    i.blockUnused                            0x00002e38   Section        0  heap.o(i.blockUnused)
    blockUnused                              0x00002e39   Thumb Code     8  heap.o(i.blockUnused)
    i.commandList                            0x00002e40   Section        0  st7735.o(i.commandList)
    commandList                              0x00002e41   Thumb Code    86  st7735.o(i.commandList)
    i.commonInit                             0x00002e98   Section        0  st7735.o(i.commonInit)
    commonInit                               0x00002e99   Thumb Code   346  st7735.o(i.commonInit)
    i.copyHardwareToSoftware                 0x00003024   Section        0  uart0int.o(i.copyHardwareToSoftware)
    copyHardwareToSoftware                   0x00003025   Thumb Code    40  uart0int.o(i.copyHardwareToSoftware)
    i.copySoftwareToHardware                 0x00003050   Section        0  uart0int.o(i.copySoftwareToHardware)
    copySoftwareToHardware                   0x00003051   Thumb Code    38  uart0int.o(i.copySoftwareToHardware)
    i.inHeapRange                            0x0000307c   Section        0  heap.o(i.inHeapRange)
    inHeapRange                              0x0000307d   Thumb Code    24  heap.o(i.inHeapRange)
    i.main                                   0x00003098   Section        0  lab6.o(i.main)
    i.markBlockUnused                        0x000030a2   Section        0  heap.o(i.markBlockUnused)
    markBlockUnused                          0x000030a3   Thumb Code    48  heap.o(i.markBlockUnused)
    i.mergeBlockWithBelow                    0x000030d2   Section        0  heap.o(i.mergeBlockWithBelow)
    mergeBlockWithBelow                      0x000030d3   Thumb Code    46  heap.o(i.mergeBlockWithBelow)
    i.nextBlockHeader                        0x00003100   Section        0  heap.o(i.nextBlockHeader)
    nextBlockHeader                          0x00003101   Thumb Code    14  heap.o(i.nextBlockHeader)
    i.previousBlockHeader                    0x0000310e   Section        0  heap.o(i.previousBlockHeader)
    previousBlockHeader                      0x0000310f   Thumb Code    12  heap.o(i.previousBlockHeader)
    i.pushColor                              0x0000311a   Section        0  st7735.o(i.pushColor)
    pushColor                                0x0000311b   Thumb Code    18  st7735.o(i.pushColor)
    i.setAddrWindow                          0x0000312c   Section        0  st7735.o(i.setAddrWindow)
    setAddrWindow                            0x0000312d   Thumb Code   106  st7735.o(i.setAddrWindow)
    i.stack_init                             0x000031a0   Section        0  os.o(i.stack_init)
    i.writecommand                           0x00003360   Section        0  st7735.o(i.writecommand)
    writecommand                             0x00003361   Thumb Code    68  st7735.o(i.writecommand)
    i.writedata                              0x000033b0   Section        0  st7735.o(i.writedata)
    writedata                                0x000033b1   Thumb Code    70  st7735.o(i.writedata)
    .constdata                               0x00003404   Section      441  lab6.o(.constdata)
    .constdata                               0x000035be   Section     2114  st7735.o(.constdata)
    Font                                     0x000035be   Data        1275  st7735.o(.constdata)
    Bcmd                                     0x00003ab9   Data         103  st7735.o(.constdata)
    Rcmd1                                    0x00003b20   Data          59  st7735.o(.constdata)
    Rcmd2green                               0x00003b5b   Data          13  st7735.o(.constdata)
    Rcmd2red                                 0x00003b68   Data          13  st7735.o(.constdata)
    Rcmd3                                    0x00003b75   Data          43  st7735.o(.constdata)
    .constdata                               0x00003e00   Section       54  esp8266.o(.constdata)
    ESP8266_READY_RESPONSE                   0x00003e00   Data          10  esp8266.o(.constdata)
    ESP8266_OK_RESPONSE                      0x00003e0a   Data           7  esp8266.o(.constdata)
    ESP8266_ERROR_RESPONSE                   0x00003e11   Data          10  esp8266.o(.constdata)
    ESP8266_FAIL_RESPONSE                    0x00003e1b   Data           9  esp8266.o(.constdata)
    ESP8266_SENDOK_RESPONSE                  0x00003e24   Data          12  esp8266.o(.constdata)
    .constdata                               0x00003e38   Section      268  interrupt.o(.constdata)
    g_pui32Priority                          0x00003e38   Data          32  interrupt.o(.constdata)
    g_pui32Regs                              0x00003e58   Data         156  interrupt.o(.constdata)
    g_pui32EnRegs                            0x00003ef4   Data          20  interrupt.o(.constdata)
    g_pui32Dii16Regs                         0x00003f08   Data          20  interrupt.o(.constdata)
    g_pui32PendRegs                          0x00003f1c   Data          20  interrupt.o(.constdata)
    g_pui32UnpendRegs                        0x00003f30   Data          20  interrupt.o(.constdata)
    .conststring                             0x00003f44   Section       78  lab6.o(.conststring)
    .data                                    0x20000000   Section       60  lab6.o(.data)
    .data                                    0x2000003c   Section       64  os.o(.data)
    .data                                    0x2000007c   Section       52  st7735.o(.data)
    ColStart                                 0x20000086   Data           1  st7735.o(.data)
    RowStart                                 0x20000087   Data           1  st7735.o(.data)
    Rotation                                 0x20000088   Data           1  st7735.o(.data)
    TabColor                                 0x20000089   Data           1  st7735.o(.data)
    _width                                   0x2000008a   Data           2  st7735.o(.data)
    _height                                  0x2000008c   Data           2  st7735.o(.data)
    .data                                    0x200000b0   Section       16  uart0int.o(.data)
    .data                                    0x200000c0   Section        8  adct0atrigger.o(.data)
    .data                                    0x200000c8   Section        4  wtimer0a.o(.data)
    .data                                    0x200000cc   Section       16  can0.o(.data)
    RCVData                                  0x200000d4   Data           4  can0.o(.data)
    MailFlag                                 0x200000d8   Data           4  can0.o(.data)
    .data                                    0x200000dc   Section       60  esp8266.o(.data)
    ReceiveDataSearchIndex                   0x20000100   Data           4  esp8266.o(.data)
    ReceiveDataState                         0x20000104   Data           4  esp8266.o(.data)
    ReceiveDataStream                        0x20000108   Data           4  esp8266.o(.data)
    ReceiveDataLen                           0x2000010c   Data           4  esp8266.o(.data)
    .data                                    0x20000118   Section        4  timer0a.o(.data)
    .data                                    0x2000011c   Section        4  timer1a.o(.data)
    .data                                    0x20000120   Section        4  timer2a.o(.data)
    .data                                    0x20000124   Section        4  timer3a.o(.data)
    .data                                    0x20000128   Section        4  timer4a.o(.data)
    .data                                    0x2000012c   Section        4  timer5a.o(.data)
    DATA                                     0x20000130   Section        4  systick.o(DATA)
    .bss                                     0x20000134   Section       64  lab6.o(.bss)
    .bss                                     0x20000174   Section    19324  os.o(.bss)
    Queue_Fifo                               0x20003d3c   Data        4000  os.o(.bss)
    OS_MailBox                               0x20004cdc   Data          20  os.o(.bss)
    .bss                                     0x20004cf0   Section     2048  uart0int.o(.bss)
    RxFifo                                   0x20004cf0   Data        1024  uart0int.o(.bss)
    TxFifo                                   0x200050f0   Data        1024  uart0int.o(.bss)
    .bss                                     0x200054f0   Section     2048  heap.o(.bss)
    Heap                                     0x200054f0   Data        2048  heap.o(.bss)
    .bss                                     0x20005cf0   Section     3072  esp8266.o(.bss)
    ESP8266RxFifo                            0x20005cf0   Data        1024  esp8266.o(.bss)
    ESP8266Rx0Fifo                           0x200060f0   Data        1024  esp8266.o(.bss)
    ESP8266TxFifo                            0x200064f0   Data        1024  esp8266.o(.bss)
    STACK                                    0x200068f0   Section     1024  startup.o(STACK)
    StackMem                                 0x200068f0   Data           0  startup.o(STACK)

    Global Symbols

    Symbol Name                              Value     Ov Type        Size  Object(Section)

    BuildAttributes$$THM_ISAv4$E$P$D$K$B$S$7EM$PE$A:L22UL41UL21$X:L11$S22US41US21$IEEE1$IW$USESV6$~STKCKD$USESV7$~SHL$OSPACE$ROPI$EBA8$MICROLIB$REQ8$PRES8$EABIv2 0x00000000   Number         0  anon$$obj.o ABSOLUTE
    __ARM_use_no_argv                        0x00000000   Number         0  lab6.o ABSOLUTE
    __Vectors                                0x00000000   Data           0  startup.o(RESET)
    _printf_a                                0x00000000   Number         0  stubs.o ABSOLUTE
    _printf_c                                0x00000000   Number         0  stubs.o ABSOLUTE
    _printf_charcount                        0x00000000   Number         0  stubs.o ABSOLUTE
    _printf_d                                0x00000000   Number         0  stubs.o ABSOLUTE
    _printf_e                                0x00000000   Number         0  stubs.o ABSOLUTE
    _printf_f                                0x00000000   Number         0  stubs.o ABSOLUTE
    _printf_flags                            0x00000000   Number         0  stubs.o ABSOLUTE
    _printf_fp_dec                           0x00000000   Number         0  stubs.o ABSOLUTE
    _printf_fp_hex                           0x00000000   Number         0  stubs.o ABSOLUTE
    _printf_g                                0x00000000   Number         0  stubs.o ABSOLUTE
    _printf_i                                0x00000000   Number         0  stubs.o ABSOLUTE
    _printf_int_dec                          0x00000000   Number         0  stubs.o ABSOLUTE
    _printf_l                                0x00000000   Number         0  stubs.o ABSOLUTE
    _printf_lc                               0x00000000   Number         0  stubs.o ABSOLUTE
    _printf_ll                               0x00000000   Number         0  stubs.o ABSOLUTE
    _printf_lld                              0x00000000   Number         0  stubs.o ABSOLUTE
    _printf_lli                              0x00000000   Number         0  stubs.o ABSOLUTE
    _printf_llo                              0x00000000   Number         0  stubs.o ABSOLUTE
    _printf_llu                              0x00000000   Number         0  stubs.o ABSOLUTE
    _printf_llx                              0x00000000   Number         0  stubs.o ABSOLUTE
    _printf_longlong_dec                     0x00000000   Number         0  stubs.o ABSOLUTE
    _printf_longlong_hex                     0x00000000   Number         0  stubs.o ABSOLUTE
    _printf_longlong_oct                     0x00000000   Number         0  stubs.o ABSOLUTE
    _printf_ls                               0x00000000   Number         0  stubs.o ABSOLUTE
    _printf_mbtowc                           0x00000000   Number         0  stubs.o ABSOLUTE
    _printf_n                                0x00000000   Number         0  stubs.o ABSOLUTE
    _printf_o                                0x00000000   Number         0  stubs.o ABSOLUTE
    _printf_p                                0x00000000   Number         0  stubs.o ABSOLUTE
    _printf_percent                          0x00000000   Number         0  stubs.o ABSOLUTE
    _printf_pre_padding                      0x00000000   Number         0  stubs.o ABSOLUTE
    _printf_return_value                     0x00000000   Number         0  stubs.o ABSOLUTE
    _printf_s                                0x00000000   Number         0  stubs.o ABSOLUTE
    _printf_sizespec                         0x00000000   Number         0  stubs.o ABSOLUTE
    _printf_str                              0x00000000   Number         0  stubs.o ABSOLUTE
    _printf_truncate_signed                  0x00000000   Number         0  stubs.o ABSOLUTE
    _printf_truncate_unsigned                0x00000000   Number         0  stubs.o ABSOLUTE
    _printf_u                                0x00000000   Number         0  stubs.o ABSOLUTE
    _printf_wc                               0x00000000   Number         0  stubs.o ABSOLUTE
    _printf_wctomb                           0x00000000   Number         0  stubs.o ABSOLUTE
    _printf_widthprec                        0x00000000   Number         0  stubs.o ABSOLUTE
    _printf_x                                0x00000000   Number         0  stubs.o ABSOLUTE
    __cpp_initialize__aeabi_                  - Undefined Weak Reference
    __cxa_finalize                            - Undefined Weak Reference
    _clock_init                               - Undefined Weak Reference
    _microlib_exit                            - Undefined Weak Reference
    Reset_Handler                            0x0000026d   Thumb Code     0  startup.o(RESET)
    NMI_Handler                              0x00000271   Thumb Code     2  startup.o(RESET)
    HardFault_Handler                        0x00000273   Thumb Code     2  startup.o(RESET)
    MemManage_Handler                        0x00000275   Thumb Code     2  startup.o(RESET)
    BusFault_Handler                         0x00000277   Thumb Code     2  startup.o(RESET)
    UsageFault_Handler                       0x00000279   Thumb Code     2  startup.o(RESET)
    DebugMon_Handler                         0x0000027d   Thumb Code     2  startup.o(RESET)
    ADC0Seq1_Handler                         0x00000283   Thumb Code     0  startup.o(RESET)
    ADC0Seq2_Handler                         0x00000283   Thumb Code     0  startup.o(RESET)
    ADC1Seq0_Handler                         0x00000283   Thumb Code     0  startup.o(RESET)
    ADC1Seq1_Handler                         0x00000283   Thumb Code     0  startup.o(RESET)
    ADC1Seq2_Handler                         0x00000283   Thumb Code     0  startup.o(RESET)
    ADC1Seq3_Handler                         0x00000283   Thumb Code     0  startup.o(RESET)
    CAN1_Handler                             0x00000283   Thumb Code     0  startup.o(RESET)
    CAN2_Handler                             0x00000283   Thumb Code     0  startup.o(RESET)
    Comp0_Handler                            0x00000283   Thumb Code     0  startup.o(RESET)
    Comp1_Handler                            0x00000283   Thumb Code     0  startup.o(RESET)
    Comp2_Handler                            0x00000283   Thumb Code     0  startup.o(RESET)
    Ethernet_Handler                         0x00000283   Thumb Code     0  startup.o(RESET)
    ExtBus_Handler                           0x00000283   Thumb Code     0  startup.o(RESET)
    FPU_Handler                              0x00000283   Thumb Code     0  startup.o(RESET)
    Fan0_Handler                             0x00000283   Thumb Code     0  startup.o(RESET)
    FlashCtl_Handler                         0x00000283   Thumb Code     0  startup.o(RESET)
    GPIOPortA_Handler                        0x00000283   Thumb Code     0  startup.o(RESET)
    GPIOPortB_Handler                        0x00000283   Thumb Code     0  startup.o(RESET)
    GPIOPortC_Handler                        0x00000283   Thumb Code     0  startup.o(RESET)
    GPIOPortD_Handler                        0x00000283   Thumb Code     0  startup.o(RESET)
    GPIOPortE_Handler                        0x00000283   Thumb Code     0  startup.o(RESET)
    GPIOPortG_Handler                        0x00000283   Thumb Code     0  startup.o(RESET)
    GPIOPortH_Handler                        0x00000283   Thumb Code     0  startup.o(RESET)
    GPIOPortJ_Handler                        0x00000283   Thumb Code     0  startup.o(RESET)
    GPIOPortK_Handler                        0x00000283   Thumb Code     0  startup.o(RESET)
    GPIOPortL_Handler                        0x00000283   Thumb Code     0  startup.o(RESET)
    GPIOPortM_Handler                        0x00000283   Thumb Code     0  startup.o(RESET)
    GPIOPortN_Handler                        0x00000283   Thumb Code     0  startup.o(RESET)
    GPIOPortP1_Handler                       0x00000283   Thumb Code     0  startup.o(RESET)
    GPIOPortP2_Handler                       0x00000283   Thumb Code     0  startup.o(RESET)
    GPIOPortP3_Handler                       0x00000283   Thumb Code     0  startup.o(RESET)
    GPIOPortP4_Handler                       0x00000283   Thumb Code     0  startup.o(RESET)
    GPIOPortP5_Handler                       0x00000283   Thumb Code     0  startup.o(RESET)
    GPIOPortP6_Handler                       0x00000283   Thumb Code     0  startup.o(RESET)
    GPIOPortP7_Handler                       0x00000283   Thumb Code     0  startup.o(RESET)
    GPIOPortP_Handler                        0x00000283   Thumb Code     0  startup.o(RESET)
    GPIOPortQ1_Handler                       0x00000283   Thumb Code     0  startup.o(RESET)
    GPIOPortQ2_Handler                       0x00000283   Thumb Code     0  startup.o(RESET)
    GPIOPortQ3_Handler                       0x00000283   Thumb Code     0  startup.o(RESET)
    GPIOPortQ4_Handler                       0x00000283   Thumb Code     0  startup.o(RESET)
    GPIOPortQ5_Handler                       0x00000283   Thumb Code     0  startup.o(RESET)
    GPIOPortQ6_Handler                       0x00000283   Thumb Code     0  startup.o(RESET)
    GPIOPortQ7_Handler                       0x00000283   Thumb Code     0  startup.o(RESET)
    GPIOPortQ_Handler                        0x00000283   Thumb Code     0  startup.o(RESET)
    GPIOPortR_Handler                        0x00000283   Thumb Code     0  startup.o(RESET)
    GPIOPortS_Handler                        0x00000283   Thumb Code     0  startup.o(RESET)
    Hibernate_Handler                        0x00000283   Thumb Code     0  startup.o(RESET)
    I2C0_Handler                             0x00000283   Thumb Code     0  startup.o(RESET)
    I2C1_Handler                             0x00000283   Thumb Code     0  startup.o(RESET)
    I2C2_Handler                             0x00000283   Thumb Code     0  startup.o(RESET)
    I2C3_Handler                             0x00000283   Thumb Code     0  startup.o(RESET)
    I2C4_Handler                             0x00000283   Thumb Code     0  startup.o(RESET)
    I2C5_Handler                             0x00000283   Thumb Code     0  startup.o(RESET)
    I2S0_Handler                             0x00000283   Thumb Code     0  startup.o(RESET)
    LPC0_Handler                             0x00000283   Thumb Code     0  startup.o(RESET)
    PECI0_Handler                            0x00000283   Thumb Code     0  startup.o(RESET)
    PWM0Fault_Handler                        0x00000283   Thumb Code     0  startup.o(RESET)
    PWM0Generator0_Handler                   0x00000283   Thumb Code     0  startup.o(RESET)
    PWM0Generator1_Handler                   0x00000283   Thumb Code     0  startup.o(RESET)
    PWM0Generator2_Handler                   0x00000283   Thumb Code     0  startup.o(RESET)
    PWM0Generator3_Handler                   0x00000283   Thumb Code     0  startup.o(RESET)
    PWM1Fault_Handler                        0x00000283   Thumb Code     0  startup.o(RESET)
    PWM1Generator0_Handler                   0x00000283   Thumb Code     0  startup.o(RESET)
    PWM1Generator1_Handler                   0x00000283   Thumb Code     0  startup.o(RESET)
    PWM1Generator2_Handler                   0x00000283   Thumb Code     0  startup.o(RESET)
    PWM1Generator3_Handler                   0x00000283   Thumb Code     0  startup.o(RESET)
    Quadrature0_Handler                      0x00000283   Thumb Code     0  startup.o(RESET)
    Quadrature1_Handler                      0x00000283   Thumb Code     0  startup.o(RESET)
    Quadrature2_Handler                      0x00000283   Thumb Code     0  startup.o(RESET)
    SSI0_Handler                             0x00000283   Thumb Code     0  startup.o(RESET)
    SSI1_Handler                             0x00000283   Thumb Code     0  startup.o(RESET)
    SSI2_Handler                             0x00000283   Thumb Code     0  startup.o(RESET)
    SSI3_Handler                             0x00000283   Thumb Code     0  startup.o(RESET)
    SysCtl_Handler                           0x00000283   Thumb Code     0  startup.o(RESET)
    Timer0B_Handler                          0x00000283   Thumb Code     0  startup.o(RESET)
    Timer1B_Handler                          0x00000283   Thumb Code     0  startup.o(RESET)
    Timer2B_Handler                          0x00000283   Thumb Code     0  startup.o(RESET)
    Timer3B_Handler                          0x00000283   Thumb Code     0  startup.o(RESET)
    Timer4B_Handler                          0x00000283   Thumb Code     0  startup.o(RESET)
    Timer5B_Handler                          0x00000283   Thumb Code     0  startup.o(RESET)
    UART1_Handler                            0x00000283   Thumb Code     0  startup.o(RESET)
    UART3_Handler                            0x00000283   Thumb Code     0  startup.o(RESET)
    UART4_Handler                            0x00000283   Thumb Code     0  startup.o(RESET)
    UART5_Handler                            0x00000283   Thumb Code     0  startup.o(RESET)
    UART6_Handler                            0x00000283   Thumb Code     0  startup.o(RESET)
    UART7_Handler                            0x00000283   Thumb Code     0  startup.o(RESET)
    USB0_Handler                             0x00000283   Thumb Code     0  startup.o(RESET)
    WDT_Handler                              0x00000283   Thumb Code     0  startup.o(RESET)
    WideTimer0B_Handler                      0x00000283   Thumb Code     0  startup.o(RESET)
    WideTimer1A_Handler                      0x00000283   Thumb Code     0  startup.o(RESET)
    WideTimer1B_Handler                      0x00000283   Thumb Code     0  startup.o(RESET)
    WideTimer2A_Handler                      0x00000283   Thumb Code     0  startup.o(RESET)
    WideTimer2B_Handler                      0x00000283   Thumb Code     0  startup.o(RESET)
    WideTimer3A_Handler                      0x00000283   Thumb Code     0  startup.o(RESET)
    WideTimer3B_Handler                      0x00000283   Thumb Code     0  startup.o(RESET)
    WideTimer4A_Handler                      0x00000283   Thumb Code     0  startup.o(RESET)
    WideTimer4B_Handler                      0x00000283   Thumb Code     0  startup.o(RESET)
    WideTimer5A_Handler                      0x00000283   Thumb Code     0  startup.o(RESET)
    WideTimer5B_Handler                      0x00000283   Thumb Code     0  startup.o(RESET)
    uDMA_Error                               0x00000283   Thumb Code     0  startup.o(RESET)
    uDMA_Handler                             0x00000283   Thumb Code     0  startup.o(RESET)
    __main                                   0x00000285   Thumb Code     0  entry.o(.ARM.Collect$$$$00000000)
    _main_stk                                0x00000285   Thumb Code     0  entry2.o(.ARM.Collect$$$$00000001)
    _main_scatterload                        0x00000289   Thumb Code     0  entry5.o(.ARM.Collect$$$$00000004)
    __main_after_scatterload                 0x0000028d   Thumb Code     0  entry5.o(.ARM.Collect$$$$00000004)
    _main_clock                              0x0000028d   Thumb Code     0  entry7b.o(.ARM.Collect$$$$00000008)
    _main_cpp_init                           0x0000028d   Thumb Code     0  entry8b.o(.ARM.Collect$$$$0000000A)
    _main_init                               0x0000028d   Thumb Code     0  entry9a.o(.ARM.Collect$$$$0000000B)
    __rt_final_cpp                           0x00000295   Thumb Code     0  entry10a.o(.ARM.Collect$$$$0000000D)
    __rt_final_exit                          0x00000295   Thumb Code     0  entry11a.o(.ARM.Collect$$$$0000000F)
    DisableInterrupts                        0x00000299   Thumb Code     0  startup.o(.text)
    EnableInterrupts                         0x0000029d   Thumb Code     0  startup.o(.text)
    StartCritical                            0x000002a1   Thumb Code     0  startup.o(.text)
    EndCritical                              0x000002a9   Thumb Code     0  startup.o(.text)
    WaitForInterrupt                         0x000002af   Thumb Code     0  startup.o(.text)
    StartOS                                  0x000002b5   Thumb Code     0  osasm.o(.text)
    ContextSwitch                            0x000002b9   Thumb Code     0  osasm.o(.text)
    PendSV_Handler                           0x000002d3   Thumb Code     0  osasm.o(.text)
    Debug                                    0x00000315   Thumb Code     0  osasm.o(.text)
    Debug2                                   0x00000317   Thumb Code     0  osasm.o(.text)
    SVC_Handler                              0x00000319   Thumb Code     0  osasm.o(.text)
    set_R9                                   0x00000383   Thumb Code     0  osasm.o(.text)
    SysTick_Init                             0x00000391   Thumb Code     0  systick.o(.text)
    SysTick_Wait                             0x000003cd   Thumb Code     0  systick.o(.text)
    SysTick_Wait10ms                         0x000003e1   Thumb Code     0  systick.o(.text)
    SysTick_Handler                          0x000003f7   Thumb Code     0  systick.o(.text)
    launch_first_thread                      0x00000453   Thumb Code     0  systick.o(.text)
    __aeabi_memcpy                           0x00000495   Thumb Code    36  memcpya.o(.text)
    __aeabi_memcpy4                          0x00000495   Thumb Code     0  memcpya.o(.text)
    __aeabi_memcpy8                          0x00000495   Thumb Code     0  memcpya.o(.text)
    strstr                                   0x000004b9   Thumb Code    36  strstr.o(.text)
    strchr                                   0x000004dd   Thumb Code    20  strchr.o(.text)
    strlen                                   0x000004f1   Thumb Code    14  strlen.o(.text)
    strncmp                                  0x000004ff   Thumb Code    30  strncmp.o(.text)
    __aeabi_uidiv                            0x0000051d   Thumb Code     0  uidiv.o(.text)
    __aeabi_uidivmod                         0x0000051d   Thumb Code    44  uidiv.o(.text)
    __scatterload                            0x00000549   Thumb Code    28  init.o(.text)
    __scatterload_rt2                        0x00000549   Thumb Code     0  init.o(.text)
    __decompress                             0x0000056d   Thumb Code     0  __dczerorl.o(.text)
    __decompress0                            0x0000056d   Thumb Code    58  __dczerorl.o(.text)
    ADC0Seq0_Handler                         0x000005a9   Thumb Code    26  adct0atrigger.o(i.ADC0Seq0_Handler)
    ADC0Seq3_Handler                         0x000005cd   Thumb Code    18  adct0atrigger.o(i.ADC0Seq3_Handler)
    CAN0_Handler                             0x000005e9   Thumb Code   118  can0.o(i.CAN0_Handler)
    CANIntClear                              0x000006a7   Thumb Code    80  can.o(i.CANIntClear)
    CANIntStatus                             0x00000721   Thumb Code    60  can.o(i.CANIntStatus)
    CANMessageGet                            0x0000075d   Thumb Code   438  can.o(i.CANMessageGet)
    CANStatusGet                             0x00000979   Thumb Code   124  can.o(i.CANStatusGet)
    CS_Init                                  0x000009f5   Thumb Code   118  edisk.o(i.CS_Init)
    Delay1ms                                 0x00000a81   Thumb Code    32  st7735.o(i.Delay1ms)
    DelayMs                                  0x00000aa1   Thumb Code    32  esp8266.o(i.DelayMs)
    ESP8266Rx0Fifo_Get                       0x00000afd   Thumb Code    46  esp8266.o(i.ESP8266Rx0Fifo_Get)
    ESP8266Rx0Fifo_Init                      0x00000b39   Thumb Code    12  esp8266.o(i.ESP8266Rx0Fifo_Init)
    ESP8266Rx0Fifo_Put                       0x00000b4d   Thumb Code    48  esp8266.o(i.ESP8266Rx0Fifo_Put)
    ESP8266Rx0Fifo_Size                      0x00000b89   Thumb Code    14  esp8266.o(i.ESP8266Rx0Fifo_Size)
    ESP8266RxFifo_Get                        0x00000ba1   Thumb Code    46  esp8266.o(i.ESP8266RxFifo_Get)
    ESP8266RxFifo_Init                       0x00000bdd   Thumb Code    12  esp8266.o(i.ESP8266RxFifo_Init)
    ESP8266RxFifo_Put                        0x00000bf1   Thumb Code    48  esp8266.o(i.ESP8266RxFifo_Put)
    ESP8266RxFifo_Size                       0x00000c2d   Thumb Code    14  esp8266.o(i.ESP8266RxFifo_Size)
    ESP8266TxFifo_Get                        0x00000c89   Thumb Code    46  esp8266.o(i.ESP8266TxFifo_Get)
    ESP8266TxFifo_Init                       0x00000cc5   Thumb Code    12  esp8266.o(i.ESP8266TxFifo_Init)
    ESP8266TxFifo_Put                        0x00000cd9   Thumb Code    48  esp8266.o(i.ESP8266TxFifo_Put)
    ESP8266TxFifo_Size                       0x00000d15   Thumb Code    14  esp8266.o(i.ESP8266TxFifo_Size)
    ESP8266_CloseTCPConnection               0x00000d2d   Thumb Code    54  esp8266.o(i.ESP8266_CloseTCPConnection)
    ESP8266_Connect                          0x00000d91   Thumb Code    80  esp8266.o(i.ESP8266_Connect)
    ESP8266_DisableInterrupt                 0x00000e05   Thumb Code     8  esp8266.o(i.ESP8266_DisableInterrupt)
    ESP8266_EnableInterrupt                  0x00000e11   Thumb Code    26  esp8266.o(i.ESP8266_EnableInterrupt)
    ESP8266_EnableServer                     0x00000e35   Thumb Code    56  esp8266.o(i.ESP8266_EnableServer)
    ESP8266_GetIPAddress                     0x00000e89   Thumb Code    36  esp8266.o(i.ESP8266_GetIPAddress)
    ESP8266_GetMACAddress                    0x00000ec1   Thumb Code    36  esp8266.o(i.ESP8266_GetMACAddress)
    ESP8266_GetVersionNumber                 0x00000ef9   Thumb Code    36  esp8266.o(i.ESP8266_GetVersionNumber)
    ESP8266_InChar                           0x00000f2d   Thumb Code    20  esp8266.o(i.ESP8266_InChar)
    ESP8266_Init                             0x00000f41   Thumb Code   190  esp8266.o(i.ESP8266_Init)
    ESP8266_InitUART                         0x00001019   Thumb Code   226  esp8266.o(i.ESP8266_InitUART)
    ESP8266_JoinAccessPoint                  0x0000111d   Thumb Code    64  esp8266.o(i.ESP8266_JoinAccessPoint)
    ESP8266_ListAccessPoints                 0x00001179   Thumb Code    36  esp8266.o(i.ESP8266_ListAccessPoints)
    ESP8266_OutChar                          0x000011b1   Thumb Code    46  esp8266.o(i.ESP8266_OutChar)
    ESP8266_Receive                          0x000011e5   Thumb Code   146  esp8266.o(i.ESP8266_Receive)
    ESP8266_Reset                            0x00001299   Thumb Code    36  esp8266.o(i.ESP8266_Reset)
    ESP8266_SendBuffered                     0x000012cd   Thumb Code   126  esp8266.o(i.ESP8266_SendBuffered)
    ESP8266_SendBufferedStatus               0x00001399   Thumb Code    84  esp8266.o(i.ESP8266_SendBufferedStatus)
    ESP8266_SendCommand                      0x0000143d   Thumb Code    26  esp8266.o(i.ESP8266_SendCommand)
    ESP8266_SetConnectionMux                 0x00001459   Thumb Code    56  esp8266.o(i.ESP8266_SetConnectionMux)
    ESP8266_SetServerTimeout                 0x000014a9   Thumb Code    52  esp8266.o(i.ESP8266_SetServerTimeout)
    ESP8266_SetWifiMode                      0x000014f5   Thumb Code    52  esp8266.o(i.ESP8266_SetWifiMode)
    ESP8266_StartServer                      0x0000153d   Thumb Code    46  esp8266.o(i.ESP8266_StartServer)
    ESP8266_WaitForConnection                0x0000156d   Thumb Code    40  esp8266.o(i.ESP8266_WaitForConnection)
    ESP8266_WaitForResponse                  0x000015a9   Thumb Code   108  esp8266.o(i.ESP8266_WaitForResponse)
    GPIOPortF_Handler                        0x00001615   Thumb Code    68  os.o(i.GPIOPortF_Handler)
    HTTP_ServePage                           0x00001665   Thumb Code    86  lab6.o(i.HTTP_ServePage)
    Heap_Free                                0x000016c9   Thumb Code   140  heap.o(i.Heap_Free)
    Idle                                     0x00001759   Thumb Code    24  lab6.o(i.Idle)
    IntDisable                               0x00001775   Thumb Code   108  interrupt.o(i.IntDisable)
    IntEnable                                0x000017e9   Thumb Code   108  interrupt.o(i.IntEnable)
    LaunchPad_Init                           0x0000185d   Thumb Code    70  launchpad.o(i.LaunchPad_Init)
    OS_AddThread                             0x000018b9   Thumb Code   676  os.o(i.OS_AddThread)
    OS_Id                                    0x00001b71   Thumb Code     8  os.o(i.OS_Id)
    OS_Init                                  0x00001b7d   Thumb Code   100  os.o(i.OS_Init)
    OS_InitSemaphore                         0x00001c05   Thumb Code     4  os.o(i.OS_InitSemaphore)
    OS_Kill                                  0x00001c09   Thumb Code    88  os.o(i.OS_Kill)
    OS_Launch                                0x00001c65   Thumb Code    16  os.o(i.OS_Launch)
    OS_Signal                                0x00001c75   Thumb Code    50  os.o(i.OS_Signal)
    OS_Sleep                                 0x00001cad   Thumb Code    38  os.o(i.OS_Sleep)
    OS_Suspend                               0x00001cd9   Thumb Code     8  os.o(i.OS_Suspend)
    OS_Time                                  0x00001ce1   Thumb Code    10  os.o(i.OS_Time)
    OS_TimeDifference                        0x00001cf1   Thumb Code    16  os.o(i.OS_TimeDifference)
    OS_Wait                                  0x00001d01   Thumb Code    44  os.o(i.OS_Wait)
    PLL_Init                                 0x00001d31   Thumb Code   120  pll.o(i.PLL_Init)
    PortD_Init                               0x00001dad   Thumb Code    88  lab6.o(i.PortD_Init)
    ReceiveDataFilter                        0x00001e15   Thumb Code   306  esp8266.o(i.ReceiveDataFilter)
    RxFifo_Init                              0x00001f69   Thumb Code    12  uart0int.o(i.RxFifo_Init)
    RxFifo_Put                               0x00001f7d   Thumb Code    48  uart0int.o(i.RxFifo_Put)
    RxFifo_Size                              0x00001fb9   Thumb Code    14  uart0int.o(i.RxFifo_Size)
    ST7735_DrawCharS                         0x00001fd1   Thumb Code   236  st7735.o(i.ST7735_DrawCharS)
    ST7735_DrawPixel                         0x000020c9   Thumb Code    64  st7735.o(i.ST7735_DrawPixel)
    ST7735_DrawString                        0x00002111   Thumb Code    86  st7735.o(i.ST7735_DrawString)
    ST7735_FillRect                          0x00002169   Thumb Code   164  st7735.o(i.ST7735_FillRect)
    ST7735_FillScreen                        0x00002215   Thumb Code    28  st7735.o(i.ST7735_FillScreen)
    ST7735_InitR                             0x00002239   Thumb Code    98  st7735.o(i.ST7735_InitR)
    ST7735_SetCursor                         0x000022c1   Thumb Code    22  st7735.o(i.ST7735_SetCursor)
    Scheduler                                0x000022e1   Thumb Code   310  os.o(i.Scheduler)
    ServeHTTPRequest                         0x00002421   Thumb Code   244  lab6.o(i.ServeHTTPRequest)
    System_Timer                             0x000025cd   Thumb Code     2  os.o(i.System_Timer)
    Testmain3                                0x000025d1   Thumb Code    94  lab6.o(i.Testmain3)
    Timer0A_Handler                          0x00002645   Thumb Code    16  timer0a.o(i.Timer0A_Handler)
    Timer1A_Handler                          0x0000265d   Thumb Code    16  timer1a.o(i.Timer1A_Handler)
    Timer1A_Init                             0x00002675   Thumb Code    76  timer1a.o(i.Timer1A_Init)
    Timer2A_Handler                          0x000026d5   Thumb Code    16  timer2a.o(i.Timer2A_Handler)
    Timer2A_Init                             0x000026ed   Thumb Code    76  timer2a.o(i.Timer2A_Init)
    Timer3A_Handler                          0x0000274d   Thumb Code    16  timer3a.o(i.Timer3A_Handler)
    Timer3A_Init                             0x00002765   Thumb Code    74  timer3a.o(i.Timer3A_Init)
    Timer4A_Handler                          0x000027c5   Thumb Code    16  timer4a.o(i.Timer4A_Handler)
    Timer4A_Init                             0x000027dd   Thumb Code    74  timer4a.o(i.Timer4A_Init)
    Timer5A_Handler                          0x0000283d   Thumb Code    16  timer5a.o(i.Timer5A_Handler)
    Timer5A_Init                             0x00002855   Thumb Code    76  timer5a.o(i.Timer5A_Init)
    TxFifo_Get                               0x000028b5   Thumb Code    46  uart0int.o(i.TxFifo_Get)
    TxFifo_Init                              0x000028f1   Thumb Code    12  uart0int.o(i.TxFifo_Init)
    TxFifo_Put                               0x00002905   Thumb Code    48  uart0int.o(i.TxFifo_Put)
    TxFifo_Size                              0x00002941   Thumb Code    14  uart0int.o(i.TxFifo_Size)
    UART0_Handler                            0x00002959   Thumb Code    82  uart0int.o(i.UART0_Handler)
    UART2_Handler                            0x000029b1   Thumb Code    82  esp8266.o(i.UART2_Handler)
    UART_Init                                0x00002a09   Thumb Code   174  uart0int.o(i.UART_Init)
    UART_OutChar                             0x00002ad1   Thumb Code    46  uart0int.o(i.UART_OutChar)
    UART_OutCharNonBlock                     0x00002b05   Thumb Code    46  uart0int.o(i.UART_OutCharNonBlock)
    UART_OutString                           0x00002b39   Thumb Code    24  uart0int.o(i.UART_OutString)
    WebServer                                0x00002b51   Thumb Code   152  lab6.o(i.WebServer)
    WideTimer0A_Handler                      0x00002c45   Thumb Code    16  wtimer0a.o(i.WideTimer0A_Handler)
    __0sprintf$1                             0x00002c5d   Thumb Code    34  printf1.o(i.__0sprintf$1)
    __1sprintf$1                             0x00002c5d   Thumb Code     0  printf1.o(i.__0sprintf$1)
    __2sprintf                               0x00002c5d   Thumb Code     0  printf1.o(i.__0sprintf$1)
    __scatterload_copy                       0x00002c85   Thumb Code    14  handlers.o(i.__scatterload_copy)
    __scatterload_null                       0x00002c93   Thumb Code     2  handlers.o(i.__scatterload_null)
    __scatterload_zeroinit                   0x00002c95   Thumb Code    14  handlers.o(i.__scatterload_zeroinit)
    main                                     0x00003099   Thumb Code    10  lab6.o(i.main)
    stack_init                               0x000031a1   Thumb Code   436  os.o(i.stack_init)
    Fetch                                    0x00003404   Data         112  lab6.o(.constdata)
    formBody                                 0x00003474   Data         238  lab6.o(.constdata)
    statusBody                               0x00003562   Data          91  lab6.o(.constdata)
    smallCircle                              0x00003ba0   Data          36  st7735.o(.constdata)
    circle                                   0x00003bc4   Data          60  st7735.o(.constdata)
    dBfs                                     0x00003c00   Data         512  st7735.o(.constdata)
    ReceiveDataSearchString                  0x00003e30   Data           6  esp8266.o(.constdata)
    Region$$Table$$Base                      0x00003f94   Number         0  anon$$obj.o(Region$$Table)
    Region$$Table$$Limit                     0x00003fb4   Number         0  anon$$obj.o(Region$$Table)
    IntTerm                                  0x20000000   Data           2  lab6.o(.data)
    PrevError                                0x20000002   Data           2  lab6.o(.data)
    NumCreated                               0x20000004   Data           4  lab6.o(.data)
    IdleCount                                0x20000008   Data           4  lab6.o(.data)
    FilterWork                               0x2000000c   Data           4  lab6.o(.data)
    Count4                                   0x20000010   Data           4  lab6.o(.data)
    Count1                                   0x20000014   Data           4  lab6.o(.data)
    Count2                                   0x20000018   Data           4  lab6.o(.data)
    Count3                                   0x2000001c   Data           4  lab6.o(.data)
    XmtData                                  0x20000020   Data           4  lab6.o(.data)
    RcvData                                  0x20000024   Data           4  lab6.o(.data)
    RcvCount                                 0x20000028   Data           4  lab6.o(.data)
    sequenceNum                              0x2000002c   Data           1  lab6.o(.data)
    Running                                  0x20000030   Data           4  lab6.o(.data)
    WebServerSema                            0x20000034   Data           8  lab6.o(.data)
    MaxJitter                                0x2000003c   Data           4  os.o(.data)
    performance                              0x20000040   Data           1  os.o(.data)
    Runptr                                   0x20000044   Data           4  os.o(.data)
    PeriodicTaskPF4                          0x20000048   Data           4  os.o(.data)
    PeriodicTaskPF2                          0x2000004c   Data           4  os.o(.data)
    Disabled                                 0x20000050   Data           4  os.o(.data)
    Disabled_usecs                           0x20000054   Data           4  os.o(.data)
    Enabled                                  0x20000058   Data           4  os.o(.data)
    Start_disable                            0x2000005c   Data           4  os.o(.data)
    Disabled_percentage                      0x20000060   Data           4  os.o(.data)
    Stop_disable                             0x20000064   Data           4  os.o(.data)
    Start_disable_flag                       0x20000068   Data           4  os.o(.data)
    Stop_enable                              0x2000006c   Data           4  os.o(.data)
    QueuePutI                                0x20000070   Data           4  os.o(.data)
    QueueGetI                                0x20000074   Data           4  os.o(.data)
    StreamToDevice                           0x20000078   Data           4  os.o(.data)
    StX                                      0x2000007c   Data           4  st7735.o(.data)
    StY                                      0x20000080   Data           4  st7735.o(.data)
    StTextColor                              0x20000084   Data           2  st7735.o(.data)
    LCDFree                                  0x20000090   Data           8  st7735.o(.data)
    Messageindex                             0x20000098   Data           4  st7735.o(.data)
    Ymax                                     0x2000009c   Data           4  st7735.o(.data)
    Ymin                                     0x200000a0   Data           4  st7735.o(.data)
    X                                        0x200000a4   Data           4  st7735.o(.data)
    Yrange                                   0x200000a8   Data           4  st7735.o(.data)
    lastj                                    0x200000ac   Data           4  st7735.o(.data)
    RxPutI                                   0x200000b0   Data           4  uart0int.o(.data)
    RxGetI                                   0x200000b4   Data           4  uart0int.o(.data)
    TxPutI                                   0x200000b8   Data           4  uart0int.o(.data)
    TxGetI                                   0x200000bc   Data           4  uart0int.o(.data)
    ADCTask                                  0x200000c0   Data           4  adct0atrigger.o(.data)
    PD3data                                  0x200000c4   Data           4  adct0atrigger.o(.data)
    WidePeriodicTask0                        0x200000c8   Data           4  wtimer0a.o(.data)
    RCV_ID                                   0x200000cc   Data           4  can0.o(.data)
    XMT_ID                                   0x200000d0   Data           4  can0.o(.data)
    ESP8266_EchoResponse                     0x200000dc   Data           1  esp8266.o(.data)
    ESP8266_EchoCommand                      0x200000dd   Data           1  esp8266.o(.data)
    ESP8266RxPutI                            0x200000e0   Data           4  esp8266.o(.data)
    ESP8266RxGetI                            0x200000e4   Data           4  esp8266.o(.data)
    ESP8266Rx0PutI                           0x200000e8   Data           4  esp8266.o(.data)
    ESP8266Rx0GetI                           0x200000ec   Data           4  esp8266.o(.data)
    ESP8266TxPutI                            0x200000f0   Data           4  esp8266.o(.data)
    ESP8266TxGetI                            0x200000f4   Data           4  esp8266.o(.data)
    ESP8266_Server                           0x200000f8   Data           2  esp8266.o(.data)
    ESP8266_ConnectionMux                    0x200000fa   Data           2  esp8266.o(.data)
    ESP8266_Segment                          0x200000fc   Data           2  esp8266.o(.data)
    ESP8266_DataAvailable                    0x20000110   Data           4  esp8266.o(.data)
    ESP8266_DataLoss                         0x20000114   Data           4  esp8266.o(.data)
    PeriodicTask0                            0x20000118   Data           4  timer0a.o(.data)
    PeriodicTask1                            0x2000011c   Data           4  timer1a.o(.data)
    PeriodicTask2                            0x20000120   Data           4  timer2a.o(.data)
    PeriodicTask3                            0x20000124   Data           4  timer3a.o(.data)
    PeriodicTask4                            0x20000128   Data           4  timer4a.o(.data)
    PeriodicTask5                            0x2000012c   Data           4  timer5a.o(.data)
    Counts                                   0x20000130   Data           4  systick.o(DATA)
    Response                                 0x20000134   Data          64  lab6.o(.bss)
    JitterHistogram                          0x20000174   Data         256  os.o(.bss)
    STACK                                    0x20000274   Data       14400  os.o(.bss)
    threads                                  0x20003ab4   Data         408  os.o(.bss)
    processes                                0x20003c4c   Data         144  os.o(.bss)
    periodic_threads                         0x20003cdc   Data          96  os.o(.bss)
    __initial_sp                             0x20006cf0   Data           0  startup.o(STACK)



==============================================================================

Memory Map of the image

  Image Entry point : 0x0000026d

  Load Region LR_1 (Base: 0x00000000, Size: 0x000040e8, Max: 0xffffffff, ABSOLUTE, COMPRESSED[0x00003fc8])

    Execution Region ER_RO (Exec base: 0x00000000, Load base: 0x00000000, Size: 0x00003fb4, Max: 0xffffffff, ABSOLUTE)

    Exec Addr    Load Addr    Size         Type   Attr      Idx    E Section Name        Object

    0x00000000   0x00000000   0x00000284   Code   RO            3  * RESET               startup.o
    0x00000284   0x00000284   0x00000000   Code   RO         3176  * .ARM.Collect$$$$00000000  mc_w.l(entry.o)
    0x00000284   0x00000284   0x00000004   Code   RO         3460    .ARM.Collect$$$$00000001  mc_w.l(entry2.o)
    0x00000288   0x00000288   0x00000004   Code   RO         3463    .ARM.Collect$$$$00000004  mc_w.l(entry5.o)
    0x0000028c   0x0000028c   0x00000000   Code   RO         3465    .ARM.Collect$$$$00000008  mc_w.l(entry7b.o)
    0x0000028c   0x0000028c   0x00000000   Code   RO         3467    .ARM.Collect$$$$0000000A  mc_w.l(entry8b.o)
    0x0000028c   0x0000028c   0x00000008   Code   RO         3468    .ARM.Collect$$$$0000000B  mc_w.l(entry9a.o)
    0x00000294   0x00000294   0x00000000   Code   RO         3470    .ARM.Collect$$$$0000000D  mc_w.l(entry10a.o)
    0x00000294   0x00000294   0x00000000   Code   RO         3472    .ARM.Collect$$$$0000000F  mc_w.l(entry11a.o)
    0x00000294   0x00000294   0x00000004   Code   RO         3461    .ARM.Collect$$$$00002712  mc_w.l(entry2.o)
    0x00000298   0x00000298   0x0000001c   Code   RO            4    .text               startup.o
    0x000002b4   0x000002b4   0x000000dc   Code   RO         1679    .text               osasm.o
    0x00000390   0x00000390   0x00000104   Code   RO         3011    .text               systick.o
    0x00000494   0x00000494   0x00000024   Code   RO         3179    .text               mc_w.l(memcpya.o)
    0x000004b8   0x000004b8   0x00000024   Code   RO         3181    .text               mc_w.l(strstr.o)
    0x000004dc   0x000004dc   0x00000014   Code   RO         3183    .text               mc_w.l(strchr.o)
    0x000004f0   0x000004f0   0x0000000e   Code   RO         3185    .text               mc_w.l(strlen.o)
    0x000004fe   0x000004fe   0x0000001e   Code   RO         3191    .text               mc_w.l(strncmp.o)
    0x0000051c   0x0000051c   0x0000002c   Code   RO         3477    .text               mc_w.l(uidiv.o)
    0x00000548   0x00000548   0x00000024   Code   RO         3501    .text               mc_w.l(init.o)
    0x0000056c   0x0000056c   0x0000003a   Code   RO         3553    .text               mc_w.l(__dczerorl.o)
    0x000005a6   0x000005a6   0x00000002   PAD
    0x000005a8   0x000005a8   0x00000024   Code   RO         1682    i.ADC0Seq0_Handler  adct0atrigger.o
    0x000005cc   0x000005cc   0x0000001c   Code   RO         1683    i.ADC0Seq3_Handler  adct0atrigger.o
    0x000005e8   0x000005e8   0x00000088   Code   RO         2471    i.CAN0_Handler      can0.o
    0x00000670   0x00000670   0x00000036   Code   RO         2307    i.CANDataRegRead    can.o
    0x000006a6   0x000006a6   0x00000050   Code   RO         2313    i.CANIntClear       can.o
    0x000006f6   0x000006f6   0x00000002   PAD
    0x000006f8   0x000006f8   0x00000028   Code   RO         2316    i.CANIntNumberGet   can.o
    0x00000720   0x00000720   0x0000003c   Code   RO         2318    i.CANIntStatus      can.o
    0x0000075c   0x0000075c   0x000001b6   Code   RO         2321    i.CANMessageGet     can.o
    0x00000912   0x00000912   0x00000002   PAD
    0x00000914   0x00000914   0x0000004c   Code   RO         2323    i.CANRegRead        can.o
    0x00000960   0x00000960   0x00000018   Code   RO         2324    i.CANRegWrite       can.o
    0x00000978   0x00000978   0x0000007c   Code   RO         2327    i.CANStatusGet      can.o
    0x000009f4   0x000009f4   0x0000008c   Code   RO         1155    i.CS_Init           edisk.o
    0x00000a80   0x00000a80   0x00000020   Code   RO          617    i.Delay1ms          st7735.o
    0x00000aa0   0x00000aa0   0x00000020   Code   RO         2545    i.DelayMs           esp8266.o
    0x00000ac0   0x00000ac0   0x0000003c   Code   RO         2546    i.ESP8266BufferToTx  esp8266.o
    0x00000afc   0x00000afc   0x0000003c   Code   RO         2547    i.ESP8266Rx0Fifo_Get  esp8266.o
    0x00000b38   0x00000b38   0x00000014   Code   RO         2548    i.ESP8266Rx0Fifo_Init  esp8266.o
    0x00000b4c   0x00000b4c   0x0000003c   Code   RO         2549    i.ESP8266Rx0Fifo_Put  esp8266.o
    0x00000b88   0x00000b88   0x00000018   Code   RO         2550    i.ESP8266Rx0Fifo_Size  esp8266.o
    0x00000ba0   0x00000ba0   0x0000003c   Code   RO         2551    i.ESP8266RxFifo_Get  esp8266.o
    0x00000bdc   0x00000bdc   0x00000014   Code   RO         2552    i.ESP8266RxFifo_Init  esp8266.o
    0x00000bf0   0x00000bf0   0x0000003c   Code   RO         2553    i.ESP8266RxFifo_Put  esp8266.o
    0x00000c2c   0x00000c2c   0x00000018   Code   RO         2554    i.ESP8266RxFifo_Size  esp8266.o
    0x00000c44   0x00000c44   0x00000044   Code   RO         2555    i.ESP8266RxToBuffer  esp8266.o
    0x00000c88   0x00000c88   0x0000003c   Code   RO         2556    i.ESP8266TxFifo_Get  esp8266.o
    0x00000cc4   0x00000cc4   0x00000014   Code   RO         2557    i.ESP8266TxFifo_Init  esp8266.o
    0x00000cd8   0x00000cd8   0x0000003c   Code   RO         2558    i.ESP8266TxFifo_Put  esp8266.o
    0x00000d14   0x00000d14   0x00000018   Code   RO         2559    i.ESP8266TxFifo_Size  esp8266.o
    0x00000d2c   0x00000d2c   0x00000064   Code   RO         2560    i.ESP8266_CloseTCPConnection  esp8266.o
    0x00000d90   0x00000d90   0x00000074   Code   RO         2562    i.ESP8266_Connect   esp8266.o
    0x00000e04   0x00000e04   0x0000000c   Code   RO         2563    i.ESP8266_DisableInterrupt  esp8266.o
    0x00000e10   0x00000e10   0x00000024   Code   RO         2565    i.ESP8266_EnableInterrupt  esp8266.o
    0x00000e34   0x00000e34   0x00000054   Code   RO         2566    i.ESP8266_EnableServer  esp8266.o
    0x00000e88   0x00000e88   0x00000038   Code   RO         2567    i.ESP8266_GetIPAddress  esp8266.o
    0x00000ec0   0x00000ec0   0x00000038   Code   RO         2568    i.ESP8266_GetMACAddress  esp8266.o
    0x00000ef8   0x00000ef8   0x00000034   Code   RO         2570    i.ESP8266_GetVersionNumber  esp8266.o
    0x00000f2c   0x00000f2c   0x00000014   Code   RO         2571    i.ESP8266_InChar    esp8266.o
    0x00000f40   0x00000f40   0x000000d8   Code   RO         2572    i.ESP8266_Init      esp8266.o
    0x00001018   0x00001018   0x00000104   Code   RO         2573    i.ESP8266_InitUART  esp8266.o
    0x0000111c   0x0000111c   0x0000005c   Code   RO         2574    i.ESP8266_JoinAccessPoint  esp8266.o
    0x00001178   0x00001178   0x00000038   Code   RO         2575    i.ESP8266_ListAccessPoints  esp8266.o
    0x000011b0   0x000011b0   0x00000034   Code   RO         2577    i.ESP8266_OutChar   esp8266.o
    0x000011e4   0x000011e4   0x000000b4   Code   RO         2579    i.ESP8266_Receive   esp8266.o
    0x00001298   0x00001298   0x00000034   Code   RO         2580    i.ESP8266_Reset     esp8266.o
    0x000012cc   0x000012cc   0x000000cc   Code   RO         2583    i.ESP8266_SendBuffered  esp8266.o
    0x00001398   0x00001398   0x000000a4   Code   RO         2584    i.ESP8266_SendBufferedStatus  esp8266.o
    0x0000143c   0x0000143c   0x0000001a   Code   RO         2585    i.ESP8266_SendCommand  esp8266.o
    0x00001456   0x00001456   0x00000002   PAD
    0x00001458   0x00001458   0x00000050   Code   RO         2586    i.ESP8266_SetConnectionMux  esp8266.o
    0x000014a8   0x000014a8   0x0000004c   Code   RO         2588    i.ESP8266_SetServerTimeout  esp8266.o
    0x000014f4   0x000014f4   0x00000048   Code   RO         2589    i.ESP8266_SetWifiMode  esp8266.o
    0x0000153c   0x0000153c   0x0000002e   Code   RO         2590    i.ESP8266_StartServer  esp8266.o
    0x0000156a   0x0000156a   0x00000002   PAD
    0x0000156c   0x0000156c   0x0000003c   Code   RO         2592    i.ESP8266_WaitForConnection  esp8266.o
    0x000015a8   0x000015a8   0x0000006c   Code   RO         2593    i.ESP8266_WaitForResponse  esp8266.o
    0x00001614   0x00001614   0x00000050   Code   RO          286    i.GPIOPortF_Handler  os.o
    0x00001664   0x00001664   0x00000064   Code   RO           87    i.HTTP_ServePage    lab6.o
    0x000016c8   0x000016c8   0x00000090   Code   RO         2023    i.Heap_Free         heap.o
    0x00001758   0x00001758   0x0000001c   Code   RO           88    i.Idle              lab6.o
    0x00001774   0x00001774   0x00000074   Code   RO         2869    i.IntDisable        interrupt.o
    0x000017e8   0x000017e8   0x00000074   Code   RO         2870    i.IntEnable         interrupt.o
    0x0000185c   0x0000185c   0x0000005c   Code   RO           13    i.LaunchPad_Init    launchpad.o
    0x000018b8   0x000018b8   0x000002b8   Code   RO          291    i.OS_AddThread      os.o
    0x00001b70   0x00001b70   0x0000000c   Code   RO          298    i.OS_Id             os.o
    0x00001b7c   0x00001b7c   0x00000088   Code   RO          299    i.OS_Init           os.o
    0x00001c04   0x00001c04   0x00000004   Code   RO          300    i.OS_InitSemaphore  os.o
    0x00001c08   0x00001c08   0x0000005c   Code   RO          301    i.OS_Kill           os.o
    0x00001c64   0x00001c64   0x00000010   Code   RO          302    i.OS_Launch         os.o
    0x00001c74   0x00001c74   0x00000038   Code   RO          311    i.OS_Signal         os.o
    0x00001cac   0x00001cac   0x0000002c   Code   RO          312    i.OS_Sleep          os.o
    0x00001cd8   0x00001cd8   0x00000008   Code   RO          313    i.OS_Suspend        os.o
    0x00001ce0   0x00001ce0   0x00000010   Code   RO          314    i.OS_Time           os.o
    0x00001cf0   0x00001cf0   0x00000010   Code   RO          315    i.OS_TimeDifference  os.o
    0x00001d00   0x00001d00   0x00000030   Code   RO          317    i.OS_Wait           os.o
    0x00001d30   0x00001d30   0x0000007c   Code   RO           66    i.PLL_Init          pll.o
    0x00001dac   0x00001dac   0x00000068   Code   RO           89    i.PortD_Init        lab6.o
    0x00001e14   0x00001e14   0x00000154   Code   RO         2594    i.ReceiveDataFilter  esp8266.o
    0x00001f68   0x00001f68   0x00000014   Code   RO          996    i.RxFifo_Init       uart0int.o
    0x00001f7c   0x00001f7c   0x0000003c   Code   RO          997    i.RxFifo_Put        uart0int.o
    0x00001fb8   0x00001fb8   0x00000018   Code   RO          998    i.RxFifo_Size       uart0int.o
    0x00001fd0   0x00001fd0   0x000000f8   Code   RO          621    i.ST7735_DrawCharS  st7735.o
    0x000020c8   0x000020c8   0x00000048   Code   RO          625    i.ST7735_DrawPixel  st7735.o
    0x00002110   0x00002110   0x00000056   Code   RO          627    i.ST7735_DrawString  st7735.o
    0x00002166   0x00002166   0x00000002   PAD
    0x00002168   0x00002168   0x000000ac   Code   RO          628    i.ST7735_FillRect   st7735.o
    0x00002214   0x00002214   0x00000024   Code   RO          629    i.ST7735_FillScreen  st7735.o
    0x00002238   0x00002238   0x00000088   Code   RO          631    i.ST7735_InitR      st7735.o
    0x000022c0   0x000022c0   0x00000020   Code   RO          648    i.ST7735_SetCursor  st7735.o
    0x000022e0   0x000022e0   0x00000140   Code   RO          324    i.Scheduler         os.o
    0x00002420   0x00002420   0x000001ac   Code   RO           92    i.ServeHTTPRequest  lab6.o
    0x000025cc   0x000025cc   0x00000002   Code   RO          325    i.System_Timer      os.o
    0x000025ce   0x000025ce   0x00000002   PAD
    0x000025d0   0x000025d0   0x00000074   Code   RO           97    i.Testmain3         lab6.o
    0x00002644   0x00002644   0x00000018   Code   RO         3014    i.Timer0A_Handler   timer0a.o
    0x0000265c   0x0000265c   0x00000018   Code   RO         3041    i.Timer1A_Handler   timer1a.o
    0x00002674   0x00002674   0x00000060   Code   RO         3042    i.Timer1A_Init      timer1a.o
    0x000026d4   0x000026d4   0x00000018   Code   RO         3068    i.Timer2A_Handler   timer2a.o
    0x000026ec   0x000026ec   0x00000060   Code   RO         3069    i.Timer2A_Init      timer2a.o
    0x0000274c   0x0000274c   0x00000018   Code   RO         3095    i.Timer3A_Handler   timer3a.o
    0x00002764   0x00002764   0x00000060   Code   RO         3096    i.Timer3A_Init      timer3a.o
    0x000027c4   0x000027c4   0x00000018   Code   RO         3122    i.Timer4A_Handler   timer4a.o
    0x000027dc   0x000027dc   0x00000060   Code   RO         3123    i.Timer4A_Init      timer4a.o
    0x0000283c   0x0000283c   0x00000018   Code   RO         3149    i.Timer5A_Handler   timer5a.o
    0x00002854   0x00002854   0x00000060   Code   RO         3150    i.Timer5A_Init      timer5a.o
    0x000028b4   0x000028b4   0x0000003c   Code   RO          999    i.TxFifo_Get        uart0int.o
    0x000028f0   0x000028f0   0x00000014   Code   RO         1000    i.TxFifo_Init       uart0int.o
    0x00002904   0x00002904   0x0000003c   Code   RO         1001    i.TxFifo_Put        uart0int.o
    0x00002940   0x00002940   0x00000018   Code   RO         1002    i.TxFifo_Size       uart0int.o
    0x00002958   0x00002958   0x00000058   Code   RO         1003    i.UART0_Handler     uart0int.o
    0x000029b0   0x000029b0   0x00000058   Code   RO         2595    i.UART2_Handler     esp8266.o
    0x00002a08   0x00002a08   0x000000c8   Code   RO         1010    i.UART_Init         uart0int.o
    0x00002ad0   0x00002ad0   0x00000034   Code   RO         1011    i.UART_OutChar      uart0int.o
    0x00002b04   0x00002b04   0x00000034   Code   RO         1012    i.UART_OutCharNonBlock  uart0int.o
    0x00002b38   0x00002b38   0x00000018   Code   RO         1014    i.UART_OutString    uart0int.o
    0x00002b50   0x00002b50   0x000000f4   Code   RO          101    i.WebServer         lab6.o
    0x00002c44   0x00002c44   0x00000018   Code   RO         1995    i.WideTimer0A_Handler  wtimer0a.o
    0x00002c5c   0x00002c5c   0x00000028   Code   RO         3242    i.__0sprintf$1      mc_w.l(printf1.o)
    0x00002c84   0x00002c84   0x0000000e   Code   RO         3547    i.__scatterload_copy  mc_w.l(handlers.o)
    0x00002c92   0x00002c92   0x00000002   Code   RO         3548    i.__scatterload_null  mc_w.l(handlers.o)
    0x00002c94   0x00002c94   0x0000000e   Code   RO         3549    i.__scatterload_zeroinit  mc_w.l(handlers.o)
    0x00002ca2   0x00002ca2   0x00000002   PAD
    0x00002ca4   0x00002ca4   0x00000154   Code   RO         3247    i._printf_core      mc_w.l(printf1.o)
    0x00002df8   0x00002df8   0x0000000a   Code   RO         3249    i._sputc            mc_w.l(printf1.o)
    0x00002e02   0x00002e02   0x00000012   Code   RO         2028    i.blockHeader       heap.o
    0x00002e14   0x00002e14   0x00000012   Code   RO         2029    i.blockRoom         heap.o
    0x00002e26   0x00002e26   0x00000012   Code   RO         2030    i.blockTrailer      heap.o
    0x00002e38   0x00002e38   0x00000008   Code   RO         2031    i.blockUnused       heap.o
    0x00002e40   0x00002e40   0x00000056   Code   RO          652    i.commandList       st7735.o
    0x00002e96   0x00002e96   0x00000002   PAD
    0x00002e98   0x00002e98   0x0000018c   Code   RO          653    i.commonInit        st7735.o
    0x00003024   0x00003024   0x0000002c   Code   RO         1017    i.copyHardwareToSoftware  uart0int.o
    0x00003050   0x00003050   0x0000002c   Code   RO         1018    i.copySoftwareToHardware  uart0int.o
    0x0000307c   0x0000307c   0x0000001c   Code   RO         2033    i.inHeapRange       heap.o
    0x00003098   0x00003098   0x0000000a   Code   RO          102    i.main              lab6.o
    0x000030a2   0x000030a2   0x00000030   Code   RO         2034    i.markBlockUnused   heap.o
    0x000030d2   0x000030d2   0x0000002e   Code   RO         2036    i.mergeBlockWithBelow  heap.o
    0x00003100   0x00003100   0x0000000e   Code   RO         2037    i.nextBlockHeader   heap.o
    0x0000310e   0x0000310e   0x0000000c   Code   RO         2038    i.previousBlockHeader  heap.o
    0x0000311a   0x0000311a   0x00000012   Code   RO          657    i.pushColor         st7735.o
    0x0000312c   0x0000312c   0x00000074   Code   RO          658    i.setAddrWindow     st7735.o
    0x000031a0   0x000031a0   0x000001c0   Code   RO          329    i.stack_init        os.o
    0x00003360   0x00003360   0x00000050   Code   RO          659    i.writecommand      st7735.o
    0x000033b0   0x000033b0   0x00000054   Code   RO          660    i.writedata         st7735.o
    0x00003404   0x00003404   0x000001b9   Data   RO          105    .constdata          lab6.o
    0x000035bd   0x000035bd   0x00000001   PAD
    0x000035be   0x000035be   0x00000842   Data   RO          662    .constdata          st7735.o
    0x00003e00   0x00003e00   0x00000036   Data   RO         2598    .constdata          esp8266.o
    0x00003e36   0x00003e36   0x00000002   PAD
    0x00003e38   0x00003e38   0x0000010c   Data   RO         2886    .constdata          interrupt.o
    0x00003f44   0x00003f44   0x0000004e   Data   RO          106    .conststring        lab6.o
    0x00003f92   0x00003f92   0x00000002   PAD
    0x00003f94   0x00003f94   0x00000020   Data   RO         3545    Region$$Table       anon$$obj.o


    Execution Region ER_RW (Exec base: 0x20000000, Load base: 0x00003fb4, Size: 0x00000134, Max: 0xffffffff, ABSOLUTE, COMPRESSED[0x00000014])

    Exec Addr    Load Addr    Size         Type   Attr      Idx    E Section Name        Object

    0x20000000   COMPRESSED   0x0000003c   Data   RW          107    .data               lab6.o
    0x2000003c   COMPRESSED   0x00000040   Data   RW          332    .data               os.o
    0x2000007c   COMPRESSED   0x00000034   Data   RW          663    .data               st7735.o
    0x200000b0   COMPRESSED   0x00000010   Data   RW         1020    .data               uart0int.o
    0x200000c0   COMPRESSED   0x00000008   Data   RW         1687    .data               adct0atrigger.o
    0x200000c8   COMPRESSED   0x00000004   Data   RW         1998    .data               wtimer0a.o
    0x200000cc   COMPRESSED   0x00000010   Data   RW         2475    .data               can0.o
    0x200000dc   COMPRESSED   0x0000003c   Data   RW         2599    .data               esp8266.o
    0x20000118   COMPRESSED   0x00000004   Data   RW         3017    .data               timer0a.o
    0x2000011c   COMPRESSED   0x00000004   Data   RW         3044    .data               timer1a.o
    0x20000120   COMPRESSED   0x00000004   Data   RW         3071    .data               timer2a.o
    0x20000124   COMPRESSED   0x00000004   Data   RW         3098    .data               timer3a.o
    0x20000128   COMPRESSED   0x00000004   Data   RW         3125    .data               timer4a.o
    0x2000012c   COMPRESSED   0x00000004   Data   RW         3152    .data               timer5a.o
    0x20000130   COMPRESSED   0x00000004   Data   RW         3010    DATA                systick.o


    Execution Region ER_ZI (Exec base: 0x20000134, Load base: 0x00003fc8, Size: 0x00006bbc, Max: 0xffffffff, ABSOLUTE)

    Exec Addr    Load Addr    Size         Type   Attr      Idx    E Section Name        Object

    0x20000134        -       0x00000040   Zero   RW          104    .bss                lab6.o
    0x20000174        -       0x00004b7c   Zero   RW          330    .bss                os.o
    0x20004cf0        -       0x00000800   Zero   RW         1019    .bss                uart0int.o
    0x200054f0        -       0x00000800   Zero   RW         2040    .bss                heap.o
    0x20005cf0        -       0x00000c00   Zero   RW         2597    .bss                esp8266.o
    0x200068f0        -       0x00000400   Zero   RW            1    STACK               startup.o


==============================================================================

Image component sizes


      Code (inc. data)   RO Data    RW Data    ZI Data      Debug   Object Name

        64         20          0          8          0       2496   adct0atrigger.o
       896         10          0          0          0      10132   can.o
       136         18          0         16          0       3691   can0.o
       140         22          0          0          0        482   edisk.o
      3356        778         54         60       3072      28540   esp8266.o
       354          8          0          0       2048       6460   heap.o
       232         16        268          0          0       2121   interrupt.o
      1030        332        519         60         64       7229   lab6.o
        92         22          0          0          0       4981   launchpad.o
      1994        120          0         64      19324      14640   os.o
       220         10          0          0          0        376   osasm.o
       124          4          0          0          0        495   pll.o
      1594        170       2114         52          0      13233   st7735.o
       672        622          0          0       1024       1036   startup.o
       260         34          0          4          0        380   systick.o
        24          8          0          4          0       1346   timer0a.o
       120         28          0          4          0       1685   timer1a.o
       120         28          0          4          0       1685   timer2a.o
       120         30          0          4          0       1685   timer3a.o
       120         30          0          4          0       1685   timer4a.o
       120         28          0          4          0       1685   timer5a.o
       772        128          0         16       2048       8928   uart0int.o
        24          8          0          4          0       1090   wtimer0a.o

    ----------------------------------------------------------------------
     12598       2474       2992        308      27580     116081   Object Totals
         0          0         32          0          0          0   (incl. Generated)
        14          0          5          0          0          0   (incl. Padding)

    ----------------------------------------------------------------------

      Code (inc. data)   RO Data    RW Data    ZI Data      Debug   Library Member Name

        58          0          0          0          0          0   __dczerorl.o
         0          0          0          0          0          0   entry.o
         0          0          0          0          0          0   entry10a.o
         0          0          0          0          0          0   entry11a.o
         8          4          0          0          0          0   entry2.o
         4          0          0          0          0          0   entry5.o
         0          0          0          0          0          0   entry7b.o
         0          0          0          0          0          0   entry8b.o
         8          4          0          0          0          0   entry9a.o
        30          0          0          0          0          0   handlers.o
        36          8          0          0          0         68   init.o
        36          0          0          0          0         68   memcpya.o
       390         10          0          0          0        252   printf1.o
        20          0          0          0          0         68   strchr.o
        14          0          0          0          0         68   strlen.o
        30          0          0          0          0         80   strncmp.o
        36          0          0          0          0         80   strstr.o
        44          0          0          0          0         80   uidiv.o

    ----------------------------------------------------------------------
       718         26          0          0          0        764   Library Totals
         4          0          0          0          0          0   (incl. Padding)

    ----------------------------------------------------------------------

      Code (inc. data)   RO Data    RW Data    ZI Data      Debug   Library Name

       714         26          0          0          0        764   mc_w.l

    ----------------------------------------------------------------------
       718         26          0          0          0        764   Library Totals

    ----------------------------------------------------------------------

==============================================================================


      Code (inc. data)   RO Data    RW Data    ZI Data      Debug   

     13316       2500       2992        308      27580     110213   Grand Totals
     13316       2500       2992         20      27580     110213   ELF Image Totals (compressed)
     13316       2500       2992         20          0          0   ROM Totals

==============================================================================

    Total RO  Size (Code + RO Data)                16308 (  15.93kB)
    Total RW  Size (RW Data + ZI Data)             27888 (  27.23kB)
    Total ROM Size (Code + RO Data + RW Data)      16328 (  15.95kB)

==============================================================================

