Component: ARM Compiler 5.06 update 6 (build 750) Tool: armlink [4d35ed]

==============================================================================

Section Cross References

    startup.o(RESET) refers to startup.o(STACK) for StackMem
    startup.o(RESET) refers to osasm.o(.text) for SVC_Handler
    startup.o(RESET) refers to systick.o(.text) for SysTick_Handler
    startup.o(RESET) refers to uart0int.o(i.UART0_Handler) for UART0_Handler
    startup.o(RESET) refers to adct0atrigger.o(i.ADC0Seq0_Handler) for ADC0Seq0_Handler
    startup.o(RESET) refers to adct0atrigger.o(i.ADC0Seq3_Handler) for ADC0Seq3_Handler
    startup.o(RESET) refers to timer0a.o(i.Timer0A_Handler) for Timer0A_Handler
    startup.o(RESET) refers to timer1a.o(i.Timer1A_Handler) for Timer1A_Handler
    startup.o(RESET) refers to timer2a.o(i.Timer2A_Handler) for Timer2A_Handler
    startup.o(RESET) refers to os.o(i.GPIOPortF_Handler) for GPIOPortF_Handler
    startup.o(RESET) refers to esp8266.o(i.UART2_Handler) for UART2_Handler
    startup.o(RESET) refers to timer3a.o(i.Timer3A_Handler) for Timer3A_Handler
    startup.o(RESET) refers to can0.o(i.CAN0_Handler) for CAN0_Handler
    startup.o(RESET) refers to timer4a.o(i.Timer4A_Handler) for Timer4A_Handler
    startup.o(RESET) refers to timer5a.o(i.Timer5A_Handler) for Timer5A_Handler
    startup.o(RESET) refers to wtimer0a.o(i.WideTimer0A_Handler) for WideTimer0A_Handler
    startup.o(RESET) refers to entry.o(.ARM.Collect$$$$00000000) for __main
    launchpad.o(i.LaunchPad_WaitForRelease) refers to launchpad.o(i.DelayMs) for DelayMs
    launchpad.o(i.LaunchPad_WaitForTouch) refers to launchpad.o(i.DelayMs) for DelayMs
    lab6.o(i.ButtonWork1) refers to os.o(i.OS_Id) for OS_Id
    lab6.o(i.ButtonWork1) refers to st7735.o(i.ST7735_Message) for ST7735_Message
    lab6.o(i.ButtonWork1) refers to os.o(i.OS_Kill) for OS_Kill
    lab6.o(i.ButtonWork1) refers to lab6.o(.data) for sequenceNum
    lab6.o(i.CANReceiveTask) refers to can0.o(i.CAN0_GetMail) for CAN0_GetMail
    lab6.o(i.CANReceiveTask) refers to st7735.o(i.ST7735_Message) for ST7735_Message
    lab6.o(i.CANReceiveTask) refers to lab6.o(.data) for RcvData
    lab6.o(i.CANSendTask) refers to can0.o(i.CAN0_SendData) for CAN0_SendData
    lab6.o(i.CANSendTask) refers to lab6.o(.data) for XmtData
    lab6.o(i.ClientTest) refers to os.o(i.OS_Init) for OS_Init
    lab6.o(i.ClientTest) refers to lab6.o(i.PortD_Init) for PortD_Init
    lab6.o(i.ClientTest) refers to pll.o(i.PLL_Init) for PLL_Init
    lab6.o(i.ClientTest) refers to st7735.o(i.ST7735_InitR) for ST7735_InitR
    lab6.o(i.ClientTest) refers to uart0int.o(i.UART_Init) for UART_Init
    lab6.o(i.ClientTest) refers to adcswtrigger.o(i.ADC0_InitSWTriggerSeq3_Ch9) for ADC0_InitSWTriggerSeq3_Ch9
    lab6.o(i.ClientTest) refers to os.o(i.OS_InitSemaphore) for OS_InitSemaphore
    lab6.o(i.ClientTest) refers to os.o(i.OS_AddThread) for OS_AddThread
    lab6.o(i.ClientTest) refers to os.o(i.OS_Launch) for OS_Launch
    lab6.o(i.ClientTest) refers to lab6.o(.data) for WebServerSema
    lab6.o(i.ClientTest) refers to lab6.o(i.Idle) for Idle
    lab6.o(i.ClientTest) refers to interpreter.o(i.RPCConnectWifi) for RPCConnectWifi
    lab6.o(i.ClientTest) refers to interpreter.o(i.Interpreter) for Interpreter
    lab6.o(i.ConnectWifi) refers to st7735.o(i.ST7735_InitR) for ST7735_InitR
    lab6.o(i.ConnectWifi) refers to esp8266.o(i.ESP8266_Init) for ESP8266_Init
    lab6.o(i.ConnectWifi) refers to st7735.o(i.ST7735_DrawString) for ST7735_DrawString
    lab6.o(i.ConnectWifi) refers to os.o(i.OS_Kill) for OS_Kill
    lab6.o(i.ConnectWifi) refers to esp8266.o(i.ESP8266_GetVersionNumber) for ESP8266_GetVersionNumber
    lab6.o(i.ConnectWifi) refers to esp8266.o(i.ESP8266_Connect) for ESP8266_Connect
    lab6.o(i.ConnectWifi) refers to os.o(i.OS_AddThread) for OS_AddThread
    lab6.o(i.ConnectWifi) refers to lab6.o(i.FetchWeather) for FetchWeather
    lab6.o(i.ConnectWifi) refers to lab6.o(.data) for NumCreated
    lab6.o(i.FetchWeather) refers to st7735.o(i.ST7735_InitR) for ST7735_InitR
    lab6.o(i.FetchWeather) refers to st7735.o(i.ST7735_DrawString) for ST7735_DrawString
    lab6.o(i.FetchWeather) refers to esp8266.o(i.ESP8266_GetStatus) for ESP8266_GetStatus
    lab6.o(i.FetchWeather) refers to esp8266.o(i.ESP8266_MakeTCPConnection) for ESP8266_MakeTCPConnection
    lab6.o(i.FetchWeather) refers to os.o(i.OS_Kill) for OS_Kill
    lab6.o(i.FetchWeather) refers to esp8266.o(i.ESP8266_Send) for ESP8266_Send
    lab6.o(i.FetchWeather) refers to esp8266.o(i.ESP8266_CloseTCPConnection) for ESP8266_CloseTCPConnection
    lab6.o(i.FetchWeather) refers to esp8266.o(i.ESP8266_Receive) for ESP8266_Receive
    lab6.o(i.FetchWeather) refers to strncmp.o(.text) for strncmp
    lab6.o(i.FetchWeather) refers to atol.o(.text) for atol
    lab6.o(i.FetchWeather) refers to strlen.o(.text) for strlen
    lab6.o(i.FetchWeather) refers to heap.o(i.Heap_Malloc) for Heap_Malloc
[...]
    relocateProgram                          0x00006cfd   Thumb Code    32  loader.o(i.relocateProgram)
    i.relocateSection                        0x00006d3c   Section        0  loader.o(i.relocateSection)
    relocateSection                          0x00006d3d   Thumb Code    66  loader.o(i.relocateSection)
    i.relocateSections                       0x00006dc0   Section        0  loader.o(i.relocateSections)
    relocateSections                         0x00006dc1   Thumb Code    48  loader.o(i.relocateSections)
    i.relocateSymbol                         0x00006e08   Section        0  loader.o(i.relocateSymbol)
    relocateSymbol                           0x00006e09   Thumb Code    56  loader.o(i.relocateSymbol)
    i.remove_chain                           0x00006e40   Section        0  ff.o(i.remove_chain)
    remove_chain                             0x00006e41   Thumb Code   108  ff.o(i.remove_chain)
    i.sectionOf                              0x00006eac   Section        0  loader.o(i.sectionOf)
    sectionOf                                0x00006ead   Thumb Code    70  loader.o(i.sectionOf)
    i.select                                 0x00006ef4   Section        0  edisk.o(i.select)
    select                                   0x00006ef5   Thumb Code    44  edisk.o(i.select)
    i.send_cmd                               0x00006f24   Section        0  edisk.o(i.send_cmd)
    send_cmd                                 0x00006f25   Thumb Code   150  edisk.o(i.send_cmd)
    i.setAddrWindow                          0x00006fbc   Section        0  st7735.o(i.setAddrWindow)
    setAddrWindow                            0x00006fbd   Thumb Code   106  st7735.o(i.setAddrWindow)
    i.split                                  0x00007030   Section        0  interpreter.o(i.split)
    i.splitAndMarkBlockUsed                  0x00007076   Section        0  heap.o(i.splitAndMarkBlockUsed)
    splitAndMarkBlockUsed                    0x00007077   Thumb Code    76  heap.o(i.splitAndMarkBlockUsed)
    i.st_clust                               0x000070c2   Section        0  ff.o(i.st_clust)
    st_clust                                 0x000070c3   Thumb Code    16  ff.o(i.st_clust)
    i.stack_init                             0x000070d4   Section        0  os.o(i.stack_init)
    i.strCmp                                 0x00007294   Section        0  interpreter.o(i.strCmp)
    i.string_to_int                          0x000072c4   Section        0  interpreter.o(i.string_to_int)
    i.sync_fs                                0x000072d0   Section        0  ff.o(i.sync_fs)
    sync_fs                                  0x000072d1   Thumb Code   200  ff.o(i.sync_fs)
    i.sync_window                            0x00007398   Section        0  ff.o(i.sync_window)
    sync_window                              0x00007399   Thumb Code    82  ff.o(i.sync_window)
    i.validate                               0x000073ea   Section        0  ff.o(i.validate)
    validate                                 0x000073eb   Thumb Code    54  ff.o(i.validate)
    i.wait_ready                             0x00007420   Section        0  edisk.o(i.wait_ready)
    wait_ready                               0x00007421   Thumb Code    42  edisk.o(i.wait_ready)
    i.writecommand                           0x00007450   Section        0  st7735.o(i.writecommand)
    writecommand                             0x00007451   Thumb Code    68  st7735.o(i.writecommand)
    i.writedata                              0x000074a0   Section        0  st7735.o(i.writedata)
    writedata                                0x000074a1   Thumb Code    70  st7735.o(i.writedata)
    i.xchg_spi                               0x000074f4   Section        0  edisk.o(i.xchg_spi)
    xchg_spi                                 0x000074f5   Thumb Code    50  edisk.o(i.xchg_spi)
    i.xmit_datablock                         0x0000752c   Section        0  edisk.o(i.xmit_datablock)
    xmit_datablock                           0x0000752d   Thumb Code    76  edisk.o(i.xmit_datablock)
    i.xmit_spi_multi                         0x00007578   Section        0  edisk.o(i.xmit_spi_multi)
    xmit_spi_multi                           0x00007579   Thumb Code    42  edisk.o(i.xmit_spi_multi)
    .constdata                               0x000075a8   Section        4  os.o(.constdata)
    .constdata                               0x000075ac   Section     2114  st7735.o(.constdata)
    Font                                     0x000075ac   Data        1275  st7735.o(.constdata)
    Bcmd                                     0x00007aa7   Data         103  st7735.o(.constdata)
    Rcmd1                                    0x00007b0e   Data          59  st7735.o(.constdata)
    Rcmd2green                               0x00007b49   Data          13  st7735.o(.constdata)
    Rcmd2red                                 0x00007b56   Data          13  st7735.o(.constdata)
    Rcmd3                                    0x00007b63   Data          43  st7735.o(.constdata)
    .constdata                               0x00007df0   Section       32  interpreter.o(.constdata)
    symtab                                   0x00007df0   Data           8  interpreter.o(.constdata)
    symtab                                   0x00007e00   Data           8  interpreter.o(.constdata)
    .constdata                               0x00007e10   Section       44  ff.o(.constdata)
    vst                                      0x00007e10   Data          22  ff.o(.constdata)
    cst                                      0x00007e26   Data          22  ff.o(.constdata)
    .constdata                               0x00007e3c   Section       69  loader.o(.constdata)
    .constdata                               0x00007e81   Section       54  esp8266.o(.constdata)
    ESP8266_READY_RESPONSE                   0x00007e81   Data          10  esp8266.o(.constdata)
    ESP8266_OK_RESPONSE                      0x00007e8b   Data           7  esp8266.o(.constdata)
    ESP8266_ERROR_RESPONSE                   0x00007e92   Data          10  esp8266.o(.constdata)
    ESP8266_FAIL_RESPONSE                    0x00007e9c   Data           9  esp8266.o(.constdata)
    ESP8266_SENDOK_RESPONSE                  0x00007ea5   Data          12  esp8266.o(.constdata)
    .constdata                               0x00007eb8   Section      268  interrupt.o(.constdata)
    g_pui32Priority                          0x00007eb8   Data          32  interrupt.o(.constdata)
    g_pui32Regs                              0x00007ed8   Data         156  interrupt.o(.constdata)
    g_pui32EnRegs                            0x00007f74   Data          20  interrupt.o(.constdata)
    g_pui32Dii16Regs                         0x00007f88   Data          20  interrupt.o(.constdata)
    g_pui32PendRegs                          0x00007f9c   Data          20  interrupt.o(.constdata)
    g_pui32UnpendRegs                        0x00007fb0   Data          20  interrupt.o(.constdata)
    .constdata                               0x00007fc4   Section      129  ctype_o.o(.constdata)
    .constdata                               0x00008048   Section        4  ctype_o.o(.constdata)
    table                                    0x00008048   Data           4  ctype_o.o(.constdata)
    .conststring                             0x0000804c   Section       15  interpreter.o(.conststring)
    .data                                    0x20000000   Section       60  lab6.o(.data)
    .data                                    0x2000003c   Section       64  os.o(.data)
    .data                                    0x2000007c   Section       52  st7735.o(.data)
    ColStart                                 0x20000086   Data           1  st7735.o(.data)
    RowStart                                 0x20000087   Data           1  st7735.o(.data)
    Rotation                                 0x20000088   Data           1  st7735.o(.data)
    TabColor                                 0x20000089   Data           1  st7735.o(.data)
    _width                                   0x2000008a   Data           2  st7735.o(.data)
    _height                                  0x2000008c   Data           2  st7735.o(.data)
    .data                                    0x200000b0   Section       16  uart0int.o(.data)
    .data                                    0x200000c0   Section       13  edisk.o(.data)
    Stat                                     0x200000c0   Data           1  edisk.o(.data)
    Timer1                                   0x200000c4   Data           4  edisk.o(.data)
    Timer2                                   0x200000c8   Data           4  edisk.o(.data)
    CardType                                 0x200000cc   Data           1  edisk.o(.data)
    .data                                    0x200000d0   Section        6  ff.o(.data)
    FatFs                                    0x200000d0   Data           4  ff.o(.data)
    Fsid                                     0x200000d4   Data           2  ff.o(.data)
    .data                                    0x200000d8   Section        8  adct0atrigger.o(.data)
    .data                                    0x200000e0   Section        4  wtimer0a.o(.data)
    .data                                    0x200000e4   Section       16  can0.o(.data)
    RCVData                                  0x200000ec   Data           4  can0.o(.data)
    MailFlag                                 0x200000f0   Data           4  can0.o(.data)
    .data                                    0x200000f4   Section       76  esp8266.o(.data)
    ReceiveDataSearchIndex                   0x20000128   Data           4  esp8266.o(.data)
    ReceiveDataState                         0x2000012c   Data           4  esp8266.o(.data)
    ReceiveDataStream                        0x20000130   Data           4  esp8266.o(.data)
    ReceiveDataLen                           0x20000134   Data           4  esp8266.o(.data)
    .data                                    0x20000140   Section        4  timer0a.o(.data)
    .data                                    0x20000144   Section        4  timer1a.o(.data)
    .data                                    0x20000148   Section        4  timer2a.o(.data)
    .data                                    0x2000014c   Section        4  timer3a.o(.data)
    .data                                    0x20000150   Section        4  timer4a.o(.data)
    .data                                    0x20000154   Section        4  timer5a.o(.data)
    .data                                    0x20000158   Section        4  errno.o(.data)
    _errno                                   0x20000158   Data           4  errno.o(.data)
    DATA                                     0x2000015c   Section        4  systick.o(DATA)
    .bss                                     0x20000160   Section    19324  os.o(.bss)
    Queue_Fifo                               0x20003d28   Data        4000  os.o(.bss)
    OS_MailBox                               0x20004cc8   Data          20  os.o(.bss)
    .bss                                     0x20004cdc   Section     2048  uart0int.o(.bss)
    RxFifo                                   0x20004cdc   Data        1024  uart0int.o(.bss)
    TxFifo                                   0x200050dc   Data        1024  uart0int.o(.bss)
    .bss                                     0x200054dc   Section     1164  efile.o(.bss)
    g_sFatFs                                 0x200054dc   Data         564  efile.o(.bss)
    d                                        0x20005710   Data          28  efile.o(.bss)
    f                                        0x2000572c   Data         548  efile.o(.bss)
    fi                                       0x20005950   Data          24  efile.o(.bss)
    .bss                                     0x20005968   Section     2048  heap.o(.bss)
    Heap                                     0x20005968   Data        2048  heap.o(.bss)
    .bss                                     0x20006168   Section      672  loader.o(.bss)
    fd                                       0x20006168   Data         548  loader.o(.bss)
    exec                                     0x2000638c   Data         124  loader.o(.bss)
    .bss                                     0x20006408   Section     3072  esp8266.o(.bss)
    ESP8266RxFifo                            0x20006408   Data        1024  esp8266.o(.bss)
    ESP8266Rx0Fifo                           0x20006808   Data        1024  esp8266.o(.bss)
    ESP8266TxFifo                            0x20006c08   Data        1024  esp8266.o(.bss)
    STACK                                    0x20007008   Section     1024  startup.o(STACK)
    StackMem                                 0x20007008   Data           0  startup.o(STACK)

    Global Symbols

    Symbol Name                              Value     Ov Type        Size  Object(Section)

    BuildAttributes$$THM_ISAv4$E$P$D$K$B$S$7EM$PE$A:L22UL41UL21$X:L11$S22US41US21$IEEE1$IW$USESV6$~STKCKD$USESV7$~SHL$OSPACE$ROPI$EBA8$MICROLIB$REQ8$PRES8$EABIv2 0x00000000   Number         0  anon$$obj.o ABSOLUTE
    __ARM_use_no_argv                        0x00000000   Number         0  lab6.o ABSOLUTE
    __Vectors                                0x00000000   Data           0  startup.o(RESET)
    _printf_a                                0x00000000   Number         0  stubs.o ABSOLUTE
    _printf_c                                0x00000000   Number         0  stubs.o ABSOLUTE
    _printf_charcount                        0x00000000   Number         0  stubs.o ABSOLUTE
    _printf_d                                0x00000000   Number         0  stubs.o ABSOLUTE
    _printf_e                                0x00000000   Number         0  stubs.o ABSOLUTE
    _printf_f                                0x00000000   Number         0  stubs.o ABSOLUTE
    _printf_flags                            0x00000000   Number         0  stubs.o ABSOLUTE
    _printf_fp_dec                           0x00000000   Number         0  stubs.o ABSOLUTE
    _printf_fp_hex                           0x00000000   Number         0  stubs.o ABSOLUTE
    _printf_g                                0x00000000   Number         0  stubs.o ABSOLUTE
    _printf_i                                0x00000000   Number         0  stubs.o ABSOLUTE
    _printf_int_dec                          0x00000000   Number         0  stubs.o ABSOLUTE
    _printf_l                                0x00000000   Number         0  stubs.o ABSOLUTE
    _printf_lc                               0x00000000   Number         0  stubs.o ABSOLUTE
    _printf_ll                               0x00000000   Number         0  stubs.o ABSOLUTE
    _printf_lld                              0x00000000   Number         0  stubs.o ABSOLUTE
    _printf_lli                              0x00000000   Number         0  stubs.o ABSOLUTE
    _printf_llo                              0x00000000   Number         0  stubs.o ABSOLUTE
    _printf_llu                              0x00000000   Number         0  stubs.o ABSOLUTE
    _printf_llx                              0x00000000   Number         0  stubs.o ABSOLUTE
    _printf_longlong_dec                     0x00000000   Number         0  stubs.o ABSOLUTE
    _printf_longlong_hex                     0x00000000   Number         0  stubs.o ABSOLUTE
    _printf_longlong_oct                     0x00000000   Number         0  stubs.o ABSOLUTE
    _printf_ls                               0x00000000   Number         0  stubs.o ABSOLUTE
    _printf_mbtowc                           0x00000000   Number         0  stubs.o ABSOLUTE
    _printf_n                                0x00000000   Number         0  stubs.o ABSOLUTE
    _printf_o                                0x00000000   Number         0  stubs.o ABSOLUTE
    _printf_p                                0x00000000   Number         0  stubs.o ABSOLUTE
    _printf_percent                          0x00000000   Number         0  stubs.o ABSOLUTE
    _printf_pre_padding                      0x00000000   Number         0  stubs.o ABSOLUTE
    _printf_return_value                     0x00000000   Number         0  stubs.o ABSOLUTE
    _printf_s                                0x00000000   Number         0  stubs.o ABSOLUTE
    _printf_sizespec                         0x00000000   Number         0  stubs.o ABSOLUTE
    _printf_str                              0x00000000   Number         0  stubs.o ABSOLUTE
    _printf_truncate_signed                  0x00000000   Number         0  stubs.o ABSOLUTE
    _printf_truncate_unsigned                0x00000000   Number         0  stubs.o ABSOLUTE
    _printf_u                                0x00000000   Number         0  stubs.o ABSOLUTE
    _printf_wc                               0x00000000   Number         0  stubs.o ABSOLUTE
    _printf_wctomb                           0x00000000   Number         0  stubs.o ABSOLUTE
    _printf_widthprec                        0x00000000   Number         0  stubs.o ABSOLUTE
    _printf_x                                0x00000000   Number         0  stubs.o ABSOLUTE
    __cpp_initialize__aeabi_                  - Undefined Weak Reference
    __cxa_finalize                            - Undefined Weak Reference
    _clock_init                               - Undefined Weak Reference
    _microlib_exit                            - Undefined Weak Reference
    Reset_Handler                            0x0000026d   Thumb Code     0  startup.o(RESET)
    NMI_Handler                              0x00000271   Thumb Code     2  startup.o(RESET)
    HardFault_Handler                        0x00000273   Thumb Code     2  startup.o(RESET)
    MemManage_Handler                        0x00000275   Thumb Code     2  startup.o(RESET)
    BusFault_Handler                         0x00000277   Thumb Code     2  startup.o(RESET)
    UsageFault_Handler                       0x00000279   Thumb Code     2  startup.o(RESET)
    DebugMon_Handler                         0x0000027d   Thumb Code     2  startup.o(RESET)
    ADC0Seq1_Handler                         0x00000283   Thumb Code     0  startup.o(RESET)
    ADC0Seq2_Handler                         0x00000283   Thumb Code     0  startup.o(RESET)
    ADC1Seq0_Handler                         0x00000283   Thumb Code     0  startup.o(RESET)
    ADC1Seq1_Handler                         0x00000283   Thumb Code     0  startup.o(RESET)
    ADC1Seq2_Handler                         0x00000283   Thumb Code     0  startup.o(RESET)
    ADC1Seq3_Handler                         0x00000283   Thumb Code     0  startup.o(RESET)
    CAN1_Handler                             0x00000283   Thumb Code     0  startup.o(RESET)
    CAN2_Handler                             0x00000283   Thumb Code     0  startup.o(RESET)
    Comp0_Handler                            0x00000283   Thumb Code     0  startup.o(RESET)
    Comp1_Handler                            0x00000283   Thumb Code     0  startup.o(RESET)
    Comp2_Handler                            0x00000283   Thumb Code     0  startup.o(RESET)
    Ethernet_Handler                         0x00000283   Thumb Code     0  startup.o(RESET)
    ExtBus_Handler                           0x00000283   Thumb Code     0  startup.o(RESET)
    FPU_Handler                              0x00000283   Thumb Code     0  startup.o(RESET)
    Fan0_Handler                             0x00000283   Thumb Code     0  startup.o(RESET)
    FlashCtl_Handler                         0x00000283   Thumb Code     0  startup.o(RESET)
    GPIOPortA_Handler                        0x00000283   Thumb Code     0  startup.o(RESET)
    GPIOPortB_Handler                        0x00000283   Thumb Code     0  startup.o(RESET)
    GPIOPortC_Handler                        0x00000283   Thumb Code     0  startup.o(RESET)
    GPIOPortD_Handler                        0x00000283   Thumb Code     0  startup.o(RESET)
    GPIOPortE_Handler                        0x00000283   Thumb Code     0  startup.o(RESET)
    GPIOPortG_Handler                        0x00000283   Thumb Code     0  startup.o(RESET)
    GPIOPortH_Handler                        0x00000283   Thumb Code     0  startup.o(RESET)
    GPIOPortJ_Handler                        0x00000283   Thumb Code     0  startup.o(RESET)
    GPIOPortK_Handler                        0x00000283   Thumb Code     0  startup.o(RESET)
    GPIOPortL_Handler                        0x00000283   Thumb Code     0  startup.o(RESET)
    GPIOPortM_Handler                        0x00000283   Thumb Code     0  startup.o(RESET)
    GPIOPortN_Handler                        0x00000283   Thumb Code     0  startup.o(RESET)
    GPIOPortP1_Handler                       0x00000283   Thumb Code     0  startup.o(RESET)
    GPIOPortP2_Handler                       0x00000283   Thumb Code     0  startup.o(RESET)
    GPIOPortP3_Handler                       0x00000283   Thumb Code     0  startup.o(RESET)
    GPIOPortP4_Handler                       0x00000283   Thumb Code     0  startup.o(RESET)
    GPIOPortP5_Handler                       0x00000283   Thumb Code     0  startup.o(RESET)
    GPIOPortP6_Handler                       0x00000283   Thumb Code     0  startup.o(RESET)
    GPIOPortP7_Handler                       0x00000283   Thumb Code     0  startup.o(RESET)
    GPIOPortP_Handler                        0x00000283   Thumb Code     0  startup.o(RESET)
    GPIOPortQ1_Handler                       0x00000283   Thumb Code     0  startup.o(RESET)
    GPIOPortQ2_Handler                       0x00000283   Thumb Code     0  startup.o(RESET)
    GPIOPortQ3_Handler                       0x00000283   Thumb Code     0  startup.o(RESET)
    GPIOPortQ4_Handler                       0x00000283   Thumb Code     0  startup.o(RESET)
    GPIOPortQ5_Handler                       0x00000283   Thumb Code     0  startup.o(RESET)
    GPIOPortQ6_Handler                       0x00000283   Thumb Code     0  startup.o(RESET)
    GPIOPortQ7_Handler                       0x00000283   Thumb Code     0  startup.o(RESET)
    GPIOPortQ_Handler                        0x00000283   Thumb Code     0  startup.o(RESET)
    GPIOPortR_Handler                        0x00000283   Thumb Code     0  startup.o(RESET)
    GPIOPortS_Handler                        0x00000283   Thumb Code     0  startup.o(RESET)
    Hibernate_Handler                        0x00000283   Thumb Code     0  startup.o(RESET)
    I2C0_Handler                             0x00000283   Thumb Code     0  startup.o(RESET)
    I2C1_Handler                             0x00000283   Thumb Code     0  startup.o(RESET)
    I2C2_Handler                             0x00000283   Thumb Code     0  startup.o(RESET)
    I2C3_Handler                             0x00000283   Thumb Code     0  startup.o(RESET)
    I2C4_Handler                             0x00000283   Thumb Code     0  startup.o(RESET)
    I2C5_Handler                             0x00000283   Thumb Code     0  startup.o(RESET)
    I2S0_Handler                             0x00000283   Thumb Code     0  startup.o(RESET)
    LPC0_Handler                             0x00000283   Thumb Code     0  startup.o(RESET)
    PECI0_Handler                            0x00000283   Thumb Code     0  startup.o(RESET)
    PWM0Fault_Handler                        0x00000283   Thumb Code     0  startup.o(RESET)
    PWM0Generator0_Handler                   0x00000283   Thumb Code     0  startup.o(RESET)
    PWM0Generator1_Handler                   0x00000283   Thumb Code     0  startup.o(RESET)
    PWM0Generator2_Handler                   0x00000283   Thumb Code     0  startup.o(RESET)
    PWM0Generator3_Handler                   0x00000283   Thumb Code     0  startup.o(RESET)
    PWM1Fault_Handler                        0x00000283   Thumb Code     0  startup.o(RESET)
    PWM1Generator0_Handler                   0x00000283   Thumb Code     0  startup.o(RESET)
    PWM1Generator1_Handler                   0x00000283   Thumb Code     0  startup.o(RESET)
    PWM1Generator2_Handler                   0x00000283   Thumb Code     0  startup.o(RESET)
    PWM1Generator3_Handler                   0x00000283   Thumb Code     0  startup.o(RESET)
    Quadrature0_Handler                      0x00000283   Thumb Code     0  startup.o(RESET)
    Quadrature1_Handler                      0x00000283   Thumb Code     0  startup.o(RESET)
    Quadrature2_Handler                      0x00000283   Thumb Code     0  startup.o(RESET)
    SSI0_Handler                             0x00000283   Thumb Code     0  startup.o(RESET)
    SSI1_Handler                             0x00000283   Thumb Code     0  startup.o(RESET)
    SSI2_Handler                             0x00000283   Thumb Code     0  startup.o(RESET)
    SSI3_Handler                             0x00000283   Thumb Code     0  startup.o(RESET)
    SysCtl_Handler                           0x00000283   Thumb Code     0  startup.o(RESET)
    Timer0B_Handler                          0x00000283   Thumb Code     0  startup.o(RESET)
    Timer1B_Handler                          0x00000283   Thumb Code     0  startup.o(RESET)
    Timer2B_Handler                          0x00000283   Thumb Code     0  startup.o(RESET)
    Timer3B_Handler                          0x00000283   Thumb Code     0  startup.o(RESET)
    Timer4B_Handler                          0x00000283   Thumb Code     0  startup.o(RESET)
    Timer5B_Handler                          0x00000283   Thumb Code     0  startup.o(RESET)
    UART1_Handler                            0x00000283   Thumb Code     0  startup.o(RESET)
    UART3_Handler                            0x00000283   Thumb Code     0  startup.o(RESET)
    UART4_Handler                            0x00000283   Thumb Code     0  startup.o(RESET)
    UART5_Handler                            0x00000283   Thumb Code     0  startup.o(RESET)
    UART6_Handler                            0x00000283   Thumb Code     0  startup.o(RESET)
    UART7_Handler                            0x00000283   Thumb Code     0  startup.o(RESET)
    USB0_Handler                             0x00000283   Thumb Code     0  startup.o(RESET)
    WDT_Handler                              0x00000283   Thumb Code     0  startup.o(RESET)
    WideTimer0B_Handler                      0x00000283   Thumb Code     0  startup.o(RESET)
    WideTimer1A_Handler                      0x00000283   Thumb Code     0  startup.o(RESET)
    WideTimer1B_Handler                      0x00000283   Thumb Code     0  startup.o(RESET)
    WideTimer2A_Handler                      0x00000283   Thumb Code     0  startup.o(RESET)
    WideTimer2B_Handler                      0x00000283   Thumb Code     0  startup.o(RESET)
    WideTimer3A_Handler                      0x00000283   Thumb Code     0  startup.o(RESET)
    WideTimer3B_Handler                      0x00000283   Thumb Code     0  startup.o(RESET)
    WideTimer4A_Handler                      0x00000283   Thumb Code     0  startup.o(RESET)
    WideTimer4B_Handler                      0x00000283   Thumb Code     0  startup.o(RESET)
    WideTimer5A_Handler                      0x00000283   Thumb Code     0  startup.o(RESET)
    WideTimer5B_Handler                      0x00000283   Thumb Code     0  startup.o(RESET)
    uDMA_Error                               0x00000283   Thumb Code     0  startup.o(RESET)
    uDMA_Handler                             0x00000283   Thumb Code     0  startup.o(RESET)
    __main                                   0x00000285   Thumb Code     0  entry.o(.ARM.Collect$$$$00000000)
    _main_stk                                0x00000285   Thumb Code     0  entry2.o(.ARM.Collect$$$$00000001)
    _main_scatterload                        0x00000289   Thumb Code     0  entry5.o(.ARM.Collect$$$$00000004)
    __main_after_scatterload                 0x0000028d   Thumb Code     0  entry5.o(.ARM.Collect$$$$00000004)
    _main_clock                              0x0000028d   Thumb Code     0  entry7b.o(.ARM.Collect$$$$00000008)
    _main_cpp_init                           0x0000028d   Thumb Code     0  entry8b.o(.ARM.Collect$$$$0000000A)
    _main_init                               0x0000028d   Thumb Code     0  entry9a.o(.ARM.Collect$$$$0000000B)
    __rt_final_cpp                           0x00000295   Thumb Code     0  entry10a.o(.ARM.Collect$$$$0000000D)
    __rt_final_exit                          0x00000295   Thumb Code     0  entry11a.o(.ARM.Collect$$$$0000000F)
    DisableInterrupts                        0x00000299   Thumb Code     0  startup.o(.text)
    EnableInterrupts                         0x0000029d   Thumb Code     0  startup.o(.text)
    StartCritical                            0x000002a1   Thumb Code     0  startup.o(.text)
    EndCritical                              0x000002a9   Thumb Code     0  startup.o(.text)
    WaitForInterrupt                         0x000002af   Thumb Code     0  startup.o(.text)
    StartOS                                  0x000002b5   Thumb Code     0  osasm.o(.text)
    ContextSwitch                            0x000002b9   Thumb Code     0  osasm.o(.text)
    PendSV_Handler                           0x000002d3   Thumb Code     0  osasm.o(.text)
    Debug                                    0x00000315   Thumb Code     0  osasm.o(.text)
    Debug2                                   0x00000317   Thumb Code     0  osasm.o(.text)
    SVC_Handler                              0x00000319   Thumb Code     0  osasm.o(.text)
    set_R9                                   0x00000383   Thumb Code     0  osasm.o(.text)
    SysTick_Init                             0x00000391   Thumb Code     0  systick.o(.text)
    SysTick_Wait                             0x000003cd   Thumb Code     0  systick.o(.text)
    SysTick_Wait10ms                         0x000003e1   Thumb Code     0  systick.o(.text)
    SysTick_Handler                          0x000003f7   Thumb Code     0  systick.o(.text)
    launch_first_thread                      0x00000453   Thumb Code     0  systick.o(.text)
    __aeabi_memcpy                           0x00000495   Thumb Code    36  memcpya.o(.text)
    __aeabi_memcpy4                          0x00000495   Thumb Code     0  memcpya.o(.text)
    __aeabi_memcpy8                          0x00000495   Thumb Code     0  memcpya.o(.text)
    strlen                                   0x000004b9   Thumb Code    14  strlen.o(.text)
    strcmp                                   0x000004c7   Thumb Code    28  strcmp.o(.text)
    atoi                                     0x000004e3   Thumb Code    26  atoi.o(.text)
    __aeabi_uidiv                            0x000004fd   Thumb Code     0  uidiv.o(.text)
    __aeabi_uidivmod                         0x000004fd   Thumb Code    44  uidiv.o(.text)
    strtol                                   0x00000529   Thumb Code   112  strtol.o(.text)
    __scatterload                            0x00000599   Thumb Code    28  init.o(.text)
    __scatterload_rt2                        0x00000599   Thumb Code     0  init.o(.text)
    __rt_ctype_table                         0x000005bd   Thumb Code     4  ctype_o.o(.text)
    _strtoul                                 0x000005c5   Thumb Code   158  _strtoul.o(.text)
    _chval                                   0x00000663   Thumb Code    28  _chval.o(.text)
    __decompress                             0x0000067f   Thumb Code     0  __dczerorl.o(.text)
    __decompress0                            0x0000067f   Thumb Code    58  __dczerorl.o(.text)
    ADC0Seq0_Handler                         0x000006b9   Thumb Code    26  adct0atrigger.o(i.ADC0Seq0_Handler)
    ADC0Seq3_Handler                         0x000006dd   Thumb Code    18  adct0atrigger.o(i.ADC0Seq3_Handler)
    ADC0_InSeq3                              0x000006f9   Thumb Code    38  adcswtrigger.o(i.ADC0_InSeq3)
    ADC0_InitSWTriggerSeq3_Ch9               0x00000725   Thumb Code   222  adcswtrigger.o(i.ADC0_InitSWTriggerSeq3_Ch9)
    CAN0_Handler                             0x0000081d   Thumb Code   118  can0.o(i.CAN0_Handler)
    CANIntClear                              0x000008db   Thumb Code    80  can.o(i.CANIntClear)
    CANIntStatus                             0x00000955   Thumb Code    60  can.o(i.CANIntStatus)
    CANMessageGet                            0x00000991   Thumb Code   438  can.o(i.CANMessageGet)
    CANStatusGet                             0x00000bad   Thumb Code   124  can.o(i.CANStatusGet)
    CS_Init                                  0x00000c29   Thumb Code   118  edisk.o(i.CS_Init)
    ClientTest                               0x00000cb5   Thumb Code   114  lab6.o(i.ClientTest)
    Delay1ms                                 0x00000d41   Thumb Code    32  st7735.o(i.Delay1ms)
    DelayMs                                  0x00000d61   Thumb Code    32  esp8266.o(i.DelayMs)
    ESP8266Rx0Fifo_Get                       0x00000dcd   Thumb Code    46  esp8266.o(i.ESP8266Rx0Fifo_Get)
    ESP8266Rx0Fifo_Init                      0x00000e09   Thumb Code    12  esp8266.o(i.ESP8266Rx0Fifo_Init)
    ESP8266Rx0Fifo_Put                       0x00000e1d   Thumb Code    48  esp8266.o(i.ESP8266Rx0Fifo_Put)
    ESP8266Rx0Fifo_Size                      0x00000e59   Thumb Code    14  esp8266.o(i.ESP8266Rx0Fifo_Size)
    ESP8266RxFifo_Get                        0x00000e71   Thumb Code    46  esp8266.o(i.ESP8266RxFifo_Get)
    ESP8266RxFifo_Init                       0x00000ead   Thumb Code    12  esp8266.o(i.ESP8266RxFifo_Init)
    ESP8266RxFifo_Put                        0x00000ec1   Thumb Code    48  esp8266.o(i.ESP8266RxFifo_Put)
    ESP8266RxFifo_Size                       0x00000efd   Thumb Code    14  esp8266.o(i.ESP8266RxFifo_Size)
    ESP8266TxFifo_Get                        0x00000f69   Thumb Code    46  esp8266.o(i.ESP8266TxFifo_Get)
    ESP8266TxFifo_Init                       0x00000fa5   Thumb Code    12  esp8266.o(i.ESP8266TxFifo_Init)
    ESP8266TxFifo_Put                        0x00000fb9   Thumb Code    48  esp8266.o(i.ESP8266TxFifo_Put)
    ESP8266TxFifo_Size                       0x00000ff5   Thumb Code    14  esp8266.o(i.ESP8266TxFifo_Size)
    ESP8266_Connect                          0x0000100d   Thumb Code    80  esp8266.o(i.ESP8266_Connect)
    ESP8266_DisableInterrupt                 0x0000107d   Thumb Code     8  esp8266.o(i.ESP8266_DisableInterrupt)
    ESP8266_EnableInterrupt                  0x00001089   Thumb Code    26  esp8266.o(i.ESP8266_EnableInterrupt)
    ESP8266_GetIPAddress                     0x000010ad   Thumb Code    36  esp8266.o(i.ESP8266_GetIPAddress)
    ESP8266_GetMACAddress                    0x000010e5   Thumb Code    36  esp8266.o(i.ESP8266_GetMACAddress)
    ESP8266_GetVersionNumber                 0x0000111d   Thumb Code    36  esp8266.o(i.ESP8266_GetVersionNumber)
    ESP8266_InChar                           0x00001151   Thumb Code    20  esp8266.o(i.ESP8266_InChar)
    ESP8266_Init                             0x00001165   Thumb Code   190  esp8266.o(i.ESP8266_Init)
    ESP8266_InitUART                         0x0000123d   Thumb Code   242  esp8266.o(i.ESP8266_InitUART)
    ESP8266_JoinAccessPoint                  0x00001359   Thumb Code    64  esp8266.o(i.ESP8266_JoinAccessPoint)
    ESP8266_ListAccessPoints                 0x000013b5   Thumb Code    36  esp8266.o(i.ESP8266_ListAccessPoints)
    ESP8266_MakeTCPConnection                0x000013ed   Thumb Code    82  esp8266.o(i.ESP8266_MakeTCPConnection)
    ESP8266_OutChar                          0x00001465   Thumb Code    46  esp8266.o(i.ESP8266_OutChar)
    ESP8266_Receive                          0x00001499   Thumb Code   146  esp8266.o(i.ESP8266_Receive)
    ESP8266_Reset                            0x0000154d   Thumb Code    36  esp8266.o(i.ESP8266_Reset)
    ESP8266_Send                             0x00001581   Thumb Code    98  esp8266.o(i.ESP8266_Send)
    ESP8266_SendCommand                      0x00001619   Thumb Code    26  esp8266.o(i.ESP8266_SendCommand)
    ESP8266_SetWifiMode                      0x00001635   Thumb Code    52  esp8266.o(i.ESP8266_SetWifiMode)
    ESP8266_WaitForResponse                  0x0000167d   Thumb Code   108  esp8266.o(i.ESP8266_WaitForResponse)
    GPIOPortF_Handler                        0x000016e9   Thumb Code    68  os.o(i.GPIOPortF_Handler)
    Heap_Free                                0x00001739   Thumb Code   140  heap.o(i.Heap_Free)
    Heap_Malloc                              0x000017c9   Thumb Code    78  heap.o(i.Heap_Malloc)
    Idle                                     0x0000181d   Thumb Code    24  lab6.o(i.Idle)
    IntDisable                               0x00001839   Thumb Code   108  interrupt.o(i.IntDisable)
    IntEnable                                0x000018ad   Thumb Code   108  interrupt.o(i.IntEnable)
    Interpreter                              0x00001921   Thumb Code    46  interpreter.o(i.Interpreter)
    Jitter                                   0x00001955   Thumb Code   130  interpreter.o(i.Jitter)
    LOADER_CLEAR                             0x00001a19   Thumb Code    24  loader.o(i.LOADER_CLEAR)
    LOADER_OPEN_FOR_RD                       0x00001a31   Thumb Code    24  loader.o(i.LOADER_OPEN_FOR_RD)
    LOADER_READ                              0x00001a4d   Thumb Code    30  loader.o(i.LOADER_READ)
    OS_AddProcess                            0x00001a6d   Thumb Code   214  os.o(i.OS_AddProcess)
    OS_AddThread                             0x00001b4d   Thumb Code   676  os.o(i.OS_AddThread)
    OS_ClearMsTime                           0x00001e05   Thumb Code     8  os.o(i.OS_ClearMsTime)
    OS_Id                                    0x00001e11   Thumb Code     8  os.o(i.OS_Id)
    OS_Init                                  0x00001e1d   Thumb Code   100  os.o(i.OS_Init)
    OS_InitSemaphore                         0x00001ea5   Thumb Code     4  os.o(i.OS_InitSemaphore)
    OS_Kill                                  0x00001ea9   Thumb Code    88  os.o(i.OS_Kill)
    OS_Launch                                0x00001f05   Thumb Code    16  os.o(i.OS_Launch)
    OS_MsTime                                0x00001f15   Thumb Code     6  os.o(i.OS_MsTime)
    OS_Signal                                0x00001f21   Thumb Code    50  os.o(i.OS_Signal)
    OS_Sleep                                 0x00001f59   Thumb Code    38  os.o(i.OS_Sleep)
    OS_Suspend                               0x00001f85   Thumb Code     8  os.o(i.OS_Suspend)
    OS_Time                                  0x00001f8d   Thumb Code    10  os.o(i.OS_Time)
    OS_TimeDifference                        0x00001f9d   Thumb Code    16  os.o(i.OS_TimeDifference)
    OS_Wait                                  0x00001fad   Thumb Code    44  os.o(i.OS_Wait)
    OS_bSignal                               0x00001fdd   Thumb Code    54  os.o(i.OS_bSignal)
    OS_bWait                                 0x00002019   Thumb Code    44  os.o(i.OS_bWait)
    PLL_Init                                 0x00002049   Thumb Code   120  pll.o(i.PLL_Init)
    PortD_Init                               0x000020c5   Thumb Code    88  lab6.o(i.PortD_Init)
    RPCConnectWifi                           0x0000212d   Thumb Code   118  interpreter.o(i.RPCConnectWifi)
    ReceiveDataFilter                        0x000021f5   Thumb Code   306  esp8266.o(i.ReceiveDataFilter)
    RxFifo_Get                               0x00002349   Thumb Code    46  uart0int.o(i.RxFifo_Get)
    RxFifo_Init                              0x00002385   Thumb Code    12  uart0int.o(i.RxFifo_Init)
    RxFifo_Put                               0x00002399   Thumb Code    48  uart0int.o(i.RxFifo_Put)
    RxFifo_Size                              0x000023d5   Thumb Code    14  uart0int.o(i.RxFifo_Size)
    SSI0_Init                                0x000023ed   Thumb Code   302  edisk.o(i.SSI0_Init)
    ST7735_DrawCharS                         0x00002539   Thumb Code   236  st7735.o(i.ST7735_DrawCharS)
    ST7735_DrawPixel                         0x00002631   Thumb Code    64  st7735.o(i.ST7735_DrawPixel)
    ST7735_DrawString                        0x00002679   Thumb Code    86  st7735.o(i.ST7735_DrawString)
    ST7735_FillRect                          0x000026d1   Thumb Code   164  st7735.o(i.ST7735_FillRect)
    ST7735_FillScreen                        0x0000277d   Thumb Code    28  st7735.o(i.ST7735_FillScreen)
    ST7735_InitR                             0x000027a1   Thumb Code    98  st7735.o(i.ST7735_InitR)
    ST7735_Message                           0x00002829   Thumb Code     2  st7735.o(i.ST7735_Message)
    ST7735_SetCursor                         0x0000282d   Thumb Code    22  st7735.o(i.ST7735_SetCursor)
    Scheduler                                0x0000284d   Thumb Code   310  os.o(i.Scheduler)
    System_Timer                             0x0000298d   Thumb Code     2  os.o(i.System_Timer)
    Timer0A_Handler                          0x00002991   Thumb Code    16  timer0a.o(i.Timer0A_Handler)
    Timer1A_Handler                          0x000029a9   Thumb Code    16  timer1a.o(i.Timer1A_Handler)
    Timer1A_Init                             0x000029c1   Thumb Code    76  timer1a.o(i.Timer1A_Init)
    Timer2A_Handler                          0x00002a21   Thumb Code    16  timer2a.o(i.Timer2A_Handler)
    Timer2A_Init                             0x00002a39   Thumb Code    76  timer2a.o(i.Timer2A_Init)
    Timer3A_Handler                          0x00002a99   Thumb Code    16  timer3a.o(i.Timer3A_Handler)
    Timer3A_Init                             0x00002ab1   Thumb Code    74  timer3a.o(i.Timer3A_Init)
    Timer4A_Handler                          0x00002b11   Thumb Code    16  timer4a.o(i.Timer4A_Handler)
    Timer4A_Init                             0x00002b29   Thumb Code    74  timer4a.o(i.Timer4A_Init)
    Timer5A_Handler                          0x00002b89   Thumb Code    16  timer5a.o(i.Timer5A_Handler)
    Timer5A_Init                             0x00002ba1   Thumb Code    76  timer5a.o(i.Timer5A_Init)
    TxFifo_Get                               0x00002c01   Thumb Code    46  uart0int.o(i.TxFifo_Get)
    TxFifo_Init                              0x00002c3d   Thumb Code    12  uart0int.o(i.TxFifo_Init)
    TxFifo_Put                               0x00002c51   Thumb Code    48  uart0int.o(i.TxFifo_Put)
    TxFifo_Size                              0x00002c8d   Thumb Code    14  uart0int.o(i.TxFifo_Size)
    UART0_Handler                            0x00002ca5   Thumb Code    82  uart0int.o(i.UART0_Handler)
    UART2_Handler                            0x00002cfd   Thumb Code    82  esp8266.o(i.UART2_Handler)
    UART_InChar                              0x00002d55   Thumb Code    20  uart0int.o(i.UART_InChar)
    UART_InString                            0x00002d69   Thumb Code    70  uart0int.o(i.UART_InString)
    UART_Init                                0x00002db1   Thumb Code   174  uart0int.o(i.UART_Init)
    UART_OutChar                             0x00002e79   Thumb Code    46  uart0int.o(i.UART_OutChar)
    UART_OutCharNonBlock                     0x00002ead   Thumb Code    46  uart0int.o(i.UART_OutCharNonBlock)
    UART_OutString                           0x00002ee1   Thumb Code    24  uart0int.o(i.UART_OutString)
    UART_OutUDec                             0x00002ef9   Thumb Code    42  uart0int.o(i.UART_OutUDec)
    WideTimer0A_Handler                      0x00002f25   Thumb Code    16  wtimer0a.o(i.WideTimer0A_Handler)
    __0sprintf$1                             0x00002f3d   Thumb Code    34  printf1.o(i.__0sprintf$1)
    __1sprintf$1                             0x00002f3d   Thumb Code     0  printf1.o(i.__0sprintf$1)
    __2sprintf                               0x00002f3d   Thumb Code     0  printf1.o(i.__0sprintf$1)
    __aeabi_errno_addr                       0x00002f65   Thumb Code     4  errno.o(i.__aeabi_errno_addr)
    __rt_errno_addr                          0x00002f65   Thumb Code     0  errno.o(i.__aeabi_errno_addr)
    __scatterload_copy                       0x00002f6d   Thumb Code    14  handlers.o(i.__scatterload_copy)
    __scatterload_null                       0x00002f7b   Thumb Code     2  handlers.o(i.__scatterload_null)
    __scatterload_zeroinit                   0x00002f7d   Thumb Code    14  handlers.o(i.__scatterload_zeroinit)
    clust2sect                               0x00003239   Thumb Code    26  ff.o(i.clust2sect)
    decode_exec                              0x00003719   Thumb Code  1998  interpreter.o(i.decode_exec)
    disk_ioctl                               0x0000426d   Thumb Code   544  edisk.o(i.disk_ioctl)
    eDisk_Init                               0x00004499   Thumb Code   330  edisk.o(i.eDisk_Init)
    eDisk_Read                               0x000045f5   Thumb Code   136  edisk.o(i.eDisk_Read)
    eDisk_Status                             0x00004685   Thumb Code    14  edisk.o(i.eDisk_Status)
    eDisk_Write                              0x00004699   Thumb Code   170  edisk.o(i.eDisk_Write)
    eFile_Create                             0x0000474d   Thumb Code    42  efile.o(i.eFile_Create)
    eFile_DOpen                              0x00004781   Thumb Code    40  efile.o(i.eFile_DOpen)
    eFile_Delete                             0x000047b1   Thumb Code    38  efile.o(i.eFile_Delete)
    eFile_DirNext                            0x000047dd   Thumb Code    60  efile.o(i.eFile_DirNext)
    eFile_Format                             0x00004825   Thumb Code    40  efile.o(i.eFile_Format)
    eFile_Init                               0x00004855   Thumb Code     4  efile.o(i.eFile_Init)
    eFile_Mount                              0x00004859   Thumb Code    40  efile.o(i.eFile_Mount)
    eFile_RClose                             0x0000488d   Thumb Code    36  efile.o(i.eFile_RClose)
    eFile_ROpen                              0x000048b9   Thumb Code    42  efile.o(i.eFile_ROpen)
    eFile_ReadNext                           0x000048ed   Thumb Code    50  efile.o(i.eFile_ReadNext)
    eFile_WClose                             0x00004929   Thumb Code    36  efile.o(i.eFile_WClose)
    eFile_WOpen                              0x00004955   Thumb Code    42  efile.o(i.eFile_WOpen)
    eFile_Write                              0x00004989   Thumb Code    50  efile.o(i.eFile_Write)
    exec_elf                                 0x000049c5   Thumb Code   184  loader.o(i.exec_elf)
    f_close                                  0x00004aad   Thumb Code    32  ff.o(i.f_close)
    f_lseek                                  0x00004acd   Thumb Code   382  ff.o(i.f_lseek)
    f_mkfs                                   0x00004c4d   Thumb Code  1582  ff.o(i.f_mkfs)
    f_mount                                  0x00005295   Thumb Code    86  ff.o(i.f_mount)
    f_open                                   0x000052f1   Thumb Code   352  ff.o(i.f_open)
    f_opendir                                0x00005455   Thumb Code   110  ff.o(i.f_opendir)
    f_read                                   0x000054c3   Thumb Code   416  ff.o(i.f_read)
    f_readdir                                0x00005663   Thumb Code    88  ff.o(i.f_readdir)
    f_sync                                   0x000056bd   Thumb Code   172  ff.o(i.f_sync)
    f_unlink                                 0x0000576d   Thumb Code   190  ff.o(i.f_unlink)
    f_write                                  0x0000582b   Thumb Code   472  ff.o(i.f_write)
    get_fat                                  0x00005e6d   Thumb Code   242  ff.o(i.get_fat)
    main                                     0x000064e1   Thumb Code    10  lab6.o(i.main)
    put_fat                                  0x00006807   Thumb Code   322  ff.o(i.put_fat)
    split                                    0x00007031   Thumb Code    70  interpreter.o(i.split)
    stack_init                               0x000070d5   Thumb Code   436  os.o(i.stack_init)
    strCmp                                   0x00007295   Thumb Code    48  interpreter.o(i.strCmp)
    string_to_int                            0x000072c5   Thumb Code    12  interpreter.o(i.string_to_int)
    JitterSize                               0x000075a8   Data           4  os.o(.constdata)
    smallCircle                              0x00007b8e   Data          36  st7735.o(.constdata)
    circle                                   0x00007bb2   Data          60  st7735.o(.constdata)
    dBfs                                     0x00007bee   Data         512  st7735.o(.constdata)
    ReceiveDataSearchString                  0x00007eb1   Data           6  esp8266.o(.constdata)
    __ctype_table                            0x00007fc4   Data         129  ctype_o.o(.constdata)
    Region$$Table$$Base                      0x0000805c   Number         0  anon$$obj.o(Region$$Table)
    Region$$Table$$Limit                     0x0000807c   Number         0  anon$$obj.o(Region$$Table)
    IntTerm                                  0x20000000   Data           2  lab6.o(.data)
    PrevError                                0x20000002   Data           2  lab6.o(.data)
    NumCreated                               0x20000004   Data           4  lab6.o(.data)
    IdleCount                                0x20000008   Data           4  lab6.o(.data)
    FilterWork                               0x2000000c   Data           4  lab6.o(.data)
    Count4                                   0x20000010   Data           4  lab6.o(.data)
    Count1                                   0x20000014   Data           4  lab6.o(.data)
    Count2                                   0x20000018   Data           4  lab6.o(.data)
    Count3                                   0x2000001c   Data           4  lab6.o(.data)
    XmtData                                  0x20000020   Data           4  lab6.o(.data)
    RcvData                                  0x20000024   Data           4  lab6.o(.data)
    RcvCount                                 0x20000028   Data           4  lab6.o(.data)
    sequenceNum                              0x2000002c   Data           1  lab6.o(.data)
    Running                                  0x20000030   Data           4  lab6.o(.data)
    WebServerSema                            0x20000034   Data           8  lab6.o(.data)
    MaxJitter                                0x2000003c   Data           4  os.o(.data)
    performance                              0x20000040   Data           1  os.o(.data)
    Runptr                                   0x20000044   Data           4  os.o(.data)
    PeriodicTaskPF4                          0x20000048   Data           4  os.o(.data)
    PeriodicTaskPF2                          0x2000004c   Data           4  os.o(.data)
    Disabled                                 0x20000050   Data           4  os.o(.data)
    Disabled_usecs                           0x20000054   Data           4  os.o(.data)
    Enabled                                  0x20000058   Data           4  os.o(.data)
    Start_disable                            0x2000005c   Data           4  os.o(.data)
    Disabled_percentage                      0x20000060   Data           4  os.o(.data)
    Stop_disable                             0x20000064   Data           4  os.o(.data)
    Start_disable_flag                       0x20000068   Data           4  os.o(.data)
    Stop_enable                              0x2000006c   Data           4  os.o(.data)
    QueuePutI                                0x20000070   Data           4  os.o(.data)
    QueueGetI                                0x20000074   Data           4  os.o(.data)
    StreamToDevice                           0x20000078   Data           4  os.o(.data)
    StX                                      0x2000007c   Data           4  st7735.o(.data)
    StY                                      0x20000080   Data           4  st7735.o(.data)
    StTextColor                              0x20000084   Data           2  st7735.o(.data)
    LCDFree                                  0x20000090   Data           8  st7735.o(.data)
    Messageindex                             0x20000098   Data           4  st7735.o(.data)
    Ymax                                     0x2000009c   Data           4  st7735.o(.data)
    Ymin                                     0x200000a0   Data           4  st7735.o(.data)
    X                                        0x200000a4   Data           4  st7735.o(.data)
    Yrange                                   0x200000a8   Data           4  st7735.o(.data)
    lastj                                    0x200000ac   Data           4  st7735.o(.data)
    RxPutI                                   0x200000b0   Data           4  uart0int.o(.data)
    RxGetI                                   0x200000b4   Data           4  uart0int.o(.data)
    TxPutI                                   0x200000b8   Data           4  uart0int.o(.data)
    TxGetI                                   0x200000bc   Data           4  uart0int.o(.data)
    ADCTask                                  0x200000d8   Data           4  adct0atrigger.o(.data)
    PD3data                                  0x200000dc   Data           4  adct0atrigger.o(.data)
    WidePeriodicTask0                        0x200000e0   Data           4  wtimer0a.o(.data)
    RCV_ID                                   0x200000e4   Data           4  can0.o(.data)
    XMT_ID                                   0x200000e8   Data           4  can0.o(.data)
    ESP8266_EchoResponse                     0x200000f4   Data           1  esp8266.o(.data)
    ESP8266_EchoCommand                      0x200000f5   Data           1  esp8266.o(.data)
    ESP8266RxPutI                            0x200000f8   Data           4  esp8266.o(.data)
    ESP8266RxGetI                            0x200000fc   Data           4  esp8266.o(.data)
    ESP8266Rx0PutI                           0x20000100   Data           4  esp8266.o(.data)
    ESP8266Rx0GetI                           0x20000104   Data           4  esp8266.o(.data)
    ESP8266TxPutI                            0x20000108   Data           4  esp8266.o(.data)
    ESP8266TxGetI                            0x2000010c   Data           4  esp8266.o(.data)
    ESPtx_sema                               0x20000110   Data           8  esp8266.o(.data)
    ESPrx_sema                               0x20000118   Data           8  esp8266.o(.data)
    ESP8266_Server                           0x20000120   Data           2  esp8266.o(.data)
    ESP8266_ConnectionMux                    0x20000122   Data           2  esp8266.o(.data)
    ESP8266_Segment                          0x20000124   Data           2  esp8266.o(.data)
    ESP8266_DataAvailable                    0x20000138   Data           4  esp8266.o(.data)
    ESP8266_DataLoss                         0x2000013c   Data           4  esp8266.o(.data)
    PeriodicTask0                            0x20000140   Data           4  timer0a.o(.data)
    PeriodicTask1                            0x20000144   Data           4  timer1a.o(.data)
    PeriodicTask2                            0x20000148   Data           4  timer2a.o(.data)
    PeriodicTask3                            0x2000014c   Data           4  timer3a.o(.data)
    PeriodicTask4                            0x20000150   Data           4  timer4a.o(.data)
    PeriodicTask5                            0x20000154   Data           4  timer5a.o(.data)
    Counts                                   0x2000015c   Data           4  systick.o(DATA)
    JitterHistogram                          0x20000160   Data         256  os.o(.bss)
    STACK                                    0x20000260   Data       14400  os.o(.bss)
    threads                                  0x20003aa0   Data         408  os.o(.bss)
    processes                                0x20003c38   Data         144  os.o(.bss)
    periodic_threads                         0x20003cc8   Data          96  os.o(.bss)
    __initial_sp                             0x20007408   Data           0  startup.o(STACK)



==============================================================================

Memory Map of the image

  Image Entry point : 0x0000026d

  Load Region LR_1 (Base: 0x00000000, Size: 0x000081dc, Max: 0xffffffff, ABSOLUTE, COMPRESSED[0x00008094])

    Execution Region ER_RO (Exec base: 0x00000000, Load base: 0x00000000, Size: 0x0000807c, Max: 0xffffffff, ABSOLUTE)

    Exec Addr    Load Addr    Size         Type   Attr      Idx    E Section Name        Object

    0x00000000   0x00000000   0x00000284   Code   RO            3  * RESET               startup.o
    0x00000284   0x00000284   0x00000000   Code   RO         3176  * .ARM.Collect$$$$00000000  mc_w.l(entry.o)
    0x00000284   0x00000284   0x00000004   Code   RO         3460    .ARM.Collect$$$$00000001  mc_w.l(entry2.o)
    0x00000288   0x00000288   0x00000004   Code   RO         3463    .ARM.Collect$$$$00000004  mc_w.l(entry5.o)
    0x0000028c   0x0000028c   0x00000000   Code   RO         3465    .ARM.Collect$$$$00000008  mc_w.l(entry7b.o)
    0x0000028c   0x0000028c   0x00000000   Code   RO         3467    .ARM.Collect$$$$0000000A  mc_w.l(entry8b.o)
    0x0000028c   0x0000028c   0x00000008   Code   RO         3468    .ARM.Collect$$$$0000000B  mc_w.l(entry9a.o)
    0x00000294   0x00000294   0x00000000   Code   RO         3470    .ARM.Collect$$$$0000000D  mc_w.l(entry10a.o)
    0x00000294   0x00000294   0x00000000   Code   RO         3472    .ARM.Collect$$$$0000000F  mc_w.l(entry11a.o)
    0x00000294   0x00000294   0x00000004   Code   RO         3461    .ARM.Collect$$$$00002712  mc_w.l(entry2.o)
    0x00000298   0x00000298   0x0000001c   Code   RO            4    .text               startup.o
    0x000002b4   0x000002b4   0x000000dc   Code   RO         1679    .text               osasm.o
    0x00000390   0x00000390   0x00000104   Code   RO         3011    .text               systick.o
    0x00000494   0x00000494   0x00000024   Code   RO         3179    .text               mc_w.l(memcpya.o)
    0x000004b8   0x000004b8   0x0000000e   Code   RO         3185    .text               mc_w.l(strlen.o)
    0x000004c6   0x000004c6   0x0000001c   Code   RO         3187    .text               mc_w.l(strcmp.o)
    0x000004e2   0x000004e2   0x0000001a   Code   RO         3456    .text               mc_w.l(atoi.o)
    0x000004fc   0x000004fc   0x0000002c   Code   RO         3477    .text               mc_w.l(uidiv.o)
    0x00000528   0x00000528   0x00000070   Code   RO         3488    .text               mc_w.l(strtol.o)
    0x00000598   0x00000598   0x00000024   Code   RO         3501    .text               mc_w.l(init.o)
    0x000005bc   0x000005bc   0x00000008   Code   RO         3510    .text               mc_w.l(ctype_o.o)
    0x000005c4   0x000005c4   0x0000009e   Code   RO         3538    .text               mc_w.l(_strtoul.o)
    0x00000662   0x00000662   0x0000001c   Code   RO         3543    .text               mc_w.l(_chval.o)
    0x0000067e   0x0000067e   0x0000003a   Code   RO         3553    .text               mc_w.l(__dczerorl.o)
    0x000006b8   0x000006b8   0x00000024   Code   RO         1682    i.ADC0Seq0_Handler  adct0atrigger.o
    0x000006dc   0x000006dc   0x0000001c   Code   RO         1683    i.ADC0Seq3_Handler  adct0atrigger.o
    0x000006f8   0x000006f8   0x0000002c   Code   RO         1722    i.ADC0_InSeq3       adcswtrigger.o
    0x00000724   0x00000724   0x000000f8   Code   RO         1727    i.ADC0_InitSWTriggerSeq3_Ch9  adcswtrigger.o
    0x0000081c   0x0000081c   0x00000088   Code   RO         2471    i.CAN0_Handler      can0.o
    0x000008a4   0x000008a4   0x00000036   Code   RO         2307    i.CANDataRegRead    can.o
    0x000008da   0x000008da   0x00000050   Code   RO         2313    i.CANIntClear       can.o
    0x0000092a   0x0000092a   0x00000002   PAD
    0x0000092c   0x0000092c   0x00000028   Code   RO         2316    i.CANIntNumberGet   can.o
    0x00000954   0x00000954   0x0000003c   Code   RO         2318    i.CANIntStatus      can.o
    0x00000990   0x00000990   0x000001b6   Code   RO         2321    i.CANMessageGet     can.o
    0x00000b46   0x00000b46   0x00000002   PAD
    0x00000b48   0x00000b48   0x0000004c   Code   RO         2323    i.CANRegRead        can.o
    0x00000b94   0x00000b94   0x00000018   Code   RO         2324    i.CANRegWrite       can.o
    0x00000bac   0x00000bac   0x0000007c   Code   RO         2327    i.CANStatusGet      can.o
    0x00000c28   0x00000c28   0x0000008c   Code   RO         1155    i.CS_Init           edisk.o
    0x00000cb4   0x00000cb4   0x0000008c   Code   RO           84    i.ClientTest        lab6.o
    0x00000d40   0x00000d40   0x00000020   Code   RO          617    i.Delay1ms          st7735.o
    0x00000d60   0x00000d60   0x00000020   Code   RO         2545    i.DelayMs           esp8266.o
    0x00000d80   0x00000d80   0x0000004c   Code   RO         2546    i.ESP8266BufferToTx  esp8266.o
    0x00000dcc   0x00000dcc   0x0000003c   Code   RO         2547    i.ESP8266Rx0Fifo_Get  esp8266.o
    0x00000e08   0x00000e08   0x00000014   Code   RO         2548    i.ESP8266Rx0Fifo_Init  esp8266.o
    0x00000e1c   0x00000e1c   0x0000003c   Code   RO         2549    i.ESP8266Rx0Fifo_Put  esp8266.o
    0x00000e58   0x00000e58   0x00000018   Code   RO         2550    i.ESP8266Rx0Fifo_Size  esp8266.o
    0x00000e70   0x00000e70   0x0000003c   Code   RO         2551    i.ESP8266RxFifo_Get  esp8266.o
    0x00000eac   0x00000eac   0x00000014   Code   RO         2552    i.ESP8266RxFifo_Init  esp8266.o
    0x00000ec0   0x00000ec0   0x0000003c   Code   RO         2553    i.ESP8266RxFifo_Put  esp8266.o
    0x00000efc   0x00000efc   0x00000018   Code   RO         2554    i.ESP8266RxFifo_Size  esp8266.o
    0x00000f14   0x00000f14   0x00000054   Code   RO         2555    i.ESP8266RxToBuffer  esp8266.o
    0x00000f68   0x00000f68   0x0000003c   Code   RO         2556    i.ESP8266TxFifo_Get  esp8266.o
    0x00000fa4   0x00000fa4   0x00000014   Code   RO         2557    i.ESP8266TxFifo_Init  esp8266.o
    0x00000fb8   0x00000fb8   0x0000003c   Code   RO         2558    i.ESP8266TxFifo_Put  esp8266.o
    0x00000ff4   0x00000ff4   0x00000018   Code   RO         2559    i.ESP8266TxFifo_Size  esp8266.o
    0x0000100c   0x0000100c   0x00000070   Code   RO         2562    i.ESP8266_Connect   esp8266.o
    0x0000107c   0x0000107c   0x0000000c   Code   RO         2563    i.ESP8266_DisableInterrupt  esp8266.o
    0x00001088   0x00001088   0x00000024   Code   RO         2565    i.ESP8266_EnableInterrupt  esp8266.o
    0x000010ac   0x000010ac   0x00000038   Code   RO         2567    i.ESP8266_GetIPAddress  esp8266.o
    0x000010e4   0x000010e4   0x00000038   Code   RO         2568    i.ESP8266_GetMACAddress  esp8266.o
    0x0000111c   0x0000111c   0x00000034   Code   RO         2570    i.ESP8266_GetVersionNumber  esp8266.o
    0x00001150   0x00001150   0x00000014   Code   RO         2571    i.ESP8266_InChar    esp8266.o
    0x00001164   0x00001164   0x000000d8   Code   RO         2572    i.ESP8266_Init      esp8266.o
    0x0000123c   0x0000123c   0x0000011c   Code   RO         2573    i.ESP8266_InitUART  esp8266.o
    0x00001358   0x00001358   0x0000005c   Code   RO         2574    i.ESP8266_JoinAccessPoint  esp8266.o
    0x000013b4   0x000013b4   0x00000038   Code   RO         2575    i.ESP8266_ListAccessPoints  esp8266.o
    0x000013ec   0x000013ec   0x00000078   Code   RO         2576    i.ESP8266_MakeTCPConnection  esp8266.o
    0x00001464   0x00001464   0x00000034   Code   RO         2577    i.ESP8266_OutChar   esp8266.o
    0x00001498   0x00001498   0x000000b4   Code   RO         2579    i.ESP8266_Receive   esp8266.o
    0x0000154c   0x0000154c   0x00000034   Code   RO         2580    i.ESP8266_Reset     esp8266.o
    0x00001580   0x00001580   0x00000098   Code   RO         2582    i.ESP8266_Send      esp8266.o
    0x00001618   0x00001618   0x0000001a   Code   RO         2585    i.ESP8266_SendCommand  esp8266.o
    0x00001632   0x00001632   0x00000002   PAD
    0x00001634   0x00001634   0x00000048   Code   RO         2589    i.ESP8266_SetWifiMode  esp8266.o
    0x0000167c   0x0000167c   0x0000006c   Code   RO         2593    i.ESP8266_WaitForResponse  esp8266.o
    0x000016e8   0x000016e8   0x00000050   Code   RO          286    i.GPIOPortF_Handler  os.o
    0x00001738   0x00001738   0x00000090   Code   RO         2023    i.Heap_Free         heap.o
    0x000017c8   0x000017c8   0x00000054   Code   RO         2025    i.Heap_Malloc       heap.o
    0x0000181c   0x0000181c   0x0000001c   Code   RO           88    i.Idle              lab6.o
    0x00001838   0x00001838   0x00000074   Code   RO         2869    i.IntDisable        interrupt.o
    0x000018ac   0x000018ac   0x00000074   Code   RO         2870    i.IntEnable         interrupt.o
    0x00001920   0x00001920   0x00000034   Code   RO          889    i.Interpreter       interpreter.o
    0x00001954   0x00001954   0x000000c4   Code   RO          890    i.Jitter            interpreter.o
    0x00001a18   0x00001a18   0x00000018   Code   RO         2126    i.LOADER_CLEAR      loader.o
    0x00001a30   0x00001a30   0x0000001c   Code   RO         2127    i.LOADER_OPEN_FOR_RD  loader.o
    0x00001a4c   0x00001a4c   0x0000001e   Code   RO         2128    i.LOADER_READ       loader.o
    0x00001a6a   0x00001a6a   0x00000002   PAD
    0x00001a6c   0x00001a6c   0x000000e0   Code   RO          288    i.OS_AddProcess     os.o
    0x00001b4c   0x00001b4c   0x000002b8   Code   RO          291    i.OS_AddThread      os.o
    0x00001e04   0x00001e04   0x0000000c   Code   RO          292    i.OS_ClearMsTime    os.o
    0x00001e10   0x00001e10   0x0000000c   Code   RO          298    i.OS_Id             os.o
    0x00001e1c   0x00001e1c   0x00000088   Code   RO          299    i.OS_Init           os.o
    0x00001ea4   0x00001ea4   0x00000004   Code   RO          300    i.OS_InitSemaphore  os.o
    0x00001ea8   0x00001ea8   0x0000005c   Code   RO          301    i.OS_Kill           os.o
    0x00001f04   0x00001f04   0x00000010   Code   RO          302    i.OS_Launch         os.o
    0x00001f14   0x00001f14   0x0000000c   Code   RO          307    i.OS_MsTime         os.o
    0x00001f20   0x00001f20   0x00000038   Code   RO          311    i.OS_Signal         os.o
    0x00001f58   0x00001f58   0x0000002c   Code   RO          312    i.OS_Sleep          os.o
    0x00001f84   0x00001f84   0x00000008   Code   RO          313    i.OS_Suspend        os.o
    0x00001f8c   0x00001f8c   0x00000010   Code   RO          314    i.OS_Time           os.o
    0x00001f9c   0x00001f9c   0x00000010   Code   RO          315    i.OS_TimeDifference  os.o
    0x00001fac   0x00001fac   0x00000030   Code   RO          317    i.OS_Wait           os.o
    0x00001fdc   0x00001fdc   0x0000003c   Code   RO          318    i.OS_bSignal        os.o
    0x00002018   0x00002018   0x00000030   Code   RO          319    i.OS_bWait          os.o
    0x00002048   0x00002048   0x0000007c   Code   RO           66    i.PLL_Init          pll.o
    0x000020c4   0x000020c4   0x00000068   Code   RO           89    i.PortD_Init        lab6.o
    0x0000212c   0x0000212c   0x000000c8   Code   RO          891    i.RPCConnectWifi    interpreter.o
    0x000021f4   0x000021f4   0x00000154   Code   RO         2594    i.ReceiveDataFilter  esp8266.o
    0x00002348   0x00002348   0x0000003c   Code   RO          995    i.RxFifo_Get        uart0int.o
    0x00002384   0x00002384   0x00000014   Code   RO          996    i.RxFifo_Init       uart0int.o
    0x00002398   0x00002398   0x0000003c   Code   RO          997    i.RxFifo_Put        uart0int.o
    0x000023d4   0x000023d4   0x00000018   Code   RO          998    i.RxFifo_Size       uart0int.o
    0x000023ec   0x000023ec   0x0000014c   Code   RO         1156    i.SSI0_Init         edisk.o
    0x00002538   0x00002538   0x000000f8   Code   RO          621    i.ST7735_DrawCharS  st7735.o
    0x00002630   0x00002630   0x00000048   Code   RO          625    i.ST7735_DrawPixel  st7735.o
    0x00002678   0x00002678   0x00000056   Code   RO          627    i.ST7735_DrawString  st7735.o
    0x000026ce   0x000026ce   0x00000002   PAD
    0x000026d0   0x000026d0   0x000000ac   Code   RO          628    i.ST7735_FillRect   st7735.o
    0x0000277c   0x0000277c   0x00000024   Code   RO          629    i.ST7735_FillScreen  st7735.o
    0x000027a0   0x000027a0   0x00000088   Code   RO          631    i.ST7735_InitR      st7735.o
    0x00002828   0x00002828   0x00000002   Code   RO          633    i.ST7735_Message    st7735.o
    0x0000282a   0x0000282a   0x00000002   PAD
    0x0000282c   0x0000282c   0x00000020   Code   RO          648    i.ST7735_SetCursor  st7735.o
    0x0000284c   0x0000284c   0x00000140   Code   RO          324    i.Scheduler         os.o
    0x0000298c   0x0000298c   0x00000002   Code   RO          325    i.System_Timer      os.o
    0x0000298e   0x0000298e   0x00000002   PAD
    0x00002990   0x00002990   0x00000018   Code   RO         3014    i.Timer0A_Handler   timer0a.o
    0x000029a8   0x000029a8   0x00000018   Code   RO         3041    i.Timer1A_Handler   timer1a.o
    0x000029c0   0x000029c0   0x00000060   Code   RO         3042    i.Timer1A_Init      timer1a.o
    0x00002a20   0x00002a20   0x00000018   Code   RO         3068    i.Timer2A_Handler   timer2a.o
    0x00002a38   0x00002a38   0x00000060   Code   RO         3069    i.Timer2A_Init      timer2a.o
    0x00002a98   0x00002a98   0x00000018   Code   RO         3095    i.Timer3A_Handler   timer3a.o
    0x00002ab0   0x00002ab0   0x00000060   Code   RO         3096    i.Timer3A_Init      timer3a.o
    0x00002b10   0x00002b10   0x00000018   Code   RO         3122    i.Timer4A_Handler   timer4a.o
    0x00002b28   0x00002b28   0x00000060   Code   RO         3123    i.Timer4A_Init      timer4a.o
    0x00002b88   0x00002b88   0x00000018   Code   RO         3149    i.Timer5A_Handler   timer5a.o
    0x00002ba0   0x00002ba0   0x00000060   Code   RO         3150    i.Timer5A_Init      timer5a.o
    0x00002c00   0x00002c00   0x0000003c   Code   RO          999    i.TxFifo_Get        uart0int.o
    0x00002c3c   0x00002c3c   0x00000014   Code   RO         1000    i.TxFifo_Init       uart0int.o
    0x00002c50   0x00002c50   0x0000003c   Code   RO         1001    i.TxFifo_Put        uart0int.o
    0x00002c8c   0x00002c8c   0x00000018   Code   RO         1002    i.TxFifo_Size       uart0int.o
    0x00002ca4   0x00002ca4   0x00000058   Code   RO         1003    i.UART0_Handler     uart0int.o
    0x00002cfc   0x00002cfc   0x00000058   Code   RO         2595    i.UART2_Handler     esp8266.o
    0x00002d54   0x00002d54   0x00000014   Code   RO         1005    i.UART_InChar       uart0int.o
    0x00002d68   0x00002d68   0x00000046   Code   RO         1007    i.UART_InString     uart0int.o
    0x00002dae   0x00002dae   0x00000002   PAD
    0x00002db0   0x00002db0   0x000000c8   Code   RO         1010    i.UART_Init         uart0int.o
    0x00002e78   0x00002e78   0x00000034   Code   RO         1011    i.UART_OutChar      uart0int.o
    0x00002eac   0x00002eac   0x00000034   Code   RO         1012    i.UART_OutCharNonBlock  uart0int.o
    0x00002ee0   0x00002ee0   0x00000018   Code   RO         1014    i.UART_OutString    uart0int.o
    0x00002ef8   0x00002ef8   0x0000002a   Code   RO         1015    i.UART_OutUDec      uart0int.o
    0x00002f22   0x00002f22   0x00000002   PAD
    0x00002f24   0x00002f24   0x00000018   Code   RO         1995    i.WideTimer0A_Handler  wtimer0a.o
    0x00002f3c   0x00002f3c   0x00000028   Code   RO         3242    i.__0sprintf$1      mc_w.l(printf1.o)
    0x00002f64   0x00002f64   0x00000008   Code   RO         3481    i.__aeabi_errno_addr  mc_w.l(errno.o)
    0x00002f6c   0x00002f6c   0x0000000e   Code   RO         3547    i.__scatterload_copy  mc_w.l(handlers.o)
    0x00002f7a   0x00002f7a   0x00000002   Code   RO         3548    i.__scatterload_null  mc_w.l(handlers.o)
    0x00002f7c   0x00002f7c   0x0000000e   Code   RO         3549    i.__scatterload_zeroinit  mc_w.l(handlers.o)
    0x00002f8a   0x00002f8a   0x00000002   PAD
    0x00002f8c   0x00002f8c   0x00000154   Code   RO         3247    i._printf_core      mc_w.l(printf1.o)
    0x000030e0   0x000030e0   0x0000000a   Code   RO         3249    i._sputc            mc_w.l(printf1.o)
    0x000030ea   0x000030ea   0x00000058   Code   RO         2130    i.addressOf         loader.o
    0x00003142   0x00003142   0x00000012   Code   RO         2028    i.blockHeader       heap.o
    0x00003154   0x00003154   0x00000012   Code   RO         2029    i.blockRoom         heap.o
    0x00003166   0x00003166   0x00000012   Code   RO         2030    i.blockTrailer      heap.o
    0x00003178   0x00003178   0x00000008   Code   RO         2031    i.blockUnused       heap.o
    0x00003180   0x00003180   0x00000010   Code   RO         2032    i.blockUsed         heap.o
    0x00003190   0x00003190   0x00000090   Code   RO         1386    i.check_fs          ff.o
    0x00003220   0x00003220   0x00000018   Code   RO         1387    i.chk_chr           ff.o
    0x00003238   0x00003238   0x0000001a   Code   RO         1388    i.clust2sect        ff.o
    0x00003252   0x00003252   0x00000056   Code   RO          652    i.commandList       st7735.o
    0x000032a8   0x000032a8   0x0000018c   Code   RO          653    i.commonInit        st7735.o
    0x00003434   0x00003434   0x0000002c   Code   RO         1017    i.copyHardwareToSoftware  uart0int.o
    0x00003460   0x00003460   0x0000002c   Code   RO         1018    i.copySoftwareToHardware  uart0int.o
    0x0000348c   0x0000348c   0x000000d6   Code   RO         1389    i.create_chain      ff.o
    0x00003562   0x00003562   0x00000002   PAD
    0x00003564   0x00003564   0x000001b4   Code   RO         1390    i.create_name       ff.o
    0x00003718   0x00003718   0x000007f8   Code   RO          895    i.decode_exec       interpreter.o
    0x00003f10   0x00003f10   0x00000014   Code   RO         1157    i.deselect          edisk.o
    0x00003f24   0x00003f24   0x0000005c   Code   RO         1391    i.dir_alloc         ff.o
    0x00003f80   0x00003f80   0x0000005c   Code   RO         1392    i.dir_find          ff.o
    0x00003fdc   0x00003fdc   0x00000110   Code   RO         1393    i.dir_next          ff.o
    0x000040ec   0x000040ec   0x00000070   Code   RO         1394    i.dir_read          ff.o
    0x0000415c   0x0000415c   0x0000003a   Code   RO         1395    i.dir_register      ff.o
    0x00004196   0x00004196   0x00000036   Code   RO         1396    i.dir_remove        ff.o
    0x000041cc   0x000041cc   0x0000009e   Code   RO         1397    i.dir_sdi           ff.o
    0x0000426a   0x0000426a   0x00000002   PAD
    0x0000426c   0x0000426c   0x00000228   Code   RO         1158    i.disk_ioctl        edisk.o
    0x00004494   0x00004494   0x00000002   Code   RO         2131    i.dumpData          loader.o
    0x00004496   0x00004496   0x00000002   PAD
    0x00004498   0x00004498   0x0000015c   Code   RO         1160    i.eDisk_Init        edisk.o
    0x000045f4   0x000045f4   0x00000090   Code   RO         1161    i.eDisk_Read        edisk.o
    0x00004684   0x00004684   0x00000014   Code   RO         1163    i.eDisk_Status      edisk.o
    0x00004698   0x00004698   0x000000b4   Code   RO         1164    i.eDisk_Write       edisk.o
    0x0000474c   0x0000474c   0x00000034   Code   RO         1278    i.eFile_Create      efile.o
    0x00004780   0x00004780   0x00000030   Code   RO         1280    i.eFile_DOpen       efile.o
    0x000047b0   0x000047b0   0x0000002c   Code   RO         1281    i.eFile_Delete      efile.o
    0x000047dc   0x000047dc   0x00000048   Code   RO         1282    i.eFile_DirNext     efile.o
    0x00004824   0x00004824   0x00000030   Code   RO         1283    i.eFile_Format      efile.o
    0x00004854   0x00004854   0x00000004   Code   RO         1284    i.eFile_Init        efile.o
    0x00004858   0x00004858   0x00000034   Code   RO         1285    i.eFile_Mount       efile.o
    0x0000488c   0x0000488c   0x0000002c   Code   RO         1286    i.eFile_RClose      efile.o
    0x000048b8   0x000048b8   0x00000034   Code   RO         1287    i.eFile_ROpen       efile.o
    0x000048ec   0x000048ec   0x0000003c   Code   RO         1288    i.eFile_ReadNext    efile.o
    0x00004928   0x00004928   0x0000002c   Code   RO         1290    i.eFile_WClose      efile.o
    0x00004954   0x00004954   0x00000034   Code   RO         1291    i.eFile_WOpen       efile.o
    0x00004988   0x00004988   0x0000003c   Code   RO         1292    i.eFile_Write       efile.o
    0x000049c4   0x000049c4   0x000000e8   Code   RO         2132    i.exec_elf          loader.o
    0x00004aac   0x00004aac   0x00000020   Code   RO         1400    i.f_close           ff.o
    0x00004acc   0x00004acc   0x0000017e   Code   RO         1405    i.f_lseek           ff.o
    0x00004c4a   0x00004c4a   0x00000002   PAD
    0x00004c4c   0x00004c4c   0x00000648   Code   RO         1407    i.f_mkfs            ff.o
    0x00005294   0x00005294   0x0000005c   Code   RO         1408    i.f_mount           ff.o
    0x000052f0   0x000052f0   0x00000164   Code   RO         1409    i.f_open            ff.o
    0x00005454   0x00005454   0x0000006e   Code   RO         1410    i.f_opendir         ff.o
    0x000054c2   0x000054c2   0x000001a0   Code   RO         1411    i.f_read            ff.o
    0x00005662   0x00005662   0x00000058   Code   RO         1412    i.f_readdir         ff.o
    0x000056ba   0x000056ba   0x00000002   PAD
    0x000056bc   0x000056bc   0x000000b0   Code   RO         1416    i.f_sync            ff.o
    0x0000576c   0x0000576c   0x000000be   Code   RO         1418    i.f_unlink          ff.o
    0x0000582a   0x0000582a   0x000001d8   Code   RO         1420    i.f_write           ff.o
    0x00005a02   0x00005a02   0x00000002   PAD
    0x00005a04   0x00005a04   0x0000038c   Code   RO         1421    i.find_volume       ff.o
    0x00005d90   0x00005d90   0x000000b0   Code   RO         1422    i.follow_path       ff.o
    0x00005e40   0x00005e40   0x0000000c   Code   RO         2133    i.freeElf           loader.o
    0x00005e4c   0x00005e4c   0x00000010   Code   RO         2134    i.freeSection       loader.o
    0x00005e5c   0x00005e5c   0x00000010   Code   RO         2135    i.freeSegment       loader.o
    0x00005e6c   0x00005e6c   0x000000f2   Code   RO         1423    i.get_fat           ff.o
    0x00005f5e   0x00005f5e   0x00000074   Code   RO         1424    i.get_fileinfo      ff.o
    0x00005fd2   0x00005fd2   0x0000004a   Code   RO         1425    i.get_ldnumber      ff.o
    0x0000601c   0x0000601c   0x0000001c   Code   RO         2033    i.inHeapRange       heap.o
    0x00006038   0x00006038   0x00000086   Code   RO         2136    i.initElf           loader.o
    0x000060be   0x000060be   0x00000002   PAD
    0x000060c0   0x000060c0   0x00000028   Code   RO         1166    i.init_spi          edisk.o
    0x000060e8   0x000060e8   0x00000048   Code   RO         2137    i.jumpTo            loader.o
    0x00006130   0x00006130   0x00000020   Code   RO         1426    i.ld_clust          ff.o
    0x00006150   0x00006150   0x000000ec   Code   RO         2138    i.loadProgram       loader.o
    0x0000623c   0x0000623c   0x000000ec   Code   RO         2139    i.loadSecData       loader.o
    0x00006328   0x00006328   0x000000f4   Code   RO         2140    i.loadSegData       loader.o
    0x0000641c   0x0000641c   0x000000c4   Code   RO         2141    i.loadSymbols       loader.o
    0x000064e0   0x000064e0   0x0000000a   Code   RO          102    i.main              lab6.o
    0x000064ea   0x000064ea   0x00000030   Code   RO         2034    i.markBlockUnused   heap.o
    0x0000651a   0x0000651a   0x00000030   Code   RO         2035    i.markBlockUsed     heap.o
    0x0000654a   0x0000654a   0x00000026   Code   RO         1427    i.mem_cmp           ff.o
    0x00006570   0x00006570   0x0000001a   Code   RO         1428    i.mem_cpy           ff.o
    0x0000658a   0x0000658a   0x00000014   Code   RO         1429    i.mem_set           ff.o
    0x0000659e   0x0000659e   0x0000002e   Code   RO         2036    i.mergeBlockWithBelow  heap.o
    0x000065cc   0x000065cc   0x00000034   Code   RO         1430    i.move_window       ff.o
    0x00006600   0x00006600   0x0000000e   Code   RO         2037    i.nextBlockHeader   heap.o
    0x0000660e   0x0000660e   0x00000084   Code   RO         2142    i.placeDynamic      loader.o
    0x00006692   0x00006692   0x00000002   PAD
    0x00006694   0x00006694   0x00000154   Code   RO         2143    i.placeInfo         loader.o
    0x000067e8   0x000067e8   0x0000000c   Code   RO         2038    i.previousBlockHeader  heap.o
    0x000067f4   0x000067f4   0x00000012   Code   RO          657    i.pushColor         st7735.o
    0x00006806   0x00006806   0x00000142   Code   RO         1431    i.put_fat           ff.o
    0x00006948   0x00006948   0x00000048   Code   RO         1167    i.rcvr_datablock    edisk.o
    0x00006990   0x00006990   0x00000030   Code   RO         1168    i.rcvr_spi          edisk.o
    0x000069c0   0x000069c0   0x00000018   Code   RO         1169    i.rcvr_spi_multi    edisk.o
    0x000069d8   0x000069d8   0x0000003e   Code   RO         2144    i.readSecHeader     loader.o
    0x00006a16   0x00006a16   0x0000003a   Code   RO         2145    i.readSection       loader.o
    0x00006a50   0x00006a50   0x00000044   Code   RO         2146    i.readSectionName   loader.o
    0x00006a94   0x00006a94   0x0000003a   Code   RO         2147    i.readSegHeader     loader.o
    0x00006ace   0x00006ace   0x00000072   Code   RO         2148    i.readSymbol        loader.o
    0x00006b40   0x00006b40   0x00000044   Code   RO         2149    i.readSymbolName    loader.o
    0x00006b84   0x00006b84   0x000000aa   Code   RO         2150    i.relJmpCall        loader.o
    0x00006c2e   0x00006c2e   0x00000002   PAD
    0x00006c30   0x00006c30   0x000000cc   Code   RO         2151    i.relocate          loader.o
    0x00006cfc   0x00006cfc   0x00000040   Code   RO         2152    i.relocateProgram   loader.o
    0x00006d3c   0x00006d3c   0x00000084   Code   RO         2153    i.relocateSection   loader.o
    0x00006dc0   0x00006dc0   0x00000048   Code   RO         2154    i.relocateSections  loader.o
    0x00006e08   0x00006e08   0x00000038   Code   RO         2155    i.relocateSymbol    loader.o
    0x00006e40   0x00006e40   0x0000006c   Code   RO         1432    i.remove_chain      ff.o
    0x00006eac   0x00006eac   0x00000046   Code   RO         2156    i.sectionOf         loader.o
    0x00006ef2   0x00006ef2   0x00000002   PAD
    0x00006ef4   0x00006ef4   0x00000030   Code   RO         1170    i.select            edisk.o
    0x00006f24   0x00006f24   0x00000096   Code   RO         1171    i.send_cmd          edisk.o
    0x00006fba   0x00006fba   0x00000002   PAD
    0x00006fbc   0x00006fbc   0x00000074   Code   RO          658    i.setAddrWindow     st7735.o
    0x00007030   0x00007030   0x00000046   Code   RO          899    i.split             interpreter.o
    0x00007076   0x00007076   0x0000004c   Code   RO         2039    i.splitAndMarkBlockUsed  heap.o
    0x000070c2   0x000070c2   0x00000010   Code   RO         1433    i.st_clust          ff.o
    0x000070d2   0x000070d2   0x00000002   PAD
    0x000070d4   0x000070d4   0x000001c0   Code   RO          329    i.stack_init        os.o
    0x00007294   0x00007294   0x00000030   Code   RO          900    i.strCmp            interpreter.o
    0x000072c4   0x000072c4   0x0000000c   Code   RO          901    i.string_to_int     interpreter.o
    0x000072d0   0x000072d0   0x000000c8   Code   RO         1434    i.sync_fs           ff.o
    0x00007398   0x00007398   0x00000052   Code   RO         1435    i.sync_window       ff.o
    0x000073ea   0x000073ea   0x00000036   Code   RO         1436    i.validate          ff.o
    0x00007420   0x00007420   0x00000030   Code   RO         1172    i.wait_ready        edisk.o
    0x00007450   0x00007450   0x00000050   Code   RO          659    i.writecommand      st7735.o
    0x000074a0   0x000074a0   0x00000054   Code   RO          660    i.writedata         st7735.o
    0x000074f4   0x000074f4   0x00000038   Code   RO         1173    i.xchg_spi          edisk.o
    0x0000752c   0x0000752c   0x0000004c   Code   RO         1174    i.xmit_datablock    edisk.o
    0x00007578   0x00007578   0x00000030   Code   RO         1175    i.xmit_spi_multi    edisk.o
    0x000075a8   0x000075a8   0x00000004   Data   RO          331    .constdata          os.o
    0x000075ac   0x000075ac   0x00000842   Data   RO          662    .constdata          st7735.o
    0x00007dee   0x00007dee   0x00000002   PAD
    0x00007df0   0x00007df0   0x00000020   Data   RO          902    .constdata          interpreter.o
    0x00007e10   0x00007e10   0x0000002c   Data   RO         1437    .constdata          ff.o
    0x00007e3c   0x00007e3c   0x00000045   Data   RO         2158    .constdata          loader.o
    0x00007e81   0x00007e81   0x00000036   Data   RO         2598    .constdata          esp8266.o
    0x00007eb7   0x00007eb7   0x00000001   PAD
    0x00007eb8   0x00007eb8   0x0000010c   Data   RO         2886    .constdata          interrupt.o
    0x00007fc4   0x00007fc4   0x00000081   Data   RO         3511    .constdata          mc_w.l(ctype_o.o)
    0x00008045   0x00008045   0x00000003   PAD
    0x00008048   0x00008048   0x00000004   Data   RO         3512    .constdata          mc_w.l(ctype_o.o)
    0x0000804c   0x0000804c   0x0000000f   Data   RO          903    .conststring        interpreter.o
    0x0000805b   0x0000805b   0x00000001   PAD
    0x0000805c   0x0000805c   0x00000020   Data   RO         3545    Region$$Table       anon$$obj.o


    Execution Region ER_RW (Exec base: 0x20000000, Load base: 0x0000807c, Size: 0x00000160, Max: 0xffffffff, ABSOLUTE, COMPRESSED[0x00000018])

    Exec Addr    Load Addr    Size         Type   Attr      Idx    E Section Name        Object

    0x20000000   COMPRESSED   0x0000003c   Data   RW          107    .data               lab6.o
    0x2000003c   COMPRESSED   0x00000040   Data   RW          332    .data               os.o
    0x2000007c   COMPRESSED   0x00000034   Data   RW          663    .data               st7735.o
    0x200000b0   COMPRESSED   0x00000010   Data   RW         1020    .data               uart0int.o
    0x200000c0   COMPRESSED   0x0000000d   Data   RW         1176    .data               edisk.o
    0x200000cd   COMPRESSED   0x00000003   PAD
    0x200000d0   COMPRESSED   0x00000006   Data   RW         1438    .data               ff.o
    0x200000d6   COMPRESSED   0x00000002   PAD
    0x200000d8   COMPRESSED   0x00000008   Data   RW         1687    .data               adct0atrigger.o
    0x200000e0   COMPRESSED   0x00000004   Data   RW         1998    .data               wtimer0a.o
    0x200000e4   COMPRESSED   0x00000010   Data   RW         2475    .data               can0.o
    0x200000f4   COMPRESSED   0x0000004c   Data   RW         2599    .data               esp8266.o
    0x20000140   COMPRESSED   0x00000004   Data   RW         3017    .data               timer0a.o
    0x20000144   COMPRESSED   0x00000004   Data   RW         3044    .data               timer1a.o
    0x20000148   COMPRESSED   0x00000004   Data   RW         3071    .data               timer2a.o
    0x2000014c   COMPRESSED   0x00000004   Data   RW         3098    .data               timer3a.o
    0x20000150   COMPRESSED   0x00000004   Data   RW         3125    .data               timer4a.o
    0x20000154   COMPRESSED   0x00000004   Data   RW         3152    .data               timer5a.o
    0x20000158   COMPRESSED   0x00000004   Data   RW         3484    .data               mc_w.l(errno.o)
    0x2000015c   COMPRESSED   0x00000004   Data   RW         3010    DATA                systick.o


    Execution Region ER_ZI (Exec base: 0x20000160, Load base: 0x00008094, Size: 0x000072a8, Max: 0xffffffff, ABSOLUTE)

    Exec Addr    Load Addr    Size         Type   Attr      Idx    E Section Name        Object

    0x20000160        -       0x00004b7c   Zero   RW          330    .bss                os.o
    0x20004cdc        -       0x00000800   Zero   RW         1019    .bss                uart0int.o
    0x200054dc        -       0x0000048c   Zero   RW         1293    .bss                efile.o
    0x20005968        -       0x00000800   Zero   RW         2040    .bss                heap.o
    0x20006168        -       0x000002a0   Zero   RW         2157    .bss                loader.o
    0x20006408        -       0x00000c00   Zero   RW         2597    .bss                esp8266.o
    0x20007008        -       0x00000400   Zero   RW            1    STACK               startup.o


==============================================================================

Image component sizes


      Code (inc. data)   RO Data    RW Data    ZI Data      Debug   Object Name

       292         32          0          0          0       1051   adcswtrigger.o
        64         20          0          8          0       2496   adct0atrigger.o
       896         10          0          0          0      10132   can.o
       136         18          0         16          0       3691   can0.o
      2346        148          0         13          0      13378   edisk.o
       632        112          0          0       1164      10335   efile.o
      2866        582         54         76       3072      24673   esp8266.o
      8070        128         44          6          0      34680   ff.o
       578         14          0          0       2048       9194   heap.o
      2618        690         47          0          0      11054   interpreter.o
       232         16        268          0          0       2121   interrupt.o
       282         46          0         60          0       6594   lab6.o
         0          0          0          0          0       4508   launchpad.o
      3234        690         69          0        672      33121   loader.o
      2350        150          4         64      19324      17717   os.o
       220         10          0          0          0        376   osasm.o
       124          4          0          0          0        495   pll.o
      1596        170       2114         52          0      15062   st7735.o
       672        622          0          0       1024       1036   startup.o
       260         34          0          4          0        380   systick.o
        24          8          0          4          0       1346   timer0a.o
       120         28          0          4          0       1685   timer1a.o
       120         28          0          4          0       1685   timer2a.o
       120         30          0          4          0       1685   timer3a.o
       120         30          0          4          0       1685   timer4a.o
       120         28          0          4          0       1685   timer5a.o
       964        142          0         16       2048      11282   uart0int.o
        24          8          0          4          0       1090   wtimer0a.o

    ----------------------------------------------------------------------
     29122       3798       2636        348      29352     224237   Object Totals
         0          0         32          0          0          0   (incl. Generated)
        42          0          4          5          0          0   (incl. Padding)

    ----------------------------------------------------------------------

      Code (inc. data)   RO Data    RW Data    ZI Data      Debug   Library Member Name

        58          0          0          0          0          0   __dczerorl.o
        28          0          0          0          0         68   _chval.o
       158          0          0          0          0         92   _strtoul.o
        26          0          0          0          0         80   atoi.o
         8          4        133          0          0         68   ctype_o.o
         0          0          0          0          0          0   entry.o
         0          0          0          0          0          0   entry10a.o
         0          0          0          0          0          0   entry11a.o
         8          4          0          0          0          0   entry2.o
         4          0          0          0          0          0   entry5.o
         0          0          0          0          0          0   entry7b.o
         0          0          0          0          0          0   entry8b.o
         8          4          0          0          0          0   entry9a.o
         8          4          0          4          0         68   errno.o
        30          0          0          0          0          0   handlers.o
        36          8          0          0          0         68   init.o
        36          0          0          0          0         68   memcpya.o
       390         10          0          0          0        252   printf1.o
        28          0          0          0          0         76   strcmp.o
        14          0          0          0          0         68   strlen.o
       112          0          0          0          0         88   strtol.o
        44          0          0          0          0         80   uidiv.o

    ----------------------------------------------------------------------
       998         34        136          4          0       1076   Library Totals
         2          0          3          0          0          0   (incl. Padding)

    ----------------------------------------------------------------------

      Code (inc. data)   RO Data    RW Data    ZI Data      Debug   Library Name

       996         34        133          4          0       1076   mc_w.l

    ----------------------------------------------------------------------
       998         34        136          4          0       1076   Library Totals

    ----------------------------------------------------------------------

==============================================================================


      Code (inc. data)   RO Data    RW Data    ZI Data      Debug   

     30120       3832       2772        352      29352     212701   Grand Totals
     30120       3832       2772         24      29352     212701   ELF Image Totals (compressed)
     30120       3832       2772         24          0          0   ROM Totals

==============================================================================

    Total RO  Size (Code + RO Data)                32892 (  32.12kB)
    Total RW  Size (RW Data + ZI Data)             29704 (  29.01kB)
    Total ROM Size (Code + RO Data + RW Data)      32916 (  32.14kB)

==============================================================================

