<html>
<body>
<pre>
<h1>µVision Build Log</h1>
<h2>Tool Versions:</h2>
IDE-Version: µVision V5.29.0.0
Copyright (C) 2019 ARM Ltd and ARM Germany GmbH. All rights reserved.
License Information: Pranav Rama, The University of Texas at Austin, LIC=4ZLKP-6RFIY-D4B7N-YKR4B-LP21Y-W3ZVP
 
Tool Versions:
Toolchain:       MDK-ARM Professional  Version: 5.29.0.0
Toolchain Path:  C:\Keil_v5\ARM\ARMCC\Bin
C Compiler:      Armcc.exe V5.06 update 6 (build 750)
Assembler:       Armasm.exe V5.06 update 6 (build 750)
Linker/Locator:  ArmLink.exe V5.06 update 6 (build 750)
Library Manager: ArmAr.exe V5.06 update 6 (build 750)
Hex Converter:   FromElf.exe V5.06 update 6 (build 750)
CPU DLL:         SARMCM3.DLL V5.29.0.0
Dialog DLL:      DCM.DLL V1.17.3.0
Target DLL:      lmidk-agdi.dll V???
Dialog DLL:      TCM.DLL V1.36.5.0
 
<h2>Project:</h2>
C:\Users\prameen\Downloads\reference\ValvanoWareTM4C123v5 (2)\RTOS_Lab6_Networking\Lab6.uvprojx
Project File Date:  04/24/2020

<h2>Output:</h2>
*** Using Compiler 'V5.06 update 6 (build 750)', folder: 'C:\Keil_v5\ARM\ARMCC\Bin'
Build target 'Lab6'
compiling Interpreter.c...
..\RTOS_Labs_common\Interpreter.c(331): warning:  #177-D: variable "adc"  was declared but never referenced
  	const char* adc = "adcin";
..\RTOS_Labs_common\Interpreter.c(342): warning:  #177-D: variable "ostime"  was declared but never referenced
  	const char* ostime = "ostime";
..\RTOS_Labs_common\Interpreter.c(355): warning:  #177-D: variable "st7735"  was declared but never referenced
  	const char* st7735 = "st7735";
..\RTOS_Labs_common\Interpreter.c: 3 warnings, 0 errors
linking...
Program Size: Code=30012 RO-data=2772 RW-data=336 ZI-data=29352  
".\Lab6.axf" - 0 Error(s), 3 Warning(s).

<h2>Software Packages used:</h2>

Package Vendor: Keil
                http://www.keil.com/pack/Keil.TM4C_DFP.1.1.0.pack
                Keil.TM4C_DFP.1.1.0
                Texas Instruments Tiva C Series Device Support and Examples

<h2>Collection of Component include folders:</h2>
  .\RTE\_Lab6
  C:\Users\prameen\AppData\Local\Arm\Packs\Keil\TM4C_DFP\1.1.0\Device\Include\TM4C123

<h2>Collection of Component Files used:</h2>
Build Time Elapsed:  00:00:01
</pre>
</body>
</html>
